
==========
== CUDA ==
==========

CUDA Version 12.1.1

Container image Copyright (c) 2016-2023, NVIDIA CORPORATION & AFFILIATES. All rights reserved.

This container image and its contents are governed by the NVIDIA Deep Learning Container License.
By pulling and using the container, you accept the terms and conditions of this license:
https://developer.nvidia.com/ngc/nvidia-deep-learning-container-license

A copy of this license is made available in this container at /NGC-DL-CONTAINER-LICENSE for your convenience.

2026-07-16T08:18:19.869425+00:00 job=1/21 run=gs_e5_C001_s3ap_b4907199_a0_r1 views=6 a0p1=15279 a0p5=15160 learning=0
2026-07-16T08:18:21.322199+00:00 job=2/21 run=gs_e5_C001_s3ap_b4907199_a1_r1 views=6 a0p1=18977 a0p5=18981 learning=0
2026-07-16T08:18:22.667450+00:00 job=3/21 run=gs_e5_C001_s3ap_b4907199_a2_r1 views=6 a0p1=18488 a0p5=18502 learning=0
2026-07-16T08:18:23.701241+00:00 job=4/21 run=gs_e5_C001_s3ap_b8568391_a0_r1 views=3 a0p1=342 a0p5=342 learning=0
2026-07-16T08:18:24.703424+00:00 job=5/21 run=gs_e5_C001_s3ap_b8568391_a1_r1 views=3 a0p1=782 a0p5=782 learning=0
2026-07-16T08:18:25.544740+00:00 job=6/21 run=gs_e5_C001_s3ap_b8568391_a2_r1 views=3 a0p1=423 a0p5=423 learning=0
2026-07-16T08:18:26.349901+00:00 job=7/21 run=gs_e5_C001_s3ap_b8568392_a0_r1 views=3 a0p1=235 a0p5=235 learning=0
2026-07-16T08:18:26.969982+00:00 job=8/21 run=gs_e5_C001_s3ap_b8568392_a1_r1 views=3 a0p1=849 a0p5=849 learning=0
2026-07-16T08:18:27.628765+00:00 job=9/21 run=gs_e5_C001_s3ap_b8568392_a2_r1 views=3 a0p1=913 a0p5=913 learning=0
2026-07-16T08:18:28.946643+00:00 job=10/21 run=gs_e5_C001_s3ap_b4907199_a1_dz_p0p5_r1 views=6 a0p1=18948 a0p5=18935 learning=0
2026-07-16T08:18:30.317753+00:00 job=11/21 run=gs_e5_C001_s3ap_b4907199_a1_dz_p1_r1 views=6 a0p1=18627 a0p5=18627 learning=0
2026-07-16T08:18:31.585871+00:00 job=12/21 run=gs_e5_C001_s3ap_b4907199_a1_dz_p2_r1 views=6 a0p1=19419 a0p5=19419 learning=0
2026-07-16T08:18:32.619201+00:00 job=13/21 run=gs_e5_C001_s3ap_b4907199_a1_dz_p4_r1 views=6 a0p1=17518 a0p5=17517 learning=0
2026-07-16T08:18:33.385230+00:00 job=14/21 run=gs_e5_C001_s3ap_b8568391_a1_dz_p0p5_r1 views=3 a0p1=515 a0p5=511 learning=0
2026-07-16T08:18:34.076304+00:00 job=15/21 run=gs_e5_C001_s3ap_b8568391_a1_dz_p1_r1 views=3 a0p1=723 a0p5=723 learning=0
2026-07-16T08:18:34.768501+00:00 job=16/21 run=gs_e5_C001_s3ap_b8568391_a1_dz_p2_r1 views=3 a0p1=691 a0p5=691 learning=0
2026-07-16T08:18:35.428704+00:00 job=17/21 run=gs_e5_C001_s3ap_b8568391_a1_dz_p4_r1 views=3 a0p1=498 a0p5=498 learning=0
2026-07-16T08:18:36.056985+00:00 job=18/21 run=gs_e5_C001_s3ap_b8568392_a1_dz_p0p5_r1 views=3 a0p1=151 a0p5=151 learning=0
2026-07-16T08:18:36.674651+00:00 job=19/21 run=gs_e5_C001_s3ap_b8568392_a1_dz_p1_r1 views=3 a0p1=264 a0p5=264 learning=0
2026-07-16T08:18:37.185982+00:00 job=20/21 run=gs_e5_C001_s3ap_b8568392_a1_dz_p2_r1 views=3 a0p1=772 a0p5=772 learning=0
2026-07-16T08:18:37.757533+00:00 job=21/21 run=gs_e5_C001_s3ap_b8568392_a1_dz_p4_r1 views=3 a0p1=429 a0p5=429 learning=0
