
==========
== CUDA ==
==========

CUDA Version 12.1.1

Container image Copyright (c) 2016-2023, NVIDIA CORPORATION & AFFILIATES. All rights reserved.

This container image and its contents are governed by the NVIDIA Deep Learning Container License.
By pulling and using the container, you accept the terms and conditions of this license:
https://developer.nvidia.com/ngc/nvidia-deep-learning-container-license

A copy of this license is made available in this container at /NGC-DL-CONTAINER-LICENSE for your convenience.

2026-07-16T08:18:19.895748+00:00 job=1/21 run=gs_e5_C001_s3ap_b4907199_a0_r2 views=6 a0p1=15530 a0p5=15348 learning=0
2026-07-16T08:18:21.161878+00:00 job=2/21 run=gs_e5_C001_s3ap_b4907199_a1_r2 views=6 a0p1=17586 a0p5=17578 learning=0
2026-07-16T08:18:22.427043+00:00 job=3/21 run=gs_e5_C001_s3ap_b4907199_a2_r2 views=6 a0p1=17801 a0p5=17796 learning=0
2026-07-16T08:18:23.554687+00:00 job=4/21 run=gs_e5_C001_s3ap_b8568391_a0_r2 views=3 a0p1=288 a0p5=288 learning=0
2026-07-16T08:18:24.609520+00:00 job=5/21 run=gs_e5_C001_s3ap_b8568391_a1_r2 views=3 a0p1=773 a0p5=773 learning=0
2026-07-16T08:18:25.399083+00:00 job=6/21 run=gs_e5_C001_s3ap_b8568391_a2_r2 views=3 a0p1=237 a0p5=237 learning=0
2026-07-16T08:18:26.275181+00:00 job=7/21 run=gs_e5_C001_s3ap_b8568392_a0_r2 views=3 a0p1=257 a0p5=257 learning=0
2026-07-16T08:18:27.036077+00:00 job=8/21 run=gs_e5_C001_s3ap_b8568392_a1_r2 views=3 a0p1=912 a0p5=912 learning=0
2026-07-16T08:18:27.656752+00:00 job=9/21 run=gs_e5_C001_s3ap_b8568392_a2_r2 views=3 a0p1=1322 a0p5=1322 learning=0
2026-07-16T08:18:28.902509+00:00 job=10/21 run=gs_e5_C001_s3ap_b4907199_a1_dz_m0p5_r1 views=6 a0p1=18582 a0p5=18582 learning=0
2026-07-16T08:18:30.339125+00:00 job=11/21 run=gs_e5_C001_s3ap_b4907199_a1_dz_m1_r1 views=6 a0p1=17880 a0p5=17330 learning=0
2026-07-16T08:18:31.903568+00:00 job=12/21 run=gs_e5_C001_s3ap_b4907199_a1_dz_m2_r1 views=6 a0p1=17422 a0p5=17422 learning=0
2026-07-16T08:18:33.000765+00:00 job=13/21 run=gs_e5_C001_s3ap_b4907199_a1_dz_m4_r1 views=6 a0p1=18923 a0p5=18904 learning=0
2026-07-16T08:18:33.750119+00:00 job=14/21 run=gs_e5_C001_s3ap_b8568391_a1_dz_m0p5_r1 views=3 a0p1=649 a0p5=649 learning=0
2026-07-16T08:18:34.449167+00:00 job=15/21 run=gs_e5_C001_s3ap_b8568391_a1_dz_m1_r1 views=3 a0p1=700 a0p5=700 learning=0
2026-07-16T08:18:35.109005+00:00 job=16/21 run=gs_e5_C001_s3ap_b8568391_a1_dz_m2_r1 views=3 a0p1=569 a0p5=569 learning=0
2026-07-16T08:18:35.801344+00:00 job=17/21 run=gs_e5_C001_s3ap_b8568391_a1_dz_m4_r1 views=3 a0p1=115 a0p5=115 learning=0
2026-07-16T08:18:36.408376+00:00 job=18/21 run=gs_e5_C001_s3ap_b8568392_a1_dz_m0p5_r1 views=3 a0p1=942 a0p5=942 learning=0
2026-07-16T08:18:36.994170+00:00 job=19/21 run=gs_e5_C001_s3ap_b8568392_a1_dz_m1_r1 views=3 a0p1=867 a0p5=867 learning=0
2026-07-16T08:18:37.516154+00:00 job=20/21 run=gs_e5_C001_s3ap_b8568392_a1_dz_m2_r1 views=3 a0p1=552 a0p5=552 learning=0
2026-07-16T08:18:38.080599+00:00 job=21/21 run=gs_e5_C001_s3ap_b8568392_a1_dz_m4_r1 views=3 a0p1=412 a0p5=412 learning=0
