=== baseline ===
[baseline] grouping...
  wrote baseline_v5083_vert_wall.png  N=1655833  frac_green=21.0%
  wrote baseline_v5368_vert_wall.png  N=1655833  frac_green=21.0%
  wrote baseline_v5083_horiz_terrain.png  N=612297  frac_green=95.5%
  wrote baseline_v5368_horiz_terrain.png  N=612297  frac_green=95.5%
  wrote baseline_v5083_horiz_roof.png  N=2910912  frac_green=91.7%
  wrote baseline_v5368_horiz_roof.png  N=2910912  frac_green=91.7%
  wrote baseline_v5083_group_dev.png  N=3618860  frac_green=47.5%
  wrote baseline_v5368_group_dev.png  N=3618860  frac_green=47.5%
  wrote baseline_v5083_coplanar_dev.png  N=3618860  frac_green=95.5%
  wrote baseline_v5368_coplanar_dev.png  N=3618860  frac_green=95.5%
=== mutual ===
[mutual] grouping...
  wrote mutual_v5083_vert_wall.png  N=651543  frac_green=93.5%
  wrote mutual_v5368_vert_wall.png  N=651543  frac_green=93.5%
  wrote mutual_v5083_horiz_terrain.png  N=441235  frac_green=99.5%
  wrote mutual_v5368_horiz_terrain.png  N=441235  frac_green=99.5%
  wrote mutual_v5083_horiz_roof.png  N=3120607  frac_green=56.0%
  wrote mutual_v5368_horiz_roof.png  N=3120607  frac_green=56.0%
  wrote mutual_v5083_group_dev.png  N=2698611  frac_green=36.4%
  wrote mutual_v5368_group_dev.png  N=2698611  frac_green=36.4%
  wrote mutual_v5083_coplanar_dev.png  N=2698611  frac_green=94.3%
  wrote mutual_v5368_coplanar_dev.png  N=2698611  frac_green=94.3%
=== structure ===
[structure] grouping...
  wrote structure_v5083_vert_wall.png  N=1657822  frac_green=21.0%
  wrote structure_v5368_vert_wall.png  N=1657822  frac_green=21.0%
  wrote structure_v5083_horiz_terrain.png  N=609824  frac_green=96.7%
  wrote structure_v5368_horiz_terrain.png  N=609824  frac_green=96.7%
  wrote structure_v5083_horiz_roof.png  N=2913667  frac_green=93.5%
  wrote structure_v5368_horiz_roof.png  N=2913667  frac_green=93.5%
  wrote structure_v5083_group_dev.png  N=3752046  frac_green=69.8%
  wrote structure_v5368_group_dev.png  N=3752046  frac_green=69.8%
  wrote structure_v5083_coplanar_dev.png  N=3752046  frac_green=97.5%
  wrote structure_v5368_coplanar_dev.png  N=3752046  frac_green=97.5%
=== both ===
[both] grouping...
  wrote both_v5083_vert_wall.png  N=660268  frac_green=93.6%
  wrote both_v5368_vert_wall.png  N=660268  frac_green=93.6%
  wrote both_v5083_horiz_terrain.png  N=455464  frac_green=99.5%
  wrote both_v5368_horiz_terrain.png  N=455464  frac_green=99.5%
  wrote both_v5083_horiz_roof.png  N=3141410  frac_green=59.6%
  wrote both_v5368_horiz_roof.png  N=3141410  frac_green=59.6%
  wrote both_v5083_group_dev.png  N=2843152  frac_green=60.1%
  wrote both_v5368_group_dev.png  N=2843152  frac_green=60.1%
  wrote both_v5083_coplanar_dev.png  N=2843152  frac_green=97.2%
  wrote both_v5368_coplanar_dev.png  N=2843152  frac_green=97.2%
=== DONE ===
