=== baseline ===
[tw_baseline] loading results/phase1_semantic/run/ckpt/final.pt
  primitives: 5270672
  bbox lo=[-1.8 -0.9 -0.1] hi=[1.2 2.1 3.2]
  after crop: 331540
  grouping (voxel=0.05)...
  groups: 254562, in-group: 3618860/5270672 (68.7%)
  wrote tw_baseline_top_group.png
  wrote tw_baseline_top_normal.png
  wrote tw_baseline_top_semantic.png
  wrote tw_baseline_front_group.png
  wrote tw_baseline_front_normal.png
  wrote tw_baseline_front_semantic.png
  wrote tw_baseline_oblique_group.png
  wrote tw_baseline_oblique_normal.png
  wrote tw_baseline_oblique_semantic.png
=== mutual ===
[tw_mutual] loading results/phase1_mutual/run/ckpt/final.pt
  primitives: 5212551
  bbox lo=[-1.8 -0.9 -0.1] hi=[1.2 2.1 3.2]
  after crop: 327309
  grouping (voxel=0.05)...
  groups: 224028, in-group: 2698611/5212551 (51.8%)
  wrote tw_mutual_top_group.png
  wrote tw_mutual_top_normal.png
  wrote tw_mutual_top_semantic.png
  wrote tw_mutual_front_group.png
  wrote tw_mutual_front_normal.png
  wrote tw_mutual_front_semantic.png
  wrote tw_mutual_oblique_group.png
  wrote tw_mutual_oblique_normal.png
  wrote tw_mutual_oblique_semantic.png
=== structure ===
[tw_structure] loading results/phase1_structure/run/ckpt/final.pt
  primitives: 5274035
  bbox lo=[-1.8 -0.9 -0.1] hi=[1.2 2.1 3.2]
  after crop: 331013
  grouping (voxel=0.05)...
  groups: 248885, in-group: 3752046/5274035 (71.1%)
  wrote tw_structure_top_group.png
  wrote tw_structure_top_normal.png
  wrote tw_structure_top_semantic.png
  wrote tw_structure_front_group.png
  wrote tw_structure_front_normal.png
  wrote tw_structure_front_semantic.png
  wrote tw_structure_oblique_group.png
  wrote tw_structure_oblique_normal.png
  wrote tw_structure_oblique_semantic.png
=== both ===
[tw_both] loading results/phase1_ablation/run/ckpt/final.pt
  primitives: 5263854
  bbox lo=[-1.8 -0.9 -0.1] hi=[1.2 2.1 3.2]
  after crop: 331979
  grouping (voxel=0.05)...
  groups: 222398, in-group: 2843152/5263854 (54.0%)
  wrote tw_both_top_group.png
  wrote tw_both_top_normal.png
  wrote tw_both_top_semantic.png
  wrote tw_both_front_group.png
  wrote tw_both_front_normal.png
  wrote tw_both_front_semantic.png
  wrote tw_both_oblique_group.png
  wrote tw_both_oblique_normal.png
  wrote tw_both_oblique_semantic.png
=== DONE ===
