2026-07-16T15:19:59.865229+00:00 prepare start learning_runs_started=0
2026-07-16T15:20:06.412703+00:00 prepare population evaluation=178 support=185 cameras=937
2026-07-16T15:20:09.733168+00:00 prepare progress 10/185 jobs=10
2026-07-16T15:20:13.115724+00:00 prepare progress 20/185 jobs=20
2026-07-16T15:20:16.550010+00:00 prepare progress 30/185 jobs=30
2026-07-16T15:20:20.052512+00:00 prepare progress 40/185 jobs=40
2026-07-16T15:20:23.704601+00:00 prepare progress 50/185 jobs=50
2026-07-16T15:20:27.421813+00:00 prepare progress 60/185 jobs=60
2026-07-16T15:20:31.381313+00:00 prepare progress 70/185 jobs=70
2026-07-16T15:20:36.177918+00:00 prepare progress 80/185 jobs=80
2026-07-16T15:20:40.372358+00:00 prepare progress 90/185 jobs=90
2026-07-16T15:20:43.904100+00:00 prepare progress 100/185 jobs=100
2026-07-16T15:20:47.497950+00:00 prepare progress 110/185 jobs=110
2026-07-16T15:20:51.140589+00:00 prepare progress 120/185 jobs=120
2026-07-16T15:20:55.148911+00:00 prepare progress 130/185 jobs=130
2026-07-16T15:20:59.238433+00:00 prepare progress 140/185 jobs=140
2026-07-16T15:21:03.400211+00:00 prepare progress 150/185 jobs=150
2026-07-16T15:21:07.248124+00:00 prepare progress 160/185 jobs=160
2026-07-16T15:21:11.256190+00:00 prepare progress 170/185 jobs=170
2026-07-16T15:21:15.528547+00:00 prepare progress 180/185 jobs=180
2026-07-16T15:21:17.594102+00:00 prepare progress 185/185 jobs=185
2026-07-16T15:21:17.837700+00:00 prepare complete evaluation=178 support=185 jobs=185 learning_runs_started=0
2026-07-16T15:23:40.429631+00:00 finalize start learning_runs_started=0
2026-07-16T15:23:41.048652+00:00 finalize complete metrics=178 ladder=178 match_rows=185 second_wave=0 learning_runs_started=0
