2026-07-16T15:13:22.876803+00:00 start models=195 gs=191 learning_runs_started=0
2026-07-16T15:13:29.259824+00:00 model 1/195 als_w2_1
2026-07-16T15:13:30.540290+00:00 model 2/195 canonical_dense_run_2
2026-07-16T15:13:31.235978+00:00 model 3/195 canonical_dense_w2_1
2026-07-16T15:13:32.304989+00:00 model 4/195 e5p_3b_s1_20260708_C001:base:gs_e5_C001_s1_acmp_r1:run_1
2026-07-16T15:13:34.886377+00:00 model 5/195 e5p_3b_s1_20260708_C001:base:gs_e5_C001_s1_dense_r1:run_1
2026-07-16T15:13:37.223881+00:00 model 6/195 e5p_3b_s1_20260708_C001:base:gs_e5_C001_s1_sparse_r1:run_1
2026-07-16T15:13:39.674982+00:00 model 7/195 e5p_3b_s1_20260708_C001:voxel02:gs_e5_C001_s1_acmp_r1:run_1
2026-07-16T15:13:40.997364+00:00 model 8/195 e5p_3b_s1_20260708_C001:voxel02:gs_e5_C001_s1_dense_r1:run_1
2026-07-16T15:13:41.907108+00:00 model 9/195 e5p_3b_s1_20260708_C001:voxel02:gs_e5_C001_s1_sparse_r1:run_1
2026-07-16T15:13:43.411052+00:00 model 10/195 e5p_405_repair_20260709_C001:e5p_3b_s1_20260708_C001:base:gs_e5_C001_s1_acmp_r1:run_1
2026-07-16T15:13:45.981540+00:00 model 11/195 e5p_405_repair_20260709_C001:e5p_3b_s1_20260708_C001:base:gs_e5_C001_s1_dense_r1:run_1
2026-07-16T15:13:48.304322+00:00 model 12/195 e5p_405_repair_20260709_C001:e5p_3b_s1_20260708_C001:base:gs_e5_C001_s1_sparse_r1:run_1
2026-07-16T15:13:50.697026+00:00 model 13/195 e5p_405_repair_20260709_C001:e5p_3b_s1_20260708_C001:voxel02:gs_e5_C001_s1_acmp_r1:run_1
2026-07-16T15:13:51.985190+00:00 model 14/195 e5p_405_repair_20260709_C001:e5p_3b_s1_20260708_C001:voxel02:gs_e5_C001_s1_dense_r1:run_1
2026-07-16T15:13:52.865426+00:00 model 15/195 e5p_405_repair_20260709_C001:e5p_3b_s1_20260708_C001:voxel02:gs_e5_C001_s1_sparse_r1:run_1
2026-07-16T15:13:54.354720+00:00 model 16/195 e5p_405_repair_20260709_C001:e5p_corrected_s1_20260709_C001:base:gs_e5_C001_corrected_s1_acmp_r1:run_1
2026-07-16T15:13:56.885130+00:00 model 17/195 e5p_405_repair_20260709_C001:e5p_corrected_s1_20260709_C001:base:gs_e5_C001_corrected_s1_dense_r1:run_1
2026-07-16T15:13:59.006507+00:00 model 18/195 e5p_405_repair_20260709_C001:e5p_corrected_s1_20260709_C001:base:gs_e5_C001_corrected_s1_sparse_r1:run_1
2026-07-16T15:14:01.171050+00:00 model 19/195 e5p_405_repair_20260709_C001:e5p_corrected_s1_20260709_C001:voxel02:gs_e5_C001_corrected_s1_acmp_r1:run_1
2026-07-16T15:14:02.405327+00:00 model 20/195 e5p_405_repair_20260709_C001:e5p_corrected_s1_20260709_C001:voxel02:gs_e5_C001_corrected_s1_dense_r1:run_1
2026-07-16T15:14:03.173510+00:00 model 21/195 e5p_405_repair_20260709_C001:e5p_corrected_s1_20260709_C001:voxel02:gs_e5_C001_corrected_s1_sparse_r1:run_1
2026-07-16T15:14:04.416653+00:00 model 22/195 e5p_405_repair_20260709_C001:e5p_corrected_s1_recheck_20260709_C001:base:gs_e5_C001_corrected_s1_preprune_keepall_acmp_r1:run_1
2026-07-16T15:14:07.009519+00:00 model 23/195 e5p_405_repair_20260709_C001:e5p_corrected_s1_recheck_20260709_C001:base:gs_e5_C001_corrected_s1_preprune_keepall_dense_r1:run_1
2026-07-16T15:14:09.090811+00:00 model 24/195 e5p_405_repair_20260709_C001:e5p_corrected_s1_recheck_20260709_C001:base:gs_e5_C001_corrected_s1_preprune_keepall_sparse_r1:run_1
2026-07-16T15:14:11.446336+00:00 model 25/195 e5p_405_repair_20260709_C001:e5p_corrected_s1_recheck_20260709_C001:base:gs_e5_C001_corrected_s1_preprune_mid20k_acmp_r1:run_1
2026-07-16T15:14:14.056322+00:00 model 26/195 e5p_405_repair_20260709_C001:e5p_corrected_s1_recheck_20260709_C001:base:gs_e5_C001_corrected_s1_preprune_mid20k_dense_r1:run_1
2026-07-16T15:14:16.221933+00:00 model 27/195 e5p_405_repair_20260709_C001:e5p_corrected_s1_recheck_20260709_C001:base:gs_e5_C001_corrected_s1_preprune_mid20k_sparse_r1:run_1
2026-07-16T15:14:18.645415+00:00 model 28/195 e5p_405_repair_20260709_C001:e5p_corrected_s1_recheck_20260709_C001:base:gs_e5_C001_corrected_s1_preprune_opa001_acmp_r1:run_1
2026-07-16T15:14:21.317678+00:00 model 29/195 e5p_405_repair_20260709_C001:e5p_corrected_s1_recheck_20260709_C001:base:gs_e5_C001_corrected_s1_preprune_opa001_dense_r1:run_1
2026-07-16T15:14:23.365192+00:00 model 30/195 e5p_405_repair_20260709_C001:e5p_corrected_s1_recheck_20260709_C001:base:gs_e5_C001_corrected_s1_preprune_opa001_sparse_r1:run_1
2026-07-16T15:14:25.754319+00:00 model 31/195 e5p_405_repair_20260709_C001:e5p_corrected_s1_recheck_20260709_C001:base:gs_e5_C001_corrected_s1_preprune_opa002_acmp_r1:run_1
2026-07-16T15:14:28.431496+00:00 model 32/195 e5p_405_repair_20260709_C001:e5p_corrected_s1_recheck_20260709_C001:base:gs_e5_C001_corrected_s1_preprune_opa002_dense_r1:run_1
2026-07-16T15:14:30.497310+00:00 model 33/195 e5p_405_repair_20260709_C001:e5p_corrected_s1_recheck_20260709_C001:base:gs_e5_C001_corrected_s1_preprune_opa002_sparse_r1:run_1
2026-07-16T15:14:32.841375+00:00 model 34/195 e5p_405_repair_20260709_C001:e5p_corrected_s1_recheck_20260709_C001:base:gs_e5_C001_corrected_s1_preprune_opa005_acmp_r1:run_1
2026-07-16T15:14:35.349005+00:00 model 35/195 e5p_405_repair_20260709_C001:e5p_corrected_s1_recheck_20260709_C001:base:gs_e5_C001_corrected_s1_preprune_opa005_dense_r1:run_1
2026-07-16T15:14:37.407122+00:00 model 36/195 e5p_405_repair_20260709_C001:e5p_corrected_s1_recheck_20260709_C001:base:gs_e5_C001_corrected_s1_preprune_opa005_sparse_r1:run_1
2026-07-16T15:14:39.872886+00:00 model 37/195 e5p_405_repair_20260709_C001:e5p_corrected_s1_recheck_20260709_C001:voxel02:gs_e5_C001_corrected_s1_preprune_keepall_dense_r1:run_1
2026-07-16T15:14:41.153939+00:00 model 38/195 e5p_405_repair_20260709_C001:e5p_s1_full_factor_20260709_C001:base:gs_e5_C001_s1fac_w100_p005_dense_r1:run_1
2026-07-16T15:14:43.198978+00:00 model 39/195 e5p_405_repair_20260709_C001:e5p_s1_full_factor_20260709_C001:base:gs_e5_C001_s1fac_w100_p050_dense_reuse:run_1
2026-07-16T15:14:45.272805+00:00 model 40/195 e5p_405_repair_20260709_C001:e5p_s1_full_factor_20260709_C001:base:gs_e5_C001_s1fac_w240_p005_dense_r1:run_1
2026-07-16T15:14:47.446892+00:00 model 41/195 e5p_405_repair_20260709_C001:e5p_s1_full_factor_20260709_C001:base:gs_e5_C001_s1fac_w240_p050_dense_r1:run_1
2026-07-16T15:14:49.846457+00:00 model 42/195 e5p_corrected_s1_20260709_C001:base:gs_e5_C001_corrected_s1_acmp_r1:run_1
2026-07-16T15:14:52.379638+00:00 model 43/195 e5p_corrected_s1_20260709_C001:base:gs_e5_C001_corrected_s1_dense_r1:run_1
2026-07-16T15:14:54.465652+00:00 model 44/195 e5p_corrected_s1_20260709_C001:base:gs_e5_C001_corrected_s1_sparse_r1:run_1
2026-07-16T15:14:56.607585+00:00 model 45/195 e5p_corrected_s1_20260709_C001:voxel02:gs_e5_C001_corrected_s1_acmp_r1:run_1
2026-07-16T15:14:57.885798+00:00 model 46/195 e5p_corrected_s1_20260709_C001:voxel02:gs_e5_C001_corrected_s1_dense_r1:run_1
2026-07-16T15:14:58.703905+00:00 model 47/195 e5p_corrected_s1_20260709_C001:voxel02:gs_e5_C001_corrected_s1_sparse_r1:run_1
2026-07-16T15:15:00.004554+00:00 model 48/195 e5p_corrected_s1_recheck_20260709_C001:base:gs_e5_C001_corrected_s1_preprune_keepall_acmp_r1:run_1
2026-07-16T15:15:02.671841+00:00 model 49/195 e5p_corrected_s1_recheck_20260709_C001:base:gs_e5_C001_corrected_s1_preprune_keepall_dense_r1:run_1
2026-07-16T15:15:04.783171+00:00 model 50/195 e5p_corrected_s1_recheck_20260709_C001:base:gs_e5_C001_corrected_s1_preprune_keepall_sparse_r1:run_1
2026-07-16T15:15:07.189152+00:00 model 51/195 e5p_corrected_s1_recheck_20260709_C001:base:gs_e5_C001_corrected_s1_preprune_mid20k_acmp_r1:run_1
2026-07-16T15:15:09.879462+00:00 model 52/195 e5p_corrected_s1_recheck_20260709_C001:base:gs_e5_C001_corrected_s1_preprune_mid20k_dense_r1:run_1
2026-07-16T15:15:12.023491+00:00 model 53/195 e5p_corrected_s1_recheck_20260709_C001:base:gs_e5_C001_corrected_s1_preprune_mid20k_sparse_r1:run_1
2026-07-16T15:15:14.489461+00:00 model 54/195 e5p_corrected_s1_recheck_20260709_C001:base:gs_e5_C001_corrected_s1_preprune_opa001_acmp_r1:run_1
2026-07-16T15:15:17.181767+00:00 model 55/195 e5p_corrected_s1_recheck_20260709_C001:base:gs_e5_C001_corrected_s1_preprune_opa001_dense_r1:run_1
2026-07-16T15:15:19.270255+00:00 model 56/195 e5p_corrected_s1_recheck_20260709_C001:base:gs_e5_C001_corrected_s1_preprune_opa001_sparse_r1:run_1
2026-07-16T15:15:21.661713+00:00 model 57/195 e5p_corrected_s1_recheck_20260709_C001:base:gs_e5_C001_corrected_s1_preprune_opa002_acmp_r1:run_1
2026-07-16T15:15:24.358973+00:00 model 58/195 e5p_corrected_s1_recheck_20260709_C001:base:gs_e5_C001_corrected_s1_preprune_opa002_dense_r1:run_1
2026-07-16T15:15:26.405270+00:00 model 59/195 e5p_corrected_s1_recheck_20260709_C001:base:gs_e5_C001_corrected_s1_preprune_opa002_sparse_r1:run_1
2026-07-16T15:15:28.836866+00:00 model 60/195 e5p_corrected_s1_recheck_20260709_C001:base:gs_e5_C001_corrected_s1_preprune_opa005_acmp_r1:run_1
2026-07-16T15:15:31.441280+00:00 model 61/195 e5p_corrected_s1_recheck_20260709_C001:base:gs_e5_C001_corrected_s1_preprune_opa005_dense_r1:run_1
2026-07-16T15:15:33.511691+00:00 model 62/195 e5p_corrected_s1_recheck_20260709_C001:base:gs_e5_C001_corrected_s1_preprune_opa005_sparse_r1:run_1
2026-07-16T15:15:35.881139+00:00 model 63/195 e5p_corrected_s1_recheck_20260709_C001:voxel02:gs_e5_C001_corrected_s1_preprune_keepall_dense_r1:run_1
2026-07-16T15:15:37.159037+00:00 model 64/195 e5p_gate_20260707_C001:base:gs_e5_C001_acmp_r1:run_1
2026-07-16T15:15:39.345295+00:00 model 65/195 e5p_gate_20260707_C001:base:gs_e5_C001_acmp_r1:run_2
2026-07-16T15:15:41.562199+00:00 model 66/195 e5p_gate_20260707_C001:base:gs_e5_C001_acmp_r1:run_3
2026-07-16T15:15:43.709263+00:00 model 67/195 e5p_gate_20260707_C001:base:gs_e5_C001_acmp_r2:run_1
2026-07-16T15:15:46.274833+00:00 model 68/195 e5p_gate_20260707_C001:base:gs_e5_C001_acmp_r2:run_2
2026-07-16T15:15:48.842505+00:00 model 69/195 e5p_gate_20260707_C001:base:gs_e5_C001_acmp_r2:run_3
2026-07-16T15:15:51.407943+00:00 model 70/195 e5p_gate_20260707_C001:base:gs_e5_C001_dense_r1:run_1
2026-07-16T15:15:53.376144+00:00 model 71/195 e5p_gate_20260707_C001:base:gs_e5_C001_dense_r1:run_2
2026-07-16T15:15:55.371917+00:00 model 72/195 e5p_gate_20260707_C001:base:gs_e5_C001_dense_r1:run_3
2026-07-16T15:15:57.385322+00:00 model 73/195 e5p_gate_20260707_C001:base:gs_e5_C001_dense_r2:run_1
2026-07-16T15:15:59.742569+00:00 model 74/195 e5p_gate_20260707_C001:base:gs_e5_C001_dense_r2:run_2
2026-07-16T15:16:02.108654+00:00 model 75/195 e5p_gate_20260707_C001:base:gs_e5_C001_dense_r2:run_3
2026-07-16T15:16:04.490516+00:00 model 76/195 e5p_gate_20260707_C001:base:gs_e5_C001_sparse_r1:run_1
2026-07-16T15:16:06.704001+00:00 model 77/195 e5p_gate_20260707_C001:base:gs_e5_C001_sparse_r1:run_2
2026-07-16T15:16:08.877793+00:00 model 78/195 e5p_gate_20260707_C001:base:gs_e5_C001_sparse_r1:run_3
2026-07-16T15:16:11.052637+00:00 model 79/195 e5p_gate_20260707_C001:base:gs_e5_C001_sparse_r2:run_1
2026-07-16T15:16:13.429496+00:00 model 80/195 e5p_gate_20260707_C001:base:gs_e5_C001_sparse_r2:run_2
2026-07-16T15:16:15.856193+00:00 model 81/195 e5p_gate_20260707_C001:base:gs_e5_C001_sparse_r2:run_3
2026-07-16T15:16:18.283224+00:00 model 82/195 e5p_readout_ablation_20260708_C001:base:gs_e5_C001_acmp_r1:run_1
2026-07-16T15:16:20.881920+00:00 model 83/195 e5p_readout_ablation_20260708_C001:base:gs_e5_C001_acmp_r2:run_1
2026-07-16T15:16:23.587083+00:00 model 84/195 e5p_readout_ablation_20260708_C001:base:gs_e5_C001_dense_r1:run_1
2026-07-16T15:16:26.048607+00:00 model 85/195 e5p_readout_ablation_20260708_C001:base:gs_e5_C001_dense_r2:run_1
2026-07-16T15:16:28.656186+00:00 model 86/195 e5p_readout_ablation_20260708_C001:base:gs_e5_C001_sparse_r1:run_1
2026-07-16T15:16:31.307282+00:00 model 87/195 e5p_readout_ablation_20260708_C001:base:gs_e5_C001_sparse_r2:run_1
2026-07-16T15:16:33.695031+00:00 model 88/195 e5p_readout_ablation_20260708_C001:minobs1:gs_e5_C001_acmp_r1:run_1
2026-07-16T15:16:36.933402+00:00 model 89/195 e5p_readout_ablation_20260708_C001:minobs1:gs_e5_C001_acmp_r2:run_1
2026-07-16T15:16:40.346747+00:00 model 90/195 e5p_readout_ablation_20260708_C001:minobs1:gs_e5_C001_dense_r1:run_1
2026-07-16T15:16:43.786869+00:00 model 91/195 e5p_readout_ablation_20260708_C001:minobs1:gs_e5_C001_dense_r2:run_1
2026-07-16T15:16:47.124079+00:00 model 92/195 e5p_readout_ablation_20260708_C001:minobs1:gs_e5_C001_sparse_r1:run_1
2026-07-16T15:16:50.617315+00:00 model 93/195 e5p_readout_ablation_20260708_C001:minobs1:gs_e5_C001_sparse_r2:run_1
2026-07-16T15:16:54.010461+00:00 model 94/195 e5p_readout_ablation_20260708_C001:minobs2:gs_e5_C001_acmp_r1:run_1
2026-07-16T15:16:57.031662+00:00 model 95/195 e5p_readout_ablation_20260708_C001:minobs2:gs_e5_C001_acmp_r2:run_1
2026-07-16T15:17:00.005287+00:00 model 96/195 e5p_readout_ablation_20260708_C001:minobs2:gs_e5_C001_dense_r1:run_1
2026-07-16T15:17:02.845986+00:00 model 97/195 e5p_readout_ablation_20260708_C001:minobs2:gs_e5_C001_dense_r2:run_1
2026-07-16T15:17:05.683694+00:00 model 98/195 e5p_readout_ablation_20260708_C001:minobs2:gs_e5_C001_sparse_r1:run_1
2026-07-16T15:17:08.632120+00:00 model 99/195 e5p_readout_ablation_20260708_C001:minobs2:gs_e5_C001_sparse_r2:run_1
2026-07-16T15:17:11.490464+00:00 model 100/195 e5p_readout_ablation_20260708_C001:relaxed:gs_e5_C001_acmp_r1:run_1
2026-07-16T15:17:14.815293+00:00 model 101/195 e5p_readout_ablation_20260708_C001:relaxed:gs_e5_C001_acmp_r2:run_1
2026-07-16T15:17:18.219854+00:00 model 102/195 e5p_readout_ablation_20260708_C001:relaxed:gs_e5_C001_dense_r1:run_1
2026-07-16T15:17:21.661147+00:00 model 103/195 e5p_readout_ablation_20260708_C001:relaxed:gs_e5_C001_dense_r2:run_1
2026-07-16T15:17:25.036027+00:00 model 104/195 e5p_readout_ablation_20260708_C001:relaxed:gs_e5_C001_sparse_r1:run_1
2026-07-16T15:17:28.498589+00:00 model 105/195 e5p_readout_ablation_20260708_C001:relaxed:gs_e5_C001_sparse_r2:run_1
2026-07-16T15:17:31.891671+00:00 model 106/195 e5p_readout_ablation_20260708_C001:sor_off:gs_e5_C001_acmp_r1:run_1
2026-07-16T15:17:34.755642+00:00 model 107/195 e5p_readout_ablation_20260708_C001:sor_off:gs_e5_C001_acmp_r2:run_1
2026-07-16T15:17:37.493959+00:00 model 108/195 e5p_readout_ablation_20260708_C001:sor_off:gs_e5_C001_dense_r1:run_1
2026-07-16T15:17:40.244689+00:00 model 109/195 e5p_readout_ablation_20260708_C001:sor_off:gs_e5_C001_dense_r2:run_1
2026-07-16T15:17:43.036634+00:00 model 110/195 e5p_readout_ablation_20260708_C001:sor_off:gs_e5_C001_sparse_r1:run_1
2026-07-16T15:17:45.817778+00:00 model 111/195 e5p_readout_ablation_20260708_C001:sor_off:gs_e5_C001_sparse_r2:run_1
2026-07-16T15:17:48.508616+00:00 model 112/195 e5p_readout_ablation_20260708_C001:sor_weak:gs_e5_C001_acmp_r1:run_1
2026-07-16T15:17:51.361271+00:00 model 113/195 e5p_readout_ablation_20260708_C001:sor_weak:gs_e5_C001_acmp_r2:run_1
2026-07-16T15:17:54.136330+00:00 model 114/195 e5p_readout_ablation_20260708_C001:sor_weak:gs_e5_C001_dense_r1:run_1
2026-07-16T15:17:56.936624+00:00 model 115/195 e5p_readout_ablation_20260708_C001:sor_weak:gs_e5_C001_dense_r2:run_1
2026-07-16T15:17:59.656575+00:00 model 116/195 e5p_readout_ablation_20260708_C001:sor_weak:gs_e5_C001_sparse_r1:run_1
2026-07-16T15:18:02.399792+00:00 model 117/195 e5p_readout_ablation_20260708_C001:sor_weak:gs_e5_C001_sparse_r2:run_1
2026-07-16T15:18:05.083689+00:00 model 118/195 e5p_readout_ablation_20260708_C001:voxel02:gs_e5_C001_acmp_r1:run_1
2026-07-16T15:18:05.994386+00:00 model 119/195 e5p_readout_ablation_20260708_C001:voxel02:gs_e5_C001_acmp_r2:run_1
2026-07-16T15:18:06.921464+00:00 model 120/195 e5p_readout_ablation_20260708_C001:voxel02:gs_e5_C001_dense_r1:run_1
2026-07-16T15:18:08.177949+00:00 model 121/195 e5p_readout_ablation_20260708_C001:voxel02:gs_e5_C001_dense_r2:run_1
2026-07-16T15:18:09.229009+00:00 model 122/195 e5p_readout_ablation_20260708_C001:voxel02:gs_e5_C001_sparse_r1:run_1
2026-07-16T15:18:10.143319+00:00 model 123/195 e5p_readout_ablation_20260708_C001:voxel02:gs_e5_C001_sparse_r2:run_1
2026-07-16T15:18:11.683751+00:00 model 124/195 e5p_readout_ablation_20260708_C001:voxel03:gs_e5_C001_acmp_r1:run_1
2026-07-16T15:18:13.364015+00:00 model 125/195 e5p_readout_ablation_20260708_C001:voxel03:gs_e5_C001_acmp_r2:run_1
2026-07-16T15:18:15.249375+00:00 model 126/195 e5p_readout_ablation_20260708_C001:voxel03:gs_e5_C001_dense_r1:run_1
2026-07-16T15:18:16.638324+00:00 model 127/195 e5p_readout_ablation_20260708_C001:voxel03:gs_e5_C001_dense_r2:run_1
2026-07-16T15:18:18.260168+00:00 model 128/195 e5p_readout_ablation_20260708_C001:voxel03:gs_e5_C001_sparse_r1:run_1
2026-07-16T15:18:19.987194+00:00 model 129/195 e5p_readout_ablation_20260708_C001:voxel03:gs_e5_C001_sparse_r2:run_1
2026-07-16T15:18:21.815403+00:00 model 130/195 e5p_s1_full_factor_20260709_C001:base:gs_e5_C001_s1fac_w100_p005_dense_r1:run_1
2026-07-16T15:18:23.908195+00:00 model 131/195 e5p_s1_full_factor_20260709_C001:base:gs_e5_C001_s1fac_w100_p050_dense_reuse:run_1
2026-07-16T15:18:26.070966+00:00 model 132/195 e5p_s1_full_factor_20260709_C001:base:gs_e5_C001_s1fac_w240_p005_dense_r1:run_1
2026-07-16T15:18:28.479166+00:00 model 133/195 e5p_s1_full_factor_20260709_C001:base:gs_e5_C001_s1fac_w240_p050_dense_r1:run_1
2026-07-16T15:18:31.047624+00:00 model 134/195 e5p_s2_405_repair_20260710_C001:e5p_s2_direction_position_20260710_C001:base:gs_e5_C001_s2_arm0_dense_r1:run_1
2026-07-16T15:18:33.481187+00:00 model 135/195 e5p_s2_405_repair_20260710_C001:e5p_s2_direction_position_20260710_C001:base:gs_e5_C001_s2_arm0_dense_r2:run_1
2026-07-16T15:18:35.735418+00:00 model 136/195 e5p_s2_405_repair_20260710_C001:e5p_s2_direction_position_20260710_C001:base:gs_e5_C001_s2_arm1_dense_r1:run_1
2026-07-16T15:18:37.862090+00:00 model 137/195 e5p_s2_405_repair_20260710_C001:e5p_s2_direction_position_20260710_C001:base:gs_e5_C001_s2_arm1_dense_r2:run_1
2026-07-16T15:18:39.462081+00:00 model 138/195 e5p_s2_405_repair_20260710_C001:e5p_s2_direction_position_20260710_C001:base:gs_e5_C001_s2_arm2_dense_r1:run_1
2026-07-16T15:18:41.502696+00:00 model 139/195 e5p_s2_405_repair_20260710_C001:e5p_s2_direction_position_20260710_C001:base:gs_e5_C001_s2_arm2_dense_r2:run_1
2026-07-16T15:18:43.442603+00:00 model 140/195 e5p_s2_direction_position_20260710_C001:base:gs_e5_C001_s2_arm0_dense_r1:run_1
2026-07-16T15:18:45.770960+00:00 model 141/195 e5p_s2_direction_position_20260710_C001:base:gs_e5_C001_s2_arm0_dense_r2:run_1
2026-07-16T15:18:48.001474+00:00 model 142/195 e5p_s2_direction_position_20260710_C001:base:gs_e5_C001_s2_arm1_dense_r1:run_1
2026-07-16T15:18:50.122128+00:00 model 143/195 e5p_s2_direction_position_20260710_C001:base:gs_e5_C001_s2_arm1_dense_r2:run_1
2026-07-16T15:18:51.682592+00:00 model 144/195 e5p_s2_direction_position_20260710_C001:base:gs_e5_C001_s2_arm2_dense_r1:run_1
2026-07-16T15:18:53.741768+00:00 model 145/195 e5p_s2_direction_position_20260710_C001:base:gs_e5_C001_s2_arm2_dense_r2:run_1
2026-07-16T15:18:55.645255+00:00 model 146/195 e5p_s2p_405_repair_20260710_C001:e5p_s2p_interaction_20260710_C001:base:gs_e5_C001_s2p_arm1p_dense_r1:run_1
2026-07-16T15:18:58.119042+00:00 model 147/195 e5p_s2p_405_repair_20260710_C001:e5p_s2p_interaction_20260710_C001:base:gs_e5_C001_s2p_arm1p_dense_r2:run_1
2026-07-16T15:19:00.664164+00:00 model 148/195 e5p_s2p_interaction_20260710_C001:base:gs_e5_C001_s2p_arm1p_dense_r1:run_1
2026-07-16T15:19:03.146833+00:00 model 149/195 e5p_s2p_interaction_20260710_C001:base:gs_e5_C001_s2p_arm1p_dense_r2:run_1
2026-07-16T15:19:05.680984+00:00 model 150/195 e5p_s3a_405_repair_20260713_C001:e5p_s3a_semantic_guided_20260713_C001:base:gs_e5_C001_s3a_semantic_guided_r1:run_1
2026-07-16T15:19:07.741545+00:00 model 151/195 e5p_s3a_405_repair_20260713_C001:e5p_s3a_semantic_guided_20260713_C001:base:gs_e5_C001_s3a_semantic_guided_r2:run_1
2026-07-16T15:19:10.138716+00:00 model 152/195 e5p_s3a_semantic_guided_20260713_C001:base:gs_e5_C001_s3a_semantic_guided_r1:run_1
2026-07-16T15:19:12.184124+00:00 model 153/195 e5p_s3a_semantic_guided_20260713_C001:base:gs_e5_C001_s3a_semantic_guided_r2:run_1
2026-07-16T15:19:14.596192+00:00 model 154/195 reference_lod2
2026-07-16T15:19:15.294300+00:00 model 155/195 s3ap_phase3:gs_e5_C001_s3ap_b4907199_a0_r1
2026-07-16T15:19:15.765144+00:00 model 156/195 s3ap_phase3:gs_e5_C001_s3ap_b4907199_a0_r2
2026-07-16T15:19:16.241835+00:00 model 157/195 s3ap_phase3:gs_e5_C001_s3ap_b4907199_a1_dz_m0p5_r1
2026-07-16T15:19:16.768108+00:00 model 158/195 s3ap_phase3:gs_e5_C001_s3ap_b4907199_a1_dz_m1_r1
2026-07-16T15:19:17.292213+00:00 model 159/195 s3ap_phase3:gs_e5_C001_s3ap_b4907199_a1_dz_m2_r1
2026-07-16T15:19:17.793558+00:00 model 160/195 s3ap_phase3:gs_e5_C001_s3ap_b4907199_a1_dz_m4_r1
2026-07-16T15:19:18.344039+00:00 model 161/195 s3ap_phase3:gs_e5_C001_s3ap_b4907199_a1_dz_p0p5_r1
2026-07-16T15:19:18.928283+00:00 model 162/195 s3ap_phase3:gs_e5_C001_s3ap_b4907199_a1_dz_p1_r1
2026-07-16T15:19:19.434000+00:00 model 163/195 s3ap_phase3:gs_e5_C001_s3ap_b4907199_a1_dz_p2_r1
2026-07-16T15:19:19.945178+00:00 model 164/195 s3ap_phase3:gs_e5_C001_s3ap_b4907199_a1_dz_p4_r1
2026-07-16T15:19:20.461358+00:00 model 165/195 s3ap_phase3:gs_e5_C001_s3ap_b4907199_a1_r1
2026-07-16T15:19:20.951405+00:00 model 166/195 s3ap_phase3:gs_e5_C001_s3ap_b4907199_a1_r2
2026-07-16T15:19:21.518754+00:00 model 167/195 s3ap_phase3:gs_e5_C001_s3ap_b4907199_a2_r1
2026-07-16T15:19:22.037799+00:00 model 168/195 s3ap_phase3:gs_e5_C001_s3ap_b4907199_a2_r2
2026-07-16T15:19:22.548160+00:00 model 169/195 s3ap_phase3:gs_e5_C001_s3ap_b8568391_a0_r1
2026-07-16T15:19:22.825856+00:00 model 170/195 s3ap_phase3:gs_e5_C001_s3ap_b8568391_a0_r2
2026-07-16T15:19:23.051393+00:00 model 171/195 s3ap_phase3:gs_e5_C001_s3ap_b8568391_a1_dz_m0p5_r1
2026-07-16T15:19:23.269998+00:00 model 172/195 s3ap_phase3:gs_e5_C001_s3ap_b8568391_a1_dz_m1_r1
2026-07-16T15:19:23.509979+00:00 model 173/195 s3ap_phase3:gs_e5_C001_s3ap_b8568391_a1_dz_m2_r1
2026-07-16T15:19:23.732484+00:00 model 174/195 s3ap_phase3:gs_e5_C001_s3ap_b8568391_a1_dz_p0p5_r1
2026-07-16T15:19:23.943544+00:00 model 175/195 s3ap_phase3:gs_e5_C001_s3ap_b8568391_a1_dz_p1_r1
2026-07-16T15:19:24.185447+00:00 model 176/195 s3ap_phase3:gs_e5_C001_s3ap_b8568391_a1_dz_p2_r1
2026-07-16T15:19:24.450736+00:00 model 177/195 s3ap_phase3:gs_e5_C001_s3ap_b8568391_a1_dz_p4_r1
2026-07-16T15:19:24.665096+00:00 model 178/195 s3ap_phase3:gs_e5_C001_s3ap_b8568391_a1_r1
2026-07-16T15:19:24.898543+00:00 model 179/195 s3ap_phase3:gs_e5_C001_s3ap_b8568391_a1_r2
2026-07-16T15:19:25.145045+00:00 model 180/195 s3ap_phase3:gs_e5_C001_s3ap_b8568391_a2_r1
2026-07-16T15:19:25.370619+00:00 model 181/195 s3ap_phase3:gs_e5_C001_s3ap_b8568391_a2_r2
2026-07-16T15:19:25.567050+00:00 model 182/195 s3ap_phase3:gs_e5_C001_s3ap_b8568392_a0_r1
2026-07-16T15:19:25.799318+00:00 model 183/195 s3ap_phase3:gs_e5_C001_s3ap_b8568392_a0_r2
2026-07-16T15:19:26.008201+00:00 model 184/195 s3ap_phase3:gs_e5_C001_s3ap_b8568392_a1_dz_m0p5_r1
2026-07-16T15:19:26.239908+00:00 model 185/195 s3ap_phase3:gs_e5_C001_s3ap_b8568392_a1_dz_m1_r1
2026-07-16T15:19:26.456505+00:00 model 186/195 s3ap_phase3:gs_e5_C001_s3ap_b8568392_a1_dz_m2_r1
2026-07-16T15:19:26.710190+00:00 model 187/195 s3ap_phase3:gs_e5_C001_s3ap_b8568392_a1_dz_m4_r1
2026-07-16T15:19:26.920906+00:00 model 188/195 s3ap_phase3:gs_e5_C001_s3ap_b8568392_a1_dz_p0p5_r1
2026-07-16T15:19:27.126722+00:00 model 189/195 s3ap_phase3:gs_e5_C001_s3ap_b8568392_a1_dz_p1_r1
2026-07-16T15:19:27.311854+00:00 model 190/195 s3ap_phase3:gs_e5_C001_s3ap_b8568392_a1_dz_p2_r1
2026-07-16T15:19:27.531679+00:00 model 191/195 s3ap_phase3:gs_e5_C001_s3ap_b8568392_a1_dz_p4_r1
2026-07-16T15:19:27.724584+00:00 model 192/195 s3ap_phase3:gs_e5_C001_s3ap_b8568392_a1_r1
2026-07-16T15:19:27.959016+00:00 model 193/195 s3ap_phase3:gs_e5_C001_s3ap_b8568392_a1_r2
2026-07-16T15:19:28.176298+00:00 model 194/195 s3ap_phase3:gs_e5_C001_s3ap_b8568392_a2_r1
2026-07-16T15:19:28.408216+00:00 model 195/195 s3ap_phase3:gs_e5_C001_s3ap_b8568392_a2_r2
2026-07-16T15:19:29.948906+00:00 complete inventory=2813 scores=2813 pairs=18 population={'gs_only_lod2': 8, 'dense_success': 10} learning_runs_started=0
