[BLOCKED] Gate A runtime guard: training image aggregate differs from immutable preflight
[ALS] 001 DEBY_LOD2_42364609: class6=349 class2=1866
[ALS] 002 DEBY_LOD2_42364659: class6=847 class2=1807
[ALS] 003 DEBY_LOD2_42364663: class6=850 class2=1946
[ALS] 004 DEBY_LOD2_4907182: class6=1985 class2=2141
[ALS] 005 DEBY_LOD2_4907510: class6=2118 class2=3496
[ALS] 006 DEBY_LOD2_4908050: class6=1404 class2=4770
[ALS] 007 DEBY_LOD2_4908166: class6=531 class2=2739
[ALS] 008 DEBY_LOD2_4908176: class6=660 class2=2950
[ALS] 009 DEBY_LOD2_4907184: class6=7198 class2=8163
[ALS] 010 DEBY_LOD2_4907185: class6=3357 class2=2968
[ALS] 011 DEBY_LOD2_4907186: class6=3466 class2=3500
[ALS] 012 DEBY_LOD2_4907188: class6=3291 class2=3022
[ALS] 013 DEBY_LOD2_4907195: class6=3907 class2=3166
[ALS] 014 DEBY_LOD2_4907198: class6=7348 class2=6912
[ALS] 015 DEBY_LOD2_4907202: class6=3245 class2=3965
[ALS] 016 DEBY_LOD2_4908168: class6=600 class2=2211
[ALS] 017 DEBY_LOD2_4908178: class6=2089 class2=3344
[ALS] 018 DEBY_LOD2_60098: class6=4011 class2=4070
[ALS] 019 DEBY_LOD2_4907199: class6=2047 class2=2264
[ALS] 020 DEBY_LOD2_4908049: class6=556 class2=2732
[ALS] 021 DEBY_LOD2_104586480: class6=176 class2=822
[ALS] 022 DEBY_LOD2_4908048: class6=733 class2=2796
[ALS] 023 DEBY_LOD2_4908051: class6=1405 class2=4460
[ALS] 024 DEBY_LOD2_108247350: class6=168 class2=709
[ALS] 025 DEBY_LOD2_4907168: class6=3036 class2=3630
[ALS] 026 DEBY_LOD2_4908164: class6=568 class2=1991
[ALS] 027 DEBY_LOD2_4908023: class6=448 class2=2179
[ALS] 028 DEBY_LOD2_4908028: class6=434 class2=1290
[BLOCKED] Gate A contract failure: DEBY_LOD2_42364609: observable views span only 3 azimuth bins; required 4
[ALS] 001 DEBY_LOD2_42364609: class6=349 class2=1866
[ALS] 002 DEBY_LOD2_42364659: class6=847 class2=1807
[ALS] 003 DEBY_LOD2_42364663: class6=850 class2=1946
[ALS] 004 DEBY_LOD2_4907182: class6=1985 class2=2141
[ALS] 005 DEBY_LOD2_4907510: class6=2118 class2=3496
[ALS] 006 DEBY_LOD2_4908050: class6=1404 class2=4770
[ALS] 007 DEBY_LOD2_4908166: class6=531 class2=2739
[ALS] 008 DEBY_LOD2_4908176: class6=660 class2=2950
[ALS] 009 DEBY_LOD2_4907184: class6=7198 class2=8163
[ALS] 010 DEBY_LOD2_4907185: class6=3357 class2=2968
[ALS] 011 DEBY_LOD2_4907186: class6=3466 class2=3500
[ALS] 012 DEBY_LOD2_4907188: class6=3291 class2=3022
[ALS] 013 DEBY_LOD2_4907195: class6=3907 class2=3166
[ALS] 014 DEBY_LOD2_4907198: class6=7348 class2=6912
[ALS] 015 DEBY_LOD2_4907202: class6=3245 class2=3965
[ALS] 016 DEBY_LOD2_4908168: class6=600 class2=2211
[ALS] 017 DEBY_LOD2_4908178: class6=2089 class2=3344
[ALS] 018 DEBY_LOD2_60098: class6=4011 class2=4070
[ALS] 019 DEBY_LOD2_4907199: class6=2047 class2=2264
[ALS] 020 DEBY_LOD2_4908049: class6=556 class2=2732
[ALS] 021 DEBY_LOD2_104586480: class6=176 class2=822
[ALS] 022 DEBY_LOD2_4908048: class6=733 class2=2796
[ALS] 023 DEBY_LOD2_4908051: class6=1405 class2=4460
[ALS] 024 DEBY_LOD2_108247350: class6=168 class2=709
[ALS] 025 DEBY_LOD2_4907168: class6=3036 class2=3630
[ALS] 026 DEBY_LOD2_4908164: class6=568 class2=1991
[ALS] 027 DEBY_LOD2_4908023: class6=448 class2=2179
[ALS] 028 DEBY_LOD2_4908028: class6=434 class2=1290
[BLOCKED] Gate A contract failure: DEBY_LOD2_4908051: only 9 result-blind observable training views satisfy the class-6/GSD locks; required 10
[ALS] 001 DEBY_LOD2_42364609: class6=349 class2=1866
[ALS] 002 DEBY_LOD2_42364659: class6=847 class2=1807
[ALS] 003 DEBY_LOD2_42364663: class6=850 class2=1946
[ALS] 004 DEBY_LOD2_4907182: class6=1985 class2=2141
[ALS] 005 DEBY_LOD2_4907510: class6=2118 class2=3496
[ALS] 006 DEBY_LOD2_4908050: class6=1404 class2=4770
[ALS] 007 DEBY_LOD2_4908166: class6=531 class2=2739
[ALS] 008 DEBY_LOD2_4908176: class6=660 class2=2950
[ALS] 009 DEBY_LOD2_4907184: class6=7198 class2=8163
[ALS] 010 DEBY_LOD2_4907185: class6=3357 class2=2968
[ALS] 011 DEBY_LOD2_4907186: class6=3466 class2=3500
[ALS] 012 DEBY_LOD2_4907188: class6=3291 class2=3022
[ALS] 013 DEBY_LOD2_4907195: class6=3907 class2=3166
[ALS] 014 DEBY_LOD2_4907198: class6=7348 class2=6912
[ALS] 015 DEBY_LOD2_4907202: class6=3245 class2=3965
[ALS] 016 DEBY_LOD2_4908168: class6=600 class2=2211
[ALS] 017 DEBY_LOD2_4908178: class6=2089 class2=3344
[ALS] 018 DEBY_LOD2_60098: class6=4011 class2=4070
[ALS] 019 DEBY_LOD2_4907199: class6=2047 class2=2264
[ALS] 020 DEBY_LOD2_4908049: class6=556 class2=2732
[ALS] 021 DEBY_LOD2_104586480: class6=176 class2=822
[ALS] 022 DEBY_LOD2_4908048: class6=733 class2=2796
[ALS] 023 DEBY_LOD2_4908051: class6=1405 class2=4460
[ALS] 024 DEBY_LOD2_108247350: class6=168 class2=709
[ALS] 025 DEBY_LOD2_4907168: class6=3036 class2=3630
[ALS] 026 DEBY_LOD2_4908164: class6=568 class2=1991
[ALS] 027 DEBY_LOD2_4908023: class6=448 class2=2179
[ALS] 028 DEBY_LOD2_4908028: class6=434 class2=1290
[raw] 001 DEBY_LOD2_42364609: 11 views measured
[raw] 002 DEBY_LOD2_42364659: 30 views measured
[raw] 003 DEBY_LOD2_42364663: 30 views measured
[BLOCKED] Gate A contract failure: same error type reached three consecutive buildings; durable BLOCKED receipt written
