
==========
== CUDA ==
==========

CUDA Version 12.1.1

Container image Copyright (c) 2016-2023, NVIDIA CORPORATION & AFFILIATES. All rights reserved.

This container image and its contents are governed by the NVIDIA Deep Learning Container License.
By pulling and using the container, you accept the terms and conditions of this license:
https://developer.nvidia.com/ngc/nvidia-deep-learning-container-license

A copy of this license is made available in this container at /NGC-DL-CONTAINER-LICENSE for your convenience.

xFormers not available
xFormers not available
Downloading: "https://huggingface.co/depth-anything/Depth-Anything-V2-Large/resolve/main/depth_anything_v2_vitl.pth" to /workspace/JointBuildGS/results/tum_transfer/e5_s2p_interaction/C001/mono_priors_v2/checkpoints/depth_anything_v2_vitl.pth

  0%|          | 0.00/1.25G [00:00<?, ?B/s]
  0%|          | 128k/1.25G [00:00<1:27:33, 255kB/s]
  0%|          | 512k/1.25G [00:00<22:24, 998kB/s]  
  0%|          | 1.38M/1.25G [00:00<07:50, 2.85MB/s]
  0%|          | 3.62M/1.25G [00:00<02:53, 7.73MB/s]
  1%|          | 9.00M/1.25G [00:00<01:06, 20.0MB/s]
  1%|          | 13.2M/1.25G [00:01<00:50, 26.1MB/s]
  1%|▏         | 18.6M/1.25G [00:01<00:38, 34.2MB/s]
  2%|▏         | 22.9M/1.25G [00:01<00:36, 36.6MB/s]
  2%|▏         | 27.9M/1.25G [00:01<00:32, 40.7MB/s]
  3%|▎         | 32.4M/1.25G [00:01<00:30, 42.2MB/s]
  3%|▎         | 37.2M/1.25G [00:01<00:29, 44.7MB/s]
  3%|▎         | 42.0M/1.25G [00:01<00:28, 45.3MB/s]
  4%|▎         | 46.9M/1.25G [00:01<00:27, 46.7MB/s]
  4%|▍         | 51.6M/1.25G [00:01<00:27, 46.6MB/s]
  4%|▍         | 56.5M/1.25G [00:01<00:26, 47.7MB/s]
  5%|▍         | 61.2M/1.25G [00:02<00:26, 47.4MB/s]
  5%|▌         | 66.1M/1.25G [00:02<00:26, 48.3MB/s]
  6%|▌         | 70.9M/1.25G [00:02<00:26, 47.9MB/s]
  6%|▌         | 75.6M/1.25G [00:02<00:26, 48.2MB/s]
  6%|▋         | 80.4M/1.25G [00:02<00:26, 48.3MB/s]
  7%|▋         | 85.1M/1.25G [00:02<00:25, 48.6MB/s]
  7%|▋         | 89.9M/1.25G [00:02<00:25, 48.6MB/s]
  7%|▋         | 94.6M/1.25G [00:02<00:25, 48.5MB/s]
  8%|▊         | 99.5M/1.25G [00:02<00:25, 48.5MB/s]
  8%|▊         | 104M/1.25G [00:03<00:25, 48.6MB/s] 
  9%|▊         | 109M/1.25G [00:03<00:25, 47.5MB/s]
  9%|▉         | 114M/1.25G [00:03<00:25, 48.8MB/s]
  9%|▉         | 119M/1.25G [00:03<00:25, 47.7MB/s]
 10%|▉         | 124M/1.25G [00:03<00:24, 49.1MB/s]
 10%|█         | 129M/1.25G [00:03<00:25, 48.0MB/s]
 10%|█         | 134M/1.25G [00:03<00:24, 49.2MB/s]
 11%|█         | 138M/1.25G [00:03<00:24, 48.0MB/s]
 11%|█         | 143M/1.25G [00:03<00:24, 49.2MB/s]
 12%|█▏        | 148M/1.25G [00:03<00:24, 48.0MB/s]
 12%|█▏        | 153M/1.25G [00:04<00:24, 49.2MB/s]
 12%|█▏        | 158M/1.25G [00:04<00:24, 48.1MB/s]
 13%|█▎        | 163M/1.25G [00:04<00:23, 49.1MB/s]
 13%|█▎        | 168M/1.25G [00:04<00:24, 47.9MB/s]
 13%|█▎        | 172M/1.25G [00:04<00:24, 48.3MB/s]
 14%|█▍        | 177M/1.25G [00:04<00:23, 48.2MB/s]
 14%|█▍        | 182M/1.25G [00:04<00:23, 48.6MB/s]
 15%|█▍        | 187M/1.25G [00:04<00:23, 48.3MB/s]
 15%|█▍        | 192M/1.25G [00:04<00:23, 48.5MB/s]
 15%|█▌        | 196M/1.25G [00:05<00:23, 48.2MB/s]
 16%|█▌        | 201M/1.25G [00:05<00:23, 48.7MB/s]
 16%|█▌        | 206M/1.25G [00:05<00:23, 48.3MB/s]
 16%|█▋        | 211M/1.25G [00:05<00:22, 48.7MB/s]
 17%|█▋        | 216M/1.25G [00:05<00:23, 48.4MB/s]
 17%|█▋        | 221M/1.25G [00:05<00:22, 48.7MB/s]
 18%|█▊        | 225M/1.25G [00:05<00:22, 48.2MB/s]
 18%|█▊        | 230M/1.25G [00:05<00:22, 48.8MB/s]
 18%|█▊        | 235M/1.25G [00:05<00:22, 48.2MB/s]
 19%|█▉        | 240M/1.25G [00:05<00:22, 48.9MB/s]
 19%|█▉        | 245M/1.25G [00:06<00:22, 47.9MB/s]
 20%|█▉        | 250M/1.25G [00:06<00:22, 48.6MB/s]
 20%|█▉        | 254M/1.25G [00:06<00:22, 48.1MB/s]
 20%|██        | 259M/1.25G [00:06<00:21, 48.9MB/s]
 21%|██        | 264M/1.25G [00:06<00:22, 48.2MB/s]
 21%|██        | 269M/1.25G [00:06<00:21, 48.9MB/s]
 21%|██▏       | 274M/1.25G [00:06<00:21, 48.1MB/s]
 22%|██▏       | 278M/1.25G [00:06<00:21, 48.8MB/s]
 22%|██▏       | 283M/1.25G [00:06<00:21, 48.0MB/s]
 23%|██▎       | 288M/1.25G [00:07<00:21, 48.9MB/s]
 23%|██▎       | 293M/1.25G [00:07<00:21, 48.1MB/s]
 23%|██▎       | 298M/1.25G [00:07<00:21, 48.6MB/s]
 24%|██▎       | 302M/1.25G [00:07<00:21, 48.2MB/s]
 24%|██▍       | 307M/1.25G [00:07<00:20, 48.9MB/s]
 24%|██▍       | 312M/1.25G [00:07<00:20, 48.4MB/s]
 25%|██▍       | 317M/1.25G [00:07<00:20, 48.6MB/s]
 25%|██▌       | 322M/1.25G [00:07<00:20, 48.1MB/s]
 26%|██▌       | 327M/1.25G [00:07<00:20, 48.8MB/s]
 26%|██▌       | 331M/1.25G [00:07<00:20, 48.2MB/s]
 26%|██▋       | 336M/1.25G [00:08<00:20, 48.5MB/s]
 27%|██▋       | 341M/1.25G [00:08<00:20, 48.7MB/s]
 27%|██▋       | 346M/1.25G [00:08<00:20, 48.5MB/s]
 27%|██▋       | 350M/1.25G [00:08<00:20, 48.6MB/s]
 28%|██▊       | 355M/1.25G [00:08<00:20, 48.4MB/s]
 28%|██▊       | 360M/1.25G [00:08<00:19, 48.5MB/s]
 29%|██▊       | 365M/1.25G [00:08<00:19, 48.3MB/s]
 29%|██▉       | 369M/1.25G [00:08<00:19, 48.5MB/s]
 29%|██▉       | 374M/1.25G [00:08<00:19, 48.3MB/s]
 30%|██▉       | 379M/1.25G [00:08<00:20, 46.6MB/s]
 30%|██▉       | 383M/1.25G [00:09<00:19, 47.1MB/s]
 30%|███       | 388M/1.25G [00:09<00:24, 37.7MB/s]
 31%|███       | 392M/1.25G [00:09<00:23, 39.4MB/s]
 31%|███       | 396M/1.25G [00:09<00:26, 34.8MB/s]
 31%|███▏      | 400M/1.25G [00:09<00:27, 33.2MB/s]
 32%|███▏      | 404M/1.25G [00:09<00:26, 34.3MB/s]
 32%|███▏      | 407M/1.25G [00:09<00:28, 32.1MB/s]
 32%|███▏      | 411M/1.25G [00:10<00:34, 26.6MB/s]
 32%|███▏      | 415M/1.25G [00:10<00:30, 29.7MB/s]
 33%|███▎      | 419M/1.25G [00:10<00:27, 32.2MB/s]
 33%|███▎      | 424M/1.25G [00:10<00:26, 33.8MB/s]
 34%|███▎      | 430M/1.25G [00:10<00:23, 38.0MB/s]
 34%|███▍      | 434M/1.25G [00:10<00:21, 41.2MB/s]
 34%|███▍      | 439M/1.25G [00:10<00:20, 42.7MB/s]
 35%|███▍      | 444M/1.25G [00:10<00:19, 44.8MB/s]
 35%|███▌      | 449M/1.25G [00:10<00:19, 45.5MB/s]
 35%|███▌      | 454M/1.25G [00:11<00:18, 46.9MB/s]
 36%|███▌      | 458M/1.25G [00:11<00:18, 47.0MB/s]
 36%|███▌      | 463M/1.25G [00:11<00:17, 47.7MB/s]
 37%|███▋      | 468M/1.25G [00:11<00:17, 47.7MB/s]
 37%|███▋      | 473M/1.25G [00:11<00:17, 47.7MB/s]
 37%|███▋      | 478M/1.25G [00:11<00:17, 48.2MB/s]
 38%|███▊      | 482M/1.25G [00:11<00:17, 48.0MB/s]
 38%|███▊      | 487M/1.25G [00:11<00:17, 48.6MB/s]
 38%|███▊      | 492M/1.25G [00:11<00:17, 48.3MB/s]
 39%|███▉      | 497M/1.25G [00:12<00:16, 48.8MB/s]
 39%|███▉      | 502M/1.25G [00:12<00:16, 48.3MB/s]
 40%|███▉      | 506M/1.25G [00:12<00:16, 48.7MB/s]
 40%|███▉      | 511M/1.25G [00:12<00:18, 43.7MB/s]
 40%|████      | 516M/1.25G [00:12<00:17, 44.9MB/s]
 41%|████      | 520M/1.25G [00:12<00:17, 44.7MB/s]
 41%|████      | 524M/1.25G [00:12<00:17, 44.3MB/s]
 41%|████▏     | 530M/1.25G [00:12<00:16, 46.7MB/s]
 42%|████▏     | 534M/1.25G [00:12<00:16, 46.1MB/s]
 42%|████▏     | 539M/1.25G [00:12<00:16, 47.9MB/s]
 43%|████▎     | 544M/1.25G [00:13<00:16, 46.9MB/s]
 43%|████▎     | 549M/1.25G [00:13<00:15, 48.4MB/s]
 43%|████▎     | 554M/1.25G [00:13<00:16, 47.5MB/s]
 44%|████▎     | 558M/1.25G [00:13<00:15, 48.6MB/s]
 44%|████▍     | 563M/1.25G [00:13<00:15, 47.9MB/s]
 44%|████▍     | 568M/1.25G [00:13<00:15, 48.7MB/s]
 45%|████▍     | 573M/1.25G [00:13<00:15, 48.0MB/s]
 45%|████▌     | 578M/1.25G [00:13<00:15, 48.7MB/s]
 46%|████▌     | 582M/1.25G [00:13<00:15, 48.1MB/s]
 46%|████▌     | 587M/1.25G [00:14<00:14, 48.7MB/s]
 46%|████▋     | 592M/1.25G [00:14<00:14, 48.4MB/s]
 47%|████▋     | 597M/1.25G [00:14<00:14, 48.7MB/s]
 47%|████▋     | 602M/1.25G [00:14<00:14, 48.3MB/s]
 47%|████▋     | 606M/1.25G [00:14<00:14, 48.6MB/s]
 48%|████▊     | 611M/1.25G [00:14<00:14, 48.4MB/s]
 48%|████▊     | 616M/1.25G [00:14<00:14, 48.6MB/s]
 49%|████▊     | 621M/1.25G [00:14<00:14, 48.4MB/s]
 49%|████▉     | 625M/1.25G [00:14<00:14, 48.6MB/s]
 49%|████▉     | 630M/1.25G [00:14<00:14, 48.4MB/s]
 50%|████▉     | 635M/1.25G [00:15<00:13, 48.7MB/s]
 50%|█████     | 640M/1.25G [00:15<00:13, 48.9MB/s]
 50%|█████     | 644M/1.25G [00:15<00:13, 48.4MB/s]
 51%|█████     | 649M/1.25G [00:15<00:13, 48.8MB/s]
 51%|█████     | 654M/1.25G [00:15<00:13, 48.5MB/s]
 52%|█████▏    | 659M/1.25G [00:15<00:13, 48.7MB/s]
 52%|█████▏    | 664M/1.25G [00:15<00:13, 48.2MB/s]
 52%|█████▏    | 669M/1.25G [00:15<00:13, 48.9MB/s]
 53%|█████▎    | 673M/1.25G [00:15<00:13, 48.3MB/s]
 53%|█████▎    | 678M/1.25G [00:16<00:12, 48.6MB/s]
 53%|█████▎    | 683M/1.25G [00:16<00:12, 48.4MB/s]
 54%|█████▍    | 688M/1.25G [00:16<00:12, 48.8MB/s]
 54%|█████▍    | 693M/1.25G [00:16<00:12, 48.5MB/s]
 55%|█████▍    | 697M/1.25G [00:16<00:22, 27.2MB/s]
 55%|█████▍    | 702M/1.25G [00:16<00:19, 31.2MB/s]
 55%|█████▌    | 707M/1.25G [00:16<00:17, 34.8MB/s]
 56%|█████▌    | 711M/1.25G [00:16<00:15, 38.0MB/s]
 56%|█████▌    | 716M/1.25G [00:17<00:14, 40.8MB/s]
 56%|█████▋    | 721M/1.25G [00:17<00:13, 42.8MB/s]
 57%|█████▋    | 726M/1.25G [00:17<00:13, 44.5MB/s]
 57%|█████▋    | 730M/1.25G [00:17<00:12, 45.5MB/s]
 57%|█████▋    | 735M/1.25G [00:17<00:12, 46.3MB/s]
 58%|█████▊    | 740M/1.25G [00:17<00:12, 47.1MB/s]
 58%|█████▊    | 744M/1.25G [00:17<00:11, 47.3MB/s]
 59%|█████▊    | 749M/1.25G [00:17<00:11, 48.2MB/s]
 59%|█████▉    | 754M/1.25G [00:17<00:11, 47.9MB/s]
 59%|█████▉    | 759M/1.25G [00:18<00:11, 48.5MB/s]
 60%|█████▉    | 763M/1.25G [00:18<00:11, 48.0MB/s]
 60%|██████    | 768M/1.25G [00:18<00:11, 48.5MB/s]
 60%|██████    | 773M/1.25G [00:18<00:11, 48.3MB/s]
 61%|██████    | 778M/1.25G [00:18<00:10, 48.7MB/s]
 61%|██████    | 782M/1.25G [00:18<00:10, 48.3MB/s]
 62%|██████▏   | 787M/1.25G [00:18<00:10, 48.7MB/s]
 62%|██████▏   | 792M/1.25G [00:18<00:10, 48.5MB/s]
 62%|██████▏   | 797M/1.25G [00:18<00:10, 48.9MB/s]
 63%|██████▎   | 802M/1.25G [00:18<00:10, 48.5MB/s]
 63%|██████▎   | 806M/1.25G [00:19<00:10, 48.8MB/s]
 63%|██████▎   | 811M/1.25G [00:19<00:10, 48.4MB/s]
 64%|██████▍   | 816M/1.25G [00:19<00:09, 48.8MB/s]
 64%|██████▍   | 821M/1.25G [00:19<00:09, 48.4MB/s]
 65%|██████▍   | 826M/1.25G [00:19<00:09, 48.8MB/s]
 65%|██████▍   | 830M/1.25G [00:19<00:09, 48.8MB/s]
 65%|██████▌   | 835M/1.25G [00:19<00:09, 48.6MB/s]
 66%|██████▌   | 840M/1.25G [00:19<00:09, 48.6MB/s]
 66%|██████▌   | 844M/1.25G [00:19<00:09, 48.5MB/s]
 66%|██████▋   | 849M/1.25G [00:19<00:09, 48.7MB/s]
 67%|██████▋   | 854M/1.25G [00:20<00:09, 48.3MB/s]
 67%|██████▋   | 859M/1.25G [00:20<00:09, 48.6MB/s]
 68%|██████▊   | 864M/1.25G [00:20<00:09, 48.4MB/s]
 68%|██████▊   | 868M/1.25G [00:20<00:08, 48.4MB/s]
 68%|██████▊   | 873M/1.25G [00:20<00:08, 48.7MB/s]
 69%|██████▊   | 878M/1.25G [00:20<00:08, 48.3MB/s]
 69%|██████▉   | 882M/1.25G [00:20<00:08, 48.7MB/s]
 69%|██████▉   | 887M/1.25G [00:20<00:08, 48.3MB/s]
 70%|██████▉   | 892M/1.25G [00:20<00:08, 48.7MB/s]
 70%|███████   | 897M/1.25G [00:20<00:08, 48.4MB/s]
 70%|███████   | 902M/1.25G [00:21<00:08, 48.6MB/s]
 71%|███████   | 906M/1.25G [00:21<00:08, 48.4MB/s]
 71%|███████   | 911M/1.25G [00:21<00:07, 48.7MB/s]
 72%|███████▏  | 916M/1.25G [00:21<00:07, 48.4MB/s]
 72%|███████▏  | 921M/1.25G [00:21<00:07, 48.6MB/s]
 72%|███████▏  | 926M/1.25G [00:21<00:07, 48.3MB/s]
 73%|███████▎  | 931M/1.25G [00:21<00:07, 48.9MB/s]
 73%|███████▎  | 935M/1.25G [00:21<00:07, 48.4MB/s]
 73%|███████▎  | 940M/1.25G [00:21<00:07, 48.9MB/s]
 74%|███████▍  | 945M/1.25G [00:22<00:07, 48.4MB/s]
 74%|███████▍  | 950M/1.25G [00:22<00:07, 48.5MB/s]
 75%|███████▍  | 955M/1.25G [00:22<00:07, 48.5MB/s]
 75%|███████▌  | 960M/1.25G [00:22<00:06, 48.6MB/s]
 75%|███████▌  | 964M/1.25G [00:22<00:06, 48.5MB/s]
 76%|███████▌  | 969M/1.25G [00:22<00:06, 48.6MB/s]
 76%|███████▌  | 974M/1.25G [00:22<00:06, 48.5MB/s]
 77%|███████▋  | 979M/1.25G [00:22<00:06, 48.6MB/s]
 77%|███████▋  | 984M/1.25G [00:22<00:06, 48.5MB/s]
 77%|███████▋  | 988M/1.25G [00:22<00:06, 48.7MB/s]
 78%|███████▊  | 993M/1.25G [00:23<00:06, 48.4MB/s]
 78%|███████▊  | 998M/1.25G [00:23<00:06, 48.8MB/s]
 78%|███████▊  | 0.98G/1.25G [00:23<00:05, 48.4MB/s]
 79%|███████▉  | 0.98G/1.25G [00:23<00:05, 48.8MB/s]
 79%|███████▉  | 0.99G/1.25G [00:23<00:05, 48.3MB/s]
 79%|███████▉  | 0.99G/1.25G [00:23<00:05, 48.7MB/s]
 80%|███████▉  | 1.00G/1.25G [00:23<00:05, 48.3MB/s]
 80%|████████  | 1.00G/1.25G [00:23<00:05, 48.6MB/s]
 81%|████████  | 1.01G/1.25G [00:23<00:05, 48.5MB/s]
 81%|████████  | 1.01G/1.25G [00:24<00:05, 48.7MB/s]
 81%|████████▏ | 1.02G/1.25G [00:24<00:05, 48.3MB/s]
 82%|████████▏ | 1.02G/1.25G [00:24<00:05, 48.9MB/s]
 82%|████████▏ | 1.03G/1.25G [00:24<00:04, 48.5MB/s]
 82%|████████▏ | 1.03G/1.25G [00:24<00:04, 48.8MB/s]
 83%|████████▎ | 1.04G/1.25G [00:24<00:04, 48.5MB/s]
 83%|████████▎ | 1.04G/1.25G [00:24<00:04, 48.7MB/s]
 84%|████████▎ | 1.04G/1.25G [00:24<00:04, 48.3MB/s]
 84%|████████▍ | 1.05G/1.25G [00:24<00:04, 48.6MB/s]
 84%|████████▍ | 1.05G/1.25G [00:24<00:04, 48.6MB/s]
 85%|████████▍ | 1.06G/1.25G [00:25<00:04, 48.6MB/s]
 85%|████████▌ | 1.06G/1.25G [00:25<00:04, 48.9MB/s]
 85%|████████▌ | 1.07G/1.25G [00:25<00:04, 48.4MB/s]
 86%|████████▌ | 1.07G/1.25G [00:25<00:03, 48.8MB/s]
 86%|████████▌ | 1.08G/1.25G [00:25<00:03, 48.3MB/s]
 87%|████████▋ | 1.08G/1.25G [00:25<00:03, 48.9MB/s]
 87%|████████▋ | 1.09G/1.25G [00:25<00:03, 48.1MB/s]
 87%|████████▋ | 1.09G/1.25G [00:25<00:03, 49.0MB/s]
 88%|████████▊ | 1.10G/1.25G [00:25<00:03, 48.3MB/s]
 88%|████████▊ | 1.10G/1.25G [00:25<00:03, 49.1MB/s]
 88%|████████▊ | 1.11G/1.25G [00:26<00:03, 48.3MB/s]
 89%|████████▉ | 1.11G/1.25G [00:26<00:03, 49.0MB/s]
 89%|████████▉ | 1.11G/1.25G [00:26<00:03, 48.1MB/s]
 90%|████████▉ | 1.12G/1.25G [00:26<00:02, 48.9MB/s]
 90%|████████▉ | 1.12G/1.25G [00:26<00:02, 48.1MB/s]
 90%|█████████ | 1.13G/1.25G [00:26<00:02, 49.0MB/s]
 91%|█████████ | 1.13G/1.25G [00:26<00:02, 48.2MB/s]
 91%|█████████ | 1.14G/1.25G [00:26<00:02, 49.0MB/s]
 91%|█████████▏| 1.14G/1.25G [00:26<00:02, 48.1MB/s]
 92%|█████████▏| 1.15G/1.25G [00:27<00:02, 49.0MB/s]
 92%|█████████▏| 1.15G/1.25G [00:27<00:02, 48.3MB/s]
 93%|█████████▎| 1.16G/1.25G [00:27<00:02, 49.0MB/s]
 93%|█████████▎| 1.16G/1.25G [00:27<00:01, 48.2MB/s]
 93%|█████████▎| 1.17G/1.25G [00:27<00:01, 48.9MB/s]
 94%|█████████▎| 1.17G/1.25G [00:27<00:01, 48.3MB/s]
 94%|█████████▍| 1.18G/1.25G [00:27<00:01, 48.6MB/s]
 94%|█████████▍| 1.18G/1.25G [00:27<00:01, 48.6MB/s]
 95%|█████████▍| 1.19G/1.25G [00:27<00:01, 48.5MB/s]
 95%|█████████▌| 1.19G/1.25G [00:27<00:01, 48.5MB/s]
 96%|█████████▌| 1.19G/1.25G [00:28<00:01, 48.5MB/s]
 96%|█████████▌| 1.20G/1.25G [00:28<00:01, 48.6MB/s]
 96%|█████████▋| 1.20G/1.25G [00:28<00:01, 48.5MB/s]
 97%|█████████▋| 1.21G/1.25G [00:28<00:00, 48.8MB/s]
 97%|█████████▋| 1.21G/1.25G [00:28<00:00, 48.4MB/s]
 97%|█████████▋| 1.22G/1.25G [00:28<00:00, 48.6MB/s]
 98%|█████████▊| 1.22G/1.25G [00:28<00:00, 48.6MB/s]
 98%|█████████▊| 1.23G/1.25G [00:28<00:00, 48.6MB/s]
 99%|█████████▊| 1.23G/1.25G [00:28<00:00, 48.5MB/s]
 99%|█████████▉| 1.24G/1.25G [00:28<00:00, 48.5MB/s]
 99%|█████████▉| 1.24G/1.25G [00:29<00:00, 48.7MB/s]
100%|█████████▉| 1.25G/1.25G [00:29<00:00, 48.7MB/s]
100%|██████████| 1.25G/1.25G [00:29<00:00, 45.9MB/s]
{"stage": "A-1p-large", "done": 25, "total": 428}
{"stage": "A-1p-large", "done": 50, "total": 428}
{"stage": "A-1p-large", "done": 75, "total": 428}
{"stage": "A-1p-large", "done": 100, "total": 428}
{"stage": "A-1p-large", "done": 125, "total": 428}
{"stage": "A-1p-large", "done": 150, "total": 428}
{"stage": "A-1p-large", "done": 175, "total": 428}
{"stage": "A-1p-large", "done": 200, "total": 428}
{"stage": "A-1p-large", "done": 225, "total": 428}
{"stage": "A-1p-large", "done": 250, "total": 428}
{"stage": "A-1p-large", "done": 275, "total": 428}
{"stage": "A-1p-large", "done": 300, "total": 428}
{"stage": "A-1p-large", "done": 325, "total": 428}
{"stage": "A-1p-large", "done": 350, "total": 428}
{"stage": "A-1p-large", "done": 375, "total": 428}
{"stage": "A-1p-large", "done": 400, "total": 428}
{"stage": "A-1p-large", "done": 425, "total": 428}
{"decision": "exclude_arm3", "arm3_mode": "excluded", "reason": "building-level roof direct-score median 8.103 m > 8 m", "overall_building_median_m": 8.103349999999999, "building_resolution_pearson": 0.7773398150648806, "buildings_with_lt3_scored_views": [], "views_per_building": 5, "building_count": 14, "resolution_failure_operationalization": "any building <3 scored views OR nonfinite/nonpositive Pearson", "created_utc": "2026-07-10T12:21:32.552686+00:00"}
{"monodepth_images": 428, "backend": "Depth Anything V2 Large vitl"}
