COMMAND=docker run --rm --user 1000:1000 --gpus all -e HOME=/tmp -e MPLCONFIGDIR=/tmp/matplotlib -e XDG_CACHE_HOME=/tmp -e CUDA_VISIBLE_DEVICES=1 -e TORCH_EXTENSIONS_DIR=/workspace/JointBuildGS/results/tum_transfer/e5_s3_semantic_guided/C001/torch_extensions -v /media/innopam/InnoPAM-8TB/hwiyoung/code/JointBuildGS:/workspace/JointBuildGS -w /workspace/JointBuildGS jointbuildgs:dev python /workspace/JointBuildGS/phases/p2-gsjso/scripts/e5_c001_s3_semantic_guided.py check-cache --loader-preflight
RETURN_CODE=0

==========
== CUDA ==
==========

CUDA Version 12.1.1

Container image Copyright (c) 2016-2023, NVIDIA CORPORATION & AFFILIATES. All rights reserved.

This container image and its contents are governed by the NVIDIA Deep Learning Container License.
By pulling and using the container, you accept the terms and conditions of this license:
https://developer.nvidia.com/ngc/nvidia-deep-learning-container-license

A copy of this license is made available in this container at /NGC-DL-CONTAINER-LICENSE for your convenience.

{
  "cache": {
    "path": "results/tum_transfer/e5_s3/C001/semantic_regions",
    "container_path": "/workspace/JointBuildGS/results/tum_transfer/e5_s3/C001/semantic_regions",
    "directory_exists": true,
    "expected_files": 428,
    "present_expected_files": 428,
    "missing_files": 0,
    "missing_preview": [],
    "extra_files": 0,
    "extra_preview": [],
    "ready": true
  },
  "loader": "src.stage2.loss.semantic_guided.SemanticRegionCache",
  "validated_files": 428,
  "validated_regions": 570,
  "cache_aggregate_sha256": "8286d00a2566c53cf1bf1ac1c4206cd39c1c28252eecacab87f74fc1e534e105",
  "cache_inventory": "docs/e5_c001_s3_semantic_region_inventory.csv",
  "cache_inventory_sha256": "3729a9be64b9856ab9e6d4c24945daff307129b3cdcc8c1a3170f5f449b3cf1b",
  "metadata_contract": {
    "top_level": [
      "candidate_building_ids_assignment_order",
      "candidate_building_ids_config_order",
      "candidate_building_list_sha256",
      "candidate_building_source",
      "candidate_buildings_inactive_for_loss_address",
      "connectivity",
      "cutline_half_width_px",
      "footprint_rule_defect_baseline",
      "input_hashes",
      "l_nb_boundary_source",
      "loss_address_datum",
      "loss_address_mode",
      "loss_value_contract",
      "official_datum_audit",
      "oracle_address_check",
      "raycast_assignment_check",
      "raycast_building_id_is_loss_input",
      "raycast_building_id_loss_role",
      "regions",
      "schema",
      "source_component_min_pixels",
      "zero_initial_point_buildings_audit_only"
    ],
    "per_region": [
      "address_source",
      "building_id",
      "lod2_depth_or_height_loss_input",
      "pre_split_oracle_instance_count",
      "pre_split_overlap_count",
      "source_component_id",
      "source_component_pixel_count"
    ],
    "raycast_assignment_check_scopes": [
      "primary_actual_label_source",
      "secondary_official_v2"
    ],
    "raycast_assignment_count_fields": [
      "assigned",
      "correct",
      "cutline_excluded",
      "eligible_ge256_true_roof",
      "inactive_veto_excluded",
      "true_roof_total",
      "unassigned_no_owner",
      "wrong"
    ],
    "cache_schema": "jointbuildgs.s3a.semantic_regions.v3",
    "candidate_building_list_sha256": "91f5d0481b3b2f3f6f83b1bc41b23b1cb99f35519ff1b53cb41c56fda3ab7503",
    "global_input_hashes": {
      "results/tum_transfer/analysis/footprints_aoi.geojson": "ca7f5b13a52368e1d2ac47b77cc78f12887bad4d598d122ad57b882eb4920a82",
      "configs/projection_datum.json": "096a49b46fc5661d74f9d3b54c4f3777676cfc6b27e577b52bb2dabeee8b480c",
      "results/tum_transfer/e5_pilot/C001/data_geoidfix_C001_buf20/sparse/0/cameras.bin": "7c9b01e524628658a92305202a2618a287570c6a90c414509b78dba1b5fc7794",
      "results/tum_transfer/e5_pilot/C001/data_geoidfix_C001_buf20/sparse/0/images.bin": "dcb84b0d46f2666a9a8f6e1657a48dc4a8d1d60c35a7e47117b2df04c5f0cefb",
      "results/tum_transfer/e5_pilot/C001/data_geoidfix_C001_buf20/sparse/0/points3D.bin": "d1fb05b4d7913d61a248a95a6faf1357ed9d669abbd6e575939e306b4ffece09",
      "results/tum_transfer/e5_pilot/C001/seeds/seed_dense_C001_buf20.ply": "6083e9e93df712734499a0d1ff3621fb23cf96046d39d6adda3712ac98aa0c53",
      "configs/tum_mob/e5_s2p_interaction/gs_e5_C001_s2p_arm1p_dense_r1.yaml": "bdd3d229e6ae8052e60d5d8bbff26d670c62008326ee6ed4d8ee81970a4146df",
      "phases/p0-audit/data/raw/lod2/690_5334.gml": "61d29e4617bfa961e811003b7af2bb2c826b3fab90f11731f5d22b8e4689e314",
      "phases/p0-audit/data/raw/lod2/690_5336.gml": "494282ee7be660401820af8efa4e2667fcaeb4d7ac8466b23be67e3347701674"
    }
  },
  "status": "pass"
}
