2026-07-18T15:36:58.175418+00:00 start conditions=18 learning_runs_started=0 new_inference_runs=0
2026-07-18T15:36:58.207319+00:00 refine condition=cell025_win1_pass1 step=1/18
2026-07-18T15:36:59.454852+00:00 roofer condition=cell025_win1_pass1 step=1/18
2026-07-18T15:37:00.768546+00:00 refine condition=cell025_win1_pass2 step=2/18
2026-07-18T15:37:02.109952+00:00 roofer condition=cell025_win1_pass2 step=2/18
2026-07-18T15:37:03.327712+00:00 refine condition=cell025_win2_pass1 step=3/18
2026-07-18T15:37:04.576177+00:00 roofer condition=cell025_win2_pass1 step=3/18
2026-07-18T15:37:05.825236+00:00 refine condition=cell025_win2_pass2 step=4/18
2026-07-18T15:37:07.268100+00:00 roofer condition=cell025_win2_pass2 step=4/18
2026-07-18T15:37:08.459138+00:00 refine condition=cell025_win3_pass1 step=5/18
2026-07-18T15:37:09.736080+00:00 roofer condition=cell025_win3_pass1 step=5/18
2026-07-18T15:37:10.963008+00:00 refine condition=cell025_win3_pass2 step=6/18
2026-07-18T15:37:12.425972+00:00 roofer condition=cell025_win3_pass2 step=6/18
2026-07-18T15:37:13.682903+00:00 refine condition=cell050_win1_pass1 step=7/18
2026-07-18T15:37:14.794683+00:00 roofer condition=cell050_win1_pass1 step=7/18
2026-07-18T15:37:16.087779+00:00 refine condition=cell050_win1_pass2 step=8/18
2026-07-18T15:37:17.286251+00:00 roofer condition=cell050_win1_pass2 step=8/18
2026-07-18T15:37:18.534063+00:00 refine condition=cell050_win2_pass1 step=9/18
2026-07-18T15:37:19.694805+00:00 roofer condition=cell050_win2_pass1 step=9/18
2026-07-18T15:37:21.007859+00:00 refine condition=cell050_win2_pass2 step=10/18
2026-07-18T15:37:22.204784+00:00 roofer condition=cell050_win2_pass2 step=10/18
2026-07-18T15:37:23.454191+00:00 refine condition=cell050_win3_pass1 step=11/18
2026-07-18T15:37:24.565945+00:00 roofer condition=cell050_win3_pass1 step=11/18
2026-07-18T15:37:25.786062+00:00 refine condition=cell050_win3_pass2 step=12/18
2026-07-18T15:37:27.041107+00:00 roofer condition=cell050_win3_pass2 step=12/18
2026-07-18T15:37:28.266126+00:00 refine condition=cell100_win1_pass1 step=13/18
2026-07-18T15:37:29.367784+00:00 roofer condition=cell100_win1_pass1 step=13/18
2026-07-18T15:37:30.641098+00:00 refine condition=cell100_win1_pass2 step=14/18
2026-07-18T15:37:31.791485+00:00 roofer condition=cell100_win1_pass2 step=14/18
2026-07-18T15:37:33.056900+00:00 refine condition=cell100_win2_pass1 step=15/18
2026-07-18T15:37:34.162354+00:00 roofer condition=cell100_win2_pass1 step=15/18
2026-07-18T15:37:35.450975+00:00 refine condition=cell100_win2_pass2 step=16/18
2026-07-18T15:37:36.583775+00:00 roofer condition=cell100_win2_pass2 step=16/18
2026-07-18T15:37:37.825929+00:00 refine condition=cell100_win3_pass1 step=17/18
2026-07-18T15:37:38.915207+00:00 roofer condition=cell100_win3_pass1 step=17/18
2026-07-18T15:37:40.192664+00:00 refine condition=cell100_win3_pass2 step=18/18
2026-07-18T15:37:41.386084+00:00 roofer condition=cell100_win3_pass2 step=18/18
2026-07-18T15:37:42.622181+00:00 all Roofer conditions present; enter reference-only finalize
2026-07-18T15:38:04.635854+00:00 complete rows=324 learning_runs_started=0 new_inference_runs=0
