2026-07-15T18:45:17.655078+00:00 start jobs=42 workers=2 training=0 mast3r_inference=0 image_verification=complete
2026-07-15T18:45:17.687476+00:00 phase2_prewarm start launcher=phases/p2-gsjso/scripts/run_e5_c001_s3ap_phase2.sh serialized=true
2026-07-15T18:45:20.596746+00:00 phase2_prewarm status=complete extension_sha256=b291971546d350951760d34863ff96068c8ef018dcdeaaf0d61ec21471baadd5 verification=results/tum_transfer/e5_s3ap_phase3/gsplat_prewarm_verification.json
2026-07-15T18:45:20.623467+00:00 gpu_serial_queues=0,1 one_worker_per_gpu=true prewarm_verification=complete
2026-07-15T18:45:20.804768+00:00 run=gs_e5_C001_s3ap_b4907199_a0_r1 stage=checkpoint_gate status=complete reason=- gpu=0
2026-07-15T18:45:20.857334+00:00 run=gs_e5_C001_s3ap_b4907199_a0_r2 stage=checkpoint_gate status=complete reason=- gpu=1
2026-07-15T18:45:27.851295+00:00 run=gs_e5_C001_s3ap_b4907199_a0_r2 stage=extract status=complete reason=- gpu=1
2026-07-15T18:45:27.906058+00:00 run=gs_e5_C001_s3ap_b4907199_a0_r1 stage=extract status=complete reason=- gpu=0
2026-07-15T18:45:28.982223+00:00 run=gs_e5_C001_s3ap_b4907199_a0_r2 stage=prepare_roofer status=prepared reason=- gpu=1
2026-07-15T18:45:29.072249+00:00 run=gs_e5_C001_s3ap_b4907199_a0_r1 stage=prepare_roofer status=prepared reason=- gpu=0
2026-07-15T18:45:29.675069+00:00 run=gs_e5_C001_s3ap_b4907199_a0_r2 stage=roofer status=complete reason=- gpu=1
2026-07-15T18:45:29.753169+00:00 run=gs_e5_C001_s3ap_b4907199_a0_r1 stage=roofer status=complete reason=- gpu=0
2026-07-15T18:45:30.474282+00:00 run=gs_e5_C001_s3ap_b4907199_a0_r2 stage=score status=failed reason=exit_1 gpu=1
2026-07-15T18:45:30.551459+00:00 run=gs_e5_C001_s3ap_b4907199_a0_r1 stage=score status=failed reason=exit_1 gpu=0
2026-07-15T18:45:30.681846+00:00 run=gs_e5_C001_s3ap_b4907199_a1_dz_m0p5_r1 stage=checkpoint_gate status=complete reason=- gpu=1
2026-07-15T18:45:30.763952+00:00 run=gs_e5_C001_s3ap_b4907199_a1_dz_m1_r1 stage=checkpoint_gate status=complete reason=- gpu=0
2026-07-15T18:45:37.139273+00:00 run=gs_e5_C001_s3ap_b4907199_a1_dz_m0p5_r1 stage=extract status=complete reason=- gpu=1
2026-07-15T18:45:37.221740+00:00 run=gs_e5_C001_s3ap_b4907199_a1_dz_m1_r1 stage=extract status=complete reason=- gpu=0
2026-07-15T18:45:38.144079+00:00 run=gs_e5_C001_s3ap_b4907199_a1_dz_m0p5_r1 stage=prepare_roofer status=prepared reason=- gpu=1
2026-07-15T18:45:38.336350+00:00 run=gs_e5_C001_s3ap_b4907199_a1_dz_m1_r1 stage=prepare_roofer status=prepared reason=- gpu=0
2026-07-15T18:45:38.794527+00:00 run=gs_e5_C001_s3ap_b4907199_a1_dz_m0p5_r1 stage=roofer status=complete reason=- gpu=1
2026-07-15T18:45:39.050841+00:00 run=gs_e5_C001_s3ap_b4907199_a1_dz_m1_r1 stage=roofer status=complete reason=- gpu=0
2026-07-15T18:45:39.487362+00:00 run=gs_e5_C001_s3ap_b4907199_a1_dz_m0p5_r1 stage=score status=failed reason=exit_1 gpu=1
2026-07-15T18:45:39.606297+00:00 run=gs_e5_C001_s3ap_b4907199_a1_dz_m2_r1 stage=checkpoint_gate status=complete reason=- gpu=1
2026-07-15T18:45:39.766427+00:00 run=gs_e5_C001_s3ap_b4907199_a1_dz_m1_r1 stage=score status=failed reason=exit_1 gpu=0
2026-07-15T18:45:39.937161+00:00 run=gs_e5_C001_s3ap_b4907199_a1_dz_m4_r1 stage=checkpoint_gate status=complete reason=- gpu=0
2026-07-15T18:45:45.671374+00:00 run=gs_e5_C001_s3ap_b4907199_a1_dz_m2_r1 stage=extract status=complete reason=- gpu=1
2026-07-15T18:45:45.973158+00:00 run=gs_e5_C001_s3ap_b4907199_a1_dz_m4_r1 stage=extract status=complete reason=- gpu=0
2026-07-15T18:45:46.809728+00:00 run=gs_e5_C001_s3ap_b4907199_a1_dz_m2_r1 stage=prepare_roofer status=prepared reason=- gpu=1
2026-07-15T18:45:47.026295+00:00 run=gs_e5_C001_s3ap_b4907199_a1_dz_m4_r1 stage=prepare_roofer status=prepared reason=- gpu=0
2026-07-15T18:45:47.522451+00:00 run=gs_e5_C001_s3ap_b4907199_a1_dz_m2_r1 stage=roofer status=complete reason=- gpu=1
2026-07-15T18:45:47.728374+00:00 run=gs_e5_C001_s3ap_b4907199_a1_dz_m4_r1 stage=roofer status=complete reason=- gpu=0
2026-07-15T18:45:48.245989+00:00 run=gs_e5_C001_s3ap_b4907199_a1_dz_m2_r1 stage=score status=failed reason=exit_1 gpu=1
2026-07-15T18:45:48.411389+00:00 run=gs_e5_C001_s3ap_b4907199_a1_dz_p0p5_r1 stage=checkpoint_gate status=complete reason=- gpu=1
2026-07-15T18:45:48.507266+00:00 run=gs_e5_C001_s3ap_b4907199_a1_dz_m4_r1 stage=score status=failed reason=exit_1 gpu=0
2026-07-15T18:45:48.646515+00:00 run=gs_e5_C001_s3ap_b4907199_a1_dz_p1_r1 stage=checkpoint_gate status=complete reason=- gpu=0
2026-07-15T18:45:54.512163+00:00 run=gs_e5_C001_s3ap_b4907199_a1_dz_p0p5_r1 stage=extract status=complete reason=- gpu=1
2026-07-15T18:45:54.663549+00:00 run=gs_e5_C001_s3ap_b4907199_a1_dz_p1_r1 stage=extract status=complete reason=- gpu=0
2026-07-15T18:45:55.590611+00:00 run=gs_e5_C001_s3ap_b4907199_a1_dz_p0p5_r1 stage=prepare_roofer status=prepared reason=- gpu=1
2026-07-15T18:45:55.740241+00:00 run=gs_e5_C001_s3ap_b4907199_a1_dz_p1_r1 stage=prepare_roofer status=prepared reason=- gpu=0
2026-07-15T18:45:56.225242+00:00 run=gs_e5_C001_s3ap_b4907199_a1_dz_p0p5_r1 stage=roofer status=complete reason=- gpu=1
2026-07-15T18:45:56.348502+00:00 run=gs_e5_C001_s3ap_b4907199_a1_dz_p1_r1 stage=roofer status=complete reason=- gpu=0
2026-07-15T18:45:56.928252+00:00 run=gs_e5_C001_s3ap_b4907199_a1_dz_p0p5_r1 stage=score status=failed reason=exit_1 gpu=1
2026-07-15T18:45:57.108368+00:00 run=gs_e5_C001_s3ap_b4907199_a1_dz_p2_r1 stage=checkpoint_gate status=complete reason=- gpu=1
2026-07-15T18:45:57.154631+00:00 run=gs_e5_C001_s3ap_b4907199_a1_dz_p1_r1 stage=score status=failed reason=exit_1 gpu=0
2026-07-15T18:45:57.293148+00:00 run=gs_e5_C001_s3ap_b4907199_a1_dz_p4_r1 stage=checkpoint_gate status=complete reason=- gpu=0
2026-07-15T18:46:03.289394+00:00 run=gs_e5_C001_s3ap_b4907199_a1_dz_p2_r1 stage=extract status=complete reason=- gpu=1
2026-07-15T18:46:03.378265+00:00 run=gs_e5_C001_s3ap_b4907199_a1_dz_p4_r1 stage=extract status=complete reason=- gpu=0
2026-07-15T18:46:04.378430+00:00 run=gs_e5_C001_s3ap_b4907199_a1_dz_p2_r1 stage=prepare_roofer status=prepared reason=- gpu=1
2026-07-15T18:46:04.452826+00:00 run=gs_e5_C001_s3ap_b4907199_a1_dz_p4_r1 stage=prepare_roofer status=prepared reason=- gpu=0
2026-07-15T18:46:05.047871+00:00 run=gs_e5_C001_s3ap_b4907199_a1_dz_p2_r1 stage=roofer status=complete reason=- gpu=1
2026-07-15T18:46:05.112507+00:00 run=gs_e5_C001_s3ap_b4907199_a1_dz_p4_r1 stage=roofer status=complete reason=- gpu=0
2026-07-15T18:46:05.793941+00:00 run=gs_e5_C001_s3ap_b4907199_a1_dz_p2_r1 stage=score status=failed reason=exit_1 gpu=1
2026-07-15T18:46:05.878923+00:00 run=gs_e5_C001_s3ap_b4907199_a1_dz_p4_r1 stage=score status=failed reason=exit_1 gpu=0
2026-07-15T18:46:06.008440+00:00 run=gs_e5_C001_s3ap_b4907199_a1_r1 stage=checkpoint_gate status=complete reason=- gpu=1
2026-07-15T18:46:06.092081+00:00 run=gs_e5_C001_s3ap_b4907199_a1_r2 stage=checkpoint_gate status=complete reason=- gpu=0
2026-07-15T18:46:12.325943+00:00 run=gs_e5_C001_s3ap_b4907199_a1_r1 stage=extract status=complete reason=- gpu=1
2026-07-15T18:46:12.453441+00:00 run=gs_e5_C001_s3ap_b4907199_a1_r2 stage=extract status=complete reason=- gpu=0
2026-07-15T18:46:13.430800+00:00 run=gs_e5_C001_s3ap_b4907199_a1_r1 stage=prepare_roofer status=prepared reason=- gpu=1
2026-07-15T18:46:13.528844+00:00 run=gs_e5_C001_s3ap_b4907199_a1_r2 stage=prepare_roofer status=prepared reason=- gpu=0
2026-07-15T18:46:14.018918+00:00 run=gs_e5_C001_s3ap_b4907199_a1_r1 stage=roofer status=complete reason=- gpu=1
2026-07-15T18:46:14.168489+00:00 run=gs_e5_C001_s3ap_b4907199_a1_r2 stage=roofer status=complete reason=- gpu=0
2026-07-15T18:46:14.718275+00:00 run=gs_e5_C001_s3ap_b4907199_a1_r1 stage=score status=failed reason=exit_1 gpu=1
2026-07-15T18:46:14.882928+00:00 run=gs_e5_C001_s3ap_b4907199_a2_r1 stage=checkpoint_gate status=complete reason=- gpu=1
2026-07-15T18:46:14.925858+00:00 run=gs_e5_C001_s3ap_b4907199_a1_r2 stage=score status=failed reason=exit_1 gpu=0
2026-07-15T18:46:15.065233+00:00 run=gs_e5_C001_s3ap_b4907199_a2_r2 stage=checkpoint_gate status=complete reason=- gpu=0
2026-07-15T18:46:21.007069+00:00 run=gs_e5_C001_s3ap_b4907199_a2_r1 stage=extract status=complete reason=- gpu=1
2026-07-15T18:46:21.220409+00:00 run=gs_e5_C001_s3ap_b4907199_a2_r2 stage=extract status=complete reason=- gpu=0
2026-07-15T18:46:22.147579+00:00 run=gs_e5_C001_s3ap_b4907199_a2_r1 stage=prepare_roofer status=prepared reason=- gpu=1
2026-07-15T18:46:22.361062+00:00 run=gs_e5_C001_s3ap_b4907199_a2_r2 stage=prepare_roofer status=prepared reason=- gpu=0
2026-07-15T18:46:22.771916+00:00 run=gs_e5_C001_s3ap_b4907199_a2_r1 stage=roofer status=complete reason=- gpu=1
2026-07-15T18:46:23.022217+00:00 run=gs_e5_C001_s3ap_b4907199_a2_r2 stage=roofer status=complete reason=- gpu=0
2026-07-15T18:46:23.458900+00:00 run=gs_e5_C001_s3ap_b4907199_a2_r1 stage=score status=failed reason=exit_1 gpu=1
2026-07-15T18:46:23.598433+00:00 run=gs_e5_C001_s3ap_b8568391_a0_r1 stage=checkpoint_gate status=complete reason=- gpu=1
2026-07-15T18:46:23.747946+00:00 run=gs_e5_C001_s3ap_b4907199_a2_r2 stage=score status=failed reason=exit_1 gpu=0
2026-07-15T18:46:23.876460+00:00 run=gs_e5_C001_s3ap_b8568391_a0_r2 stage=checkpoint_gate status=complete reason=- gpu=0
2026-07-15T18:46:29.513133+00:00 run=gs_e5_C001_s3ap_b8568391_a0_r1 stage=extract status=complete reason=- gpu=1
2026-07-15T18:46:29.672392+00:00 run=gs_e5_C001_s3ap_b8568391_a0_r2 stage=extract status=complete reason=- gpu=0
2026-07-15T18:46:30.479328+00:00 run=gs_e5_C001_s3ap_b8568391_a0_r1 stage=prepare_roofer status=prepared reason=- gpu=1
2026-07-15T18:46:30.662010+00:00 run=gs_e5_C001_s3ap_b8568391_a0_r2 stage=prepare_roofer status=prepared reason=- gpu=0
2026-07-15T18:46:31.056031+00:00 run=gs_e5_C001_s3ap_b8568391_a0_r1 stage=roofer status=complete reason=- gpu=1
2026-07-15T18:46:31.279485+00:00 run=gs_e5_C001_s3ap_b8568391_a0_r2 stage=roofer status=complete reason=- gpu=0
2026-07-15T18:46:31.758251+00:00 run=gs_e5_C001_s3ap_b8568391_a0_r1 stage=score status=failed reason=exit_1 gpu=1
2026-07-15T18:46:31.907414+00:00 run=gs_e5_C001_s3ap_b8568391_a1_dz_m0p5_r1 stage=checkpoint_gate status=complete reason=- gpu=1
2026-07-15T18:46:31.983942+00:00 run=gs_e5_C001_s3ap_b8568391_a0_r2 stage=score status=failed reason=exit_1 gpu=0
2026-07-15T18:46:32.134645+00:00 run=gs_e5_C001_s3ap_b8568391_a1_dz_m1_r1 stage=checkpoint_gate status=complete reason=- gpu=0
2026-07-15T18:46:37.808233+00:00 run=gs_e5_C001_s3ap_b8568391_a1_dz_m0p5_r1 stage=extract status=complete reason=- gpu=1
2026-07-15T18:46:38.000208+00:00 run=gs_e5_C001_s3ap_b8568391_a1_dz_m1_r1 stage=extract status=complete reason=- gpu=0
2026-07-15T18:46:38.726895+00:00 run=gs_e5_C001_s3ap_b8568391_a1_dz_m0p5_r1 stage=prepare_roofer status=prepared reason=- gpu=1
2026-07-15T18:46:38.958604+00:00 run=gs_e5_C001_s3ap_b8568391_a1_dz_m1_r1 stage=prepare_roofer status=prepared reason=- gpu=0
2026-07-15T18:46:39.279663+00:00 run=gs_e5_C001_s3ap_b8568391_a1_dz_m0p5_r1 stage=roofer status=complete reason=- gpu=1
2026-07-15T18:46:39.578256+00:00 run=gs_e5_C001_s3ap_b8568391_a1_dz_m1_r1 stage=roofer status=complete reason=- gpu=0
2026-07-15T18:46:40.025950+00:00 run=gs_e5_C001_s3ap_b8568391_a1_dz_m0p5_r1 stage=score status=failed reason=exit_1 gpu=1
2026-07-15T18:46:40.154701+00:00 run=gs_e5_C001_s3ap_b8568391_a1_dz_m2_r1 stage=checkpoint_gate status=complete reason=- gpu=1
2026-07-15T18:46:40.379450+00:00 run=gs_e5_C001_s3ap_b8568391_a1_dz_m1_r1 stage=score status=failed reason=exit_1 gpu=0
2026-07-15T18:46:40.529337+00:00 run=gs_e5_C001_s3ap_b8568391_a1_dz_m4_r1 stage=checkpoint_gate status=complete reason=- gpu=0
2026-07-15T18:46:46.038966+00:00 run=gs_e5_C001_s3ap_b8568391_a1_dz_m2_r1 stage=extract status=complete reason=- gpu=1
2026-07-15T18:46:46.314248+00:00 run=gs_e5_C001_s3ap_b8568391_a1_dz_m4_r1 stage=extract status=complete reason=- gpu=0
2026-07-15T18:46:46.964330+00:00 run=gs_e5_C001_s3ap_b8568391_a1_dz_m2_r1 stage=prepare_roofer status=prepared reason=- gpu=1
2026-07-15T18:46:47.114912+00:00 run=gs_e5_C001_s3ap_b8568391_a1_dz_m4_r1 stage=prepare_roofer status=no_roof_evidence reason=- gpu=0
2026-07-15T18:46:47.168464+00:00 run=gs_e5_C001_s3ap_b8568391_a1_dz_m4_r1 stage=roofer status=not_run reason=no_roof_evidence gpu=0
2026-07-15T18:46:47.488312+00:00 run=gs_e5_C001_s3ap_b8568391_a1_dz_m2_r1 stage=roofer status=complete reason=- gpu=1
2026-07-15T18:46:48.212552+00:00 run=gs_e5_C001_s3ap_b8568391_a1_dz_m2_r1 stage=score status=failed reason=exit_1 gpu=1
2026-07-15T18:46:48.362341+00:00 run=gs_e5_C001_s3ap_b8568391_a1_dz_p0p5_r1 stage=checkpoint_gate status=complete reason=- gpu=1
2026-07-15T18:46:54.155495+00:00 run=gs_e5_C001_s3ap_b8568391_a1_dz_p0p5_r1 stage=extract status=complete reason=- gpu=1
2026-07-15T18:46:55.100462+00:00 run=gs_e5_C001_s3ap_b8568391_a1_dz_p0p5_r1 stage=prepare_roofer status=prepared reason=- gpu=1
2026-07-15T18:46:55.271272+00:00 run=gs_e5_C001_s3ap_b8568391_a1_dz_m4_r1 stage=score status=partial_no_scored_roof_points reason=no_roof_evidence gpu=0
2026-07-15T18:46:55.432296+00:00 run=gs_e5_C001_s3ap_b8568391_a1_dz_p1_r1 stage=checkpoint_gate status=complete reason=- gpu=0
2026-07-15T18:46:55.645340+00:00 run=gs_e5_C001_s3ap_b8568391_a1_dz_p0p5_r1 stage=roofer status=complete reason=- gpu=1
2026-07-15T18:46:56.475191+00:00 run=gs_e5_C001_s3ap_b8568391_a1_dz_p0p5_r1 stage=score status=failed reason=exit_1 gpu=1
2026-07-15T18:46:56.731241+00:00 run=gs_e5_C001_s3ap_b8568391_a1_dz_p2_r1 stage=checkpoint_gate status=complete reason=- gpu=1
2026-07-15T18:47:01.268224+00:00 run=gs_e5_C001_s3ap_b8568391_a1_dz_p1_r1 stage=extract status=complete reason=- gpu=0
2026-07-15T18:47:02.167238+00:00 run=gs_e5_C001_s3ap_b8568391_a1_dz_p1_r1 stage=prepare_roofer status=prepared reason=- gpu=0
2026-07-15T18:47:02.646652+00:00 run=gs_e5_C001_s3ap_b8568391_a1_dz_p2_r1 stage=extract status=complete reason=- gpu=1
2026-07-15T18:47:02.760954+00:00 run=gs_e5_C001_s3ap_b8568391_a1_dz_p1_r1 stage=roofer status=complete reason=- gpu=0
2026-07-15T18:47:03.468302+00:00 run=gs_e5_C001_s3ap_b8568391_a1_dz_p1_r1 stage=score status=failed reason=exit_1 gpu=0
2026-07-15T18:47:03.628861+00:00 run=gs_e5_C001_s3ap_b8568391_a1_dz_p4_r1 stage=checkpoint_gate status=complete reason=- gpu=0
2026-07-15T18:47:03.682377+00:00 run=gs_e5_C001_s3ap_b8568391_a1_dz_p2_r1 stage=prepare_roofer status=prepared reason=- gpu=1
2026-07-15T18:47:04.305670+00:00 run=gs_e5_C001_s3ap_b8568391_a1_dz_p2_r1 stage=roofer status=complete reason=- gpu=1
2026-07-15T18:47:04.971254+00:00 run=gs_e5_C001_s3ap_b8568391_a1_dz_p2_r1 stage=score status=failed reason=exit_1 gpu=1
2026-07-15T18:47:05.121022+00:00 run=gs_e5_C001_s3ap_b8568391_a1_r1 stage=checkpoint_gate status=complete reason=- gpu=1
2026-07-15T18:47:09.577372+00:00 run=gs_e5_C001_s3ap_b8568391_a1_dz_p4_r1 stage=extract status=complete reason=- gpu=0
2026-07-15T18:47:10.487439+00:00 run=gs_e5_C001_s3ap_b8568391_a1_dz_p4_r1 stage=prepare_roofer status=prepared reason=- gpu=0
2026-07-15T18:47:10.977546+00:00 run=gs_e5_C001_s3ap_b8568391_a1_r1 stage=extract status=complete reason=- gpu=1
2026-07-15T18:47:11.127908+00:00 run=gs_e5_C001_s3ap_b8568391_a1_dz_p4_r1 stage=roofer status=complete reason=- gpu=0
2026-07-15T18:47:11.799247+00:00 run=gs_e5_C001_s3ap_b8568391_a1_dz_p4_r1 stage=score status=failed reason=exit_1 gpu=0
2026-07-15T18:47:11.917402+00:00 run=gs_e5_C001_s3ap_b8568391_a1_r1 stage=prepare_roofer status=prepared reason=- gpu=1
2026-07-15T18:47:11.982413+00:00 run=gs_e5_C001_s3ap_b8568391_a1_r2 stage=checkpoint_gate status=complete reason=- gpu=0
2026-07-15T18:47:12.572766+00:00 run=gs_e5_C001_s3ap_b8568391_a1_r1 stage=roofer status=complete reason=- gpu=1
2026-07-15T18:47:13.227956+00:00 run=gs_e5_C001_s3ap_b8568391_a1_r1 stage=score status=failed reason=exit_1 gpu=1
2026-07-15T18:47:13.377767+00:00 run=gs_e5_C001_s3ap_b8568391_a2_r1 stage=checkpoint_gate status=complete reason=- gpu=1
2026-07-15T18:47:17.901335+00:00 run=gs_e5_C001_s3ap_b8568391_a1_r2 stage=extract status=complete reason=- gpu=0
2026-07-15T18:47:18.861114+00:00 run=gs_e5_C001_s3ap_b8568391_a1_r2 stage=prepare_roofer status=prepared reason=- gpu=0
2026-07-15T18:47:19.160545+00:00 run=gs_e5_C001_s3ap_b8568391_a2_r1 stage=extract status=complete reason=- gpu=1
2026-07-15T18:47:19.431789+00:00 run=gs_e5_C001_s3ap_b8568391_a1_r2 stage=roofer status=complete reason=- gpu=0
2026-07-15T18:47:20.081361+00:00 run=gs_e5_C001_s3ap_b8568391_a2_r1 stage=prepare_roofer status=prepared reason=- gpu=1
2026-07-15T18:47:20.162859+00:00 run=gs_e5_C001_s3ap_b8568391_a1_r2 stage=score status=failed reason=exit_1 gpu=0
2026-07-15T18:47:20.327253+00:00 run=gs_e5_C001_s3ap_b8568391_a2_r2 stage=checkpoint_gate status=complete reason=- gpu=0
2026-07-15T18:47:20.643440+00:00 run=gs_e5_C001_s3ap_b8568391_a2_r1 stage=roofer status=complete reason=- gpu=1
2026-07-15T18:47:21.386141+00:00 run=gs_e5_C001_s3ap_b8568391_a2_r1 stage=score status=failed reason=exit_1 gpu=1
2026-07-15T18:47:21.557637+00:00 run=gs_e5_C001_s3ap_b8568392_a0_r1 stage=checkpoint_gate status=complete reason=- gpu=1
2026-07-15T18:47:26.134830+00:00 run=gs_e5_C001_s3ap_b8568391_a2_r2 stage=extract status=complete reason=- gpu=0
2026-07-15T18:47:27.023167+00:00 run=gs_e5_C001_s3ap_b8568391_a2_r2 stage=prepare_roofer status=prepared reason=- gpu=0
2026-07-15T18:47:27.385627+00:00 run=gs_e5_C001_s3ap_b8568392_a0_r1 stage=extract status=complete reason=- gpu=1
2026-07-15T18:47:27.646103+00:00 run=gs_e5_C001_s3ap_b8568391_a2_r2 stage=roofer status=complete reason=- gpu=0
2026-07-15T18:47:28.334294+00:00 run=gs_e5_C001_s3ap_b8568392_a0_r1 stage=prepare_roofer status=prepared reason=- gpu=1
2026-07-15T18:47:28.387839+00:00 run=gs_e5_C001_s3ap_b8568391_a2_r2 stage=score status=failed reason=exit_1 gpu=0
2026-07-15T18:47:28.591176+00:00 run=gs_e5_C001_s3ap_b8568392_a0_r2 stage=checkpoint_gate status=complete reason=- gpu=0
2026-07-15T18:47:28.889815+00:00 run=gs_e5_C001_s3ap_b8568392_a0_r1 stage=roofer status=complete reason=- gpu=1
2026-07-15T18:47:29.648734+00:00 run=gs_e5_C001_s3ap_b8568392_a0_r1 stage=score status=failed reason=exit_1 gpu=1
2026-07-15T18:47:29.806205+00:00 run=gs_e5_C001_s3ap_b8568392_a1_dz_m0p5_r1 stage=checkpoint_gate status=complete reason=- gpu=1
2026-07-15T18:47:34.415869+00:00 run=gs_e5_C001_s3ap_b8568392_a0_r2 stage=extract status=complete reason=- gpu=0
2026-07-15T18:47:35.316516+00:00 run=gs_e5_C001_s3ap_b8568392_a0_r2 stage=prepare_roofer status=prepared reason=- gpu=0
2026-07-15T18:47:35.493235+00:00 run=gs_e5_C001_s3ap_b8568392_a1_dz_m0p5_r1 stage=extract status=complete reason=- gpu=1
2026-07-15T18:47:35.968142+00:00 run=gs_e5_C001_s3ap_b8568392_a0_r2 stage=roofer status=complete reason=- gpu=0
2026-07-15T18:47:36.516433+00:00 run=gs_e5_C001_s3ap_b8568392_a1_dz_m0p5_r1 stage=prepare_roofer status=prepared reason=- gpu=1
2026-07-15T18:47:36.666070+00:00 run=gs_e5_C001_s3ap_b8568392_a0_r2 stage=score status=failed reason=exit_1 gpu=0
2026-07-15T18:47:36.837195+00:00 run=gs_e5_C001_s3ap_b8568392_a1_dz_m1_r1 stage=checkpoint_gate status=complete reason=- gpu=0
2026-07-15T18:47:37.050619+00:00 run=gs_e5_C001_s3ap_b8568392_a1_dz_m0p5_r1 stage=roofer status=complete reason=- gpu=1
2026-07-15T18:47:37.828094+00:00 run=gs_e5_C001_s3ap_b8568392_a1_dz_m0p5_r1 stage=score status=failed reason=exit_1 gpu=1
2026-07-15T18:47:37.988460+00:00 run=gs_e5_C001_s3ap_b8568392_a1_dz_m2_r1 stage=checkpoint_gate status=complete reason=- gpu=1
2026-07-15T18:47:42.594674+00:00 run=gs_e5_C001_s3ap_b8568392_a1_dz_m1_r1 stage=extract status=complete reason=- gpu=0
2026-07-15T18:47:43.497973+00:00 run=gs_e5_C001_s3ap_b8568392_a1_dz_m1_r1 stage=prepare_roofer status=prepared reason=- gpu=0
2026-07-15T18:47:43.757929+00:00 run=gs_e5_C001_s3ap_b8568392_a1_dz_m2_r1 stage=extract status=complete reason=- gpu=1
2026-07-15T18:47:44.063222+00:00 run=gs_e5_C001_s3ap_b8568392_a1_dz_m1_r1 stage=roofer status=complete reason=- gpu=0
2026-07-15T18:47:44.698078+00:00 run=gs_e5_C001_s3ap_b8568392_a1_dz_m2_r1 stage=prepare_roofer status=prepared reason=- gpu=1
2026-07-15T18:47:44.776938+00:00 run=gs_e5_C001_s3ap_b8568392_a1_dz_m1_r1 stage=score status=failed reason=exit_1 gpu=0
2026-07-15T18:47:44.969300+00:00 run=gs_e5_C001_s3ap_b8568392_a1_dz_m4_r1 stage=checkpoint_gate status=complete reason=- gpu=0
2026-07-15T18:47:45.269681+00:00 run=gs_e5_C001_s3ap_b8568392_a1_dz_m2_r1 stage=roofer status=complete reason=- gpu=1
2026-07-15T18:47:46.040622+00:00 run=gs_e5_C001_s3ap_b8568392_a1_dz_m2_r1 stage=score status=failed reason=exit_1 gpu=1
2026-07-15T18:47:46.211070+00:00 run=gs_e5_C001_s3ap_b8568392_a1_dz_p0p5_r1 stage=checkpoint_gate status=complete reason=- gpu=1
2026-07-15T18:47:50.798007+00:00 run=gs_e5_C001_s3ap_b8568392_a1_dz_m4_r1 stage=extract status=complete reason=- gpu=0
2026-07-15T18:47:51.712073+00:00 run=gs_e5_C001_s3ap_b8568392_a1_dz_m4_r1 stage=prepare_roofer status=prepared reason=- gpu=0
2026-07-15T18:47:52.007534+00:00 run=gs_e5_C001_s3ap_b8568392_a1_dz_p0p5_r1 stage=extract status=complete reason=- gpu=1
2026-07-15T18:47:52.278046+00:00 run=gs_e5_C001_s3ap_b8568392_a1_dz_m4_r1 stage=roofer status=complete reason=- gpu=0
2026-07-15T18:47:52.906531+00:00 run=gs_e5_C001_s3ap_b8568392_a1_dz_p0p5_r1 stage=prepare_roofer status=prepared reason=- gpu=1
2026-07-15T18:47:52.987325+00:00 run=gs_e5_C001_s3ap_b8568392_a1_dz_m4_r1 stage=score status=failed reason=exit_1 gpu=0
2026-07-15T18:47:53.168720+00:00 run=gs_e5_C001_s3ap_b8568392_a1_dz_p1_r1 stage=checkpoint_gate status=complete reason=- gpu=0
2026-07-15T18:47:53.433605+00:00 run=gs_e5_C001_s3ap_b8568392_a1_dz_p0p5_r1 stage=roofer status=complete reason=- gpu=1
2026-07-15T18:47:54.178579+00:00 run=gs_e5_C001_s3ap_b8568392_a1_dz_p0p5_r1 stage=score status=failed reason=exit_1 gpu=1
2026-07-15T18:47:54.347149+00:00 run=gs_e5_C001_s3ap_b8568392_a1_dz_p2_r1 stage=checkpoint_gate status=complete reason=- gpu=1
2026-07-15T18:47:58.961349+00:00 run=gs_e5_C001_s3ap_b8568392_a1_dz_p1_r1 stage=extract status=complete reason=- gpu=0
2026-07-15T18:47:59.883319+00:00 run=gs_e5_C001_s3ap_b8568392_a1_dz_p1_r1 stage=prepare_roofer status=prepared reason=- gpu=0
2026-07-15T18:48:00.081415+00:00 run=gs_e5_C001_s3ap_b8568392_a1_dz_p2_r1 stage=extract status=complete reason=- gpu=1
2026-07-15T18:48:00.428584+00:00 run=gs_e5_C001_s3ap_b8568392_a1_dz_p1_r1 stage=roofer status=complete reason=- gpu=0
2026-07-15T18:48:01.052789+00:00 run=gs_e5_C001_s3ap_b8568392_a1_dz_p2_r1 stage=prepare_roofer status=prepared reason=- gpu=1
2026-07-15T18:48:01.147803+00:00 run=gs_e5_C001_s3ap_b8568392_a1_dz_p1_r1 stage=score status=failed reason=exit_1 gpu=0
2026-07-15T18:48:01.340357+00:00 run=gs_e5_C001_s3ap_b8568392_a1_dz_p4_r1 stage=checkpoint_gate status=complete reason=- gpu=0
2026-07-15T18:48:01.628221+00:00 run=gs_e5_C001_s3ap_b8568392_a1_dz_p2_r1 stage=roofer status=complete reason=- gpu=1
2026-07-15T18:48:07.084689+00:00 run=gs_e5_C001_s3ap_b8568392_a1_dz_p4_r1 stage=extract status=complete reason=- gpu=0
2026-07-15T18:48:07.971076+00:00 run=gs_e5_C001_s3ap_b8568392_a1_dz_p4_r1 stage=prepare_roofer status=prepared reason=- gpu=0
2026-07-15T18:48:08.520883+00:00 run=gs_e5_C001_s3ap_b8568392_a1_dz_p4_r1 stage=roofer status=complete reason=- gpu=0
2026-07-15T18:48:16.098820+00:00 run=gs_e5_C001_s3ap_b8568392_a1_dz_p2_r1 stage=score status=complete reason=- gpu=1
2026-07-15T18:48:16.254823+00:00 run=gs_e5_C001_s3ap_b8568392_a1_r1 stage=checkpoint_gate status=complete reason=- gpu=1
2026-07-15T18:48:22.013727+00:00 run=gs_e5_C001_s3ap_b8568392_a1_r1 stage=extract status=complete reason=- gpu=1
2026-07-15T18:48:22.554734+00:00 run=gs_e5_C001_s3ap_b8568392_a1_dz_p4_r1 stage=score status=complete reason=- gpu=0
2026-07-15T18:48:22.715786+00:00 run=gs_e5_C001_s3ap_b8568392_a1_r2 stage=checkpoint_gate status=complete reason=- gpu=0
2026-07-15T18:48:22.939574+00:00 run=gs_e5_C001_s3ap_b8568392_a1_r1 stage=prepare_roofer status=prepared reason=- gpu=1
2026-07-15T18:48:23.556191+00:00 run=gs_e5_C001_s3ap_b8568392_a1_r1 stage=roofer status=complete reason=- gpu=1
2026-07-15T18:48:24.260397+00:00 run=gs_e5_C001_s3ap_b8568392_a1_r1 stage=score status=failed reason=exit_1 gpu=1
2026-07-15T18:48:24.449887+00:00 run=gs_e5_C001_s3ap_b8568392_a2_r1 stage=checkpoint_gate status=complete reason=- gpu=1
2026-07-15T18:48:28.680309+00:00 run=gs_e5_C001_s3ap_b8568392_a1_r2 stage=extract status=complete reason=- gpu=0
2026-07-15T18:48:29.598826+00:00 run=gs_e5_C001_s3ap_b8568392_a1_r2 stage=prepare_roofer status=prepared reason=- gpu=0
2026-07-15T18:48:30.191013+00:00 run=gs_e5_C001_s3ap_b8568392_a1_r2 stage=roofer status=complete reason=- gpu=0
2026-07-15T18:48:30.290321+00:00 run=gs_e5_C001_s3ap_b8568392_a2_r1 stage=extract status=complete reason=- gpu=1
2026-07-15T18:48:30.929324+00:00 run=gs_e5_C001_s3ap_b8568392_a1_r2 stage=score status=failed reason=exit_1 gpu=0
2026-07-15T18:48:31.098862+00:00 run=gs_e5_C001_s3ap_b8568392_a2_r2 stage=checkpoint_gate status=complete reason=- gpu=0
2026-07-15T18:48:31.260435+00:00 run=gs_e5_C001_s3ap_b8568392_a2_r1 stage=prepare_roofer status=prepared reason=- gpu=1
2026-07-15T18:48:31.803783+00:00 run=gs_e5_C001_s3ap_b8568392_a2_r1 stage=roofer status=complete reason=- gpu=1
2026-07-15T18:48:32.485323+00:00 run=gs_e5_C001_s3ap_b8568392_a2_r1 stage=score status=failed reason=exit_1 gpu=1
2026-07-15T18:48:36.939242+00:00 run=gs_e5_C001_s3ap_b8568392_a2_r2 stage=extract status=complete reason=- gpu=0
2026-07-15T18:48:37.850864+00:00 run=gs_e5_C001_s3ap_b8568392_a2_r2 stage=prepare_roofer status=prepared reason=- gpu=0
2026-07-15T18:48:38.364741+00:00 run=gs_e5_C001_s3ap_b8568392_a2_r2 stage=roofer status=complete reason=- gpu=0
2026-07-15T18:48:39.042087+00:00 run=gs_e5_C001_s3ap_b8568392_a2_r2 stage=score status=failed reason=exit_1 gpu=0
2026-07-15T18:48:41.451449+00:00 aggregate exit=1
2026-07-15T19:10:41.467248+00:00 start jobs=42 workers=2 training=0 mast3r_inference=0 image_verification=complete
2026-07-15T19:10:41.528015+00:00 phase2_prewarm start launcher=phases/p2-gsjso/scripts/run_e5_c001_s3ap_phase2.sh serialized=true
2026-07-15T19:10:44.518031+00:00 phase2_prewarm status=complete extension_sha256=b291971546d350951760d34863ff96068c8ef018dcdeaaf0d61ec21471baadd5 verification=results/tum_transfer/e5_s3ap_phase3/gsplat_prewarm_verification.json
2026-07-15T19:10:44.538369+00:00 gpu_serial_queues=0,1 one_worker_per_gpu=true prewarm_verification=complete
2026-07-15T19:10:44.703402+00:00 run=gs_e5_C001_s3ap_b4907199_a0_r1 stage=checkpoint_gate status=complete reason=- gpu=0
2026-07-15T19:10:44.760421+00:00 run=gs_e5_C001_s3ap_b4907199_a0_r2 stage=checkpoint_gate status=complete reason=- gpu=1
2026-07-15T19:10:51.217589+00:00 run=gs_e5_C001_s3ap_b4907199_a0_r1 stage=extract status=complete reason=- gpu=0
2026-07-15T19:10:51.303060+00:00 run=gs_e5_C001_s3ap_b4907199_a0_r2 stage=extract status=complete reason=- gpu=1
2026-07-15T19:10:52.365090+00:00 run=gs_e5_C001_s3ap_b4907199_a0_r1 stage=prepare_roofer status=prepared reason=- gpu=0
2026-07-15T19:10:52.425002+00:00 run=gs_e5_C001_s3ap_b4907199_a0_r2 stage=prepare_roofer status=prepared reason=- gpu=1
2026-07-15T19:10:52.982453+00:00 run=gs_e5_C001_s3ap_b4907199_a0_r1 stage=roofer status=complete reason=- gpu=0
2026-07-15T19:10:53.065124+00:00 run=gs_e5_C001_s3ap_b4907199_a0_r2 stage=roofer status=complete reason=- gpu=1
2026-07-15T19:11:07.582679+00:00 run=gs_e5_C001_s3ap_b4907199_a0_r2 stage=score status=complete reason=- gpu=1
2026-07-15T19:11:07.659834+00:00 run=gs_e5_C001_s3ap_b4907199_a0_r1 stage=score status=complete reason=- gpu=0
2026-07-15T19:11:07.788657+00:00 run=gs_e5_C001_s3ap_b4907199_a1_dz_m0p5_r1 stage=checkpoint_gate status=complete reason=- gpu=1
2026-07-15T19:11:07.872229+00:00 run=gs_e5_C001_s3ap_b4907199_a1_dz_m1_r1 stage=checkpoint_gate status=complete reason=- gpu=0
2026-07-15T19:11:14.293698+00:00 run=gs_e5_C001_s3ap_b4907199_a1_dz_m0p5_r1 stage=extract status=complete reason=- gpu=1
2026-07-15T19:11:14.372147+00:00 run=gs_e5_C001_s3ap_b4907199_a1_dz_m1_r1 stage=extract status=complete reason=- gpu=0
2026-07-15T19:11:15.445134+00:00 run=gs_e5_C001_s3ap_b4907199_a1_dz_m0p5_r1 stage=prepare_roofer status=prepared reason=- gpu=1
2026-07-15T19:11:15.534369+00:00 run=gs_e5_C001_s3ap_b4907199_a1_dz_m1_r1 stage=prepare_roofer status=prepared reason=- gpu=0
2026-07-15T19:11:16.149742+00:00 run=gs_e5_C001_s3ap_b4907199_a1_dz_m0p5_r1 stage=roofer status=complete reason=- gpu=1
2026-07-15T19:11:16.233884+00:00 run=gs_e5_C001_s3ap_b4907199_a1_dz_m1_r1 stage=roofer status=complete reason=- gpu=0
2026-07-15T19:11:30.781425+00:00 run=gs_e5_C001_s3ap_b4907199_a1_dz_m0p5_r1 stage=score status=complete reason=- gpu=1
2026-07-15T19:11:30.952676+00:00 run=gs_e5_C001_s3ap_b4907199_a1_dz_m1_r1 stage=score status=complete reason=- gpu=0
2026-07-15T19:11:31.017344+00:00 run=gs_e5_C001_s3ap_b4907199_a1_dz_m2_r1 stage=checkpoint_gate status=complete reason=- gpu=1
2026-07-15T19:11:31.156283+00:00 run=gs_e5_C001_s3ap_b4907199_a1_dz_m4_r1 stage=checkpoint_gate status=complete reason=- gpu=0
2026-07-15T19:11:37.406668+00:00 run=gs_e5_C001_s3ap_b4907199_a1_dz_m2_r1 stage=extract status=complete reason=- gpu=1
2026-07-15T19:11:37.491960+00:00 run=gs_e5_C001_s3ap_b4907199_a1_dz_m4_r1 stage=extract status=complete reason=- gpu=0
2026-07-15T19:11:38.516320+00:00 run=gs_e5_C001_s3ap_b4907199_a1_dz_m2_r1 stage=prepare_roofer status=prepared reason=- gpu=1
2026-07-15T19:11:38.611523+00:00 run=gs_e5_C001_s3ap_b4907199_a1_dz_m4_r1 stage=prepare_roofer status=prepared reason=- gpu=0
2026-07-15T19:11:39.166393+00:00 run=gs_e5_C001_s3ap_b4907199_a1_dz_m2_r1 stage=roofer status=complete reason=- gpu=1
2026-07-15T19:11:39.249920+00:00 run=gs_e5_C001_s3ap_b4907199_a1_dz_m4_r1 stage=roofer status=complete reason=- gpu=0
2026-07-15T19:11:53.962611+00:00 run=gs_e5_C001_s3ap_b4907199_a1_dz_m4_r1 stage=score status=complete reason=- gpu=0
2026-07-15T19:11:54.047874+00:00 run=gs_e5_C001_s3ap_b4907199_a1_dz_m2_r1 stage=score status=complete reason=- gpu=1
2026-07-15T19:11:54.186753+00:00 run=gs_e5_C001_s3ap_b4907199_a1_dz_p0p5_r1 stage=checkpoint_gate status=complete reason=- gpu=0
2026-07-15T19:11:54.273721+00:00 run=gs_e5_C001_s3ap_b4907199_a1_dz_p1_r1 stage=checkpoint_gate status=complete reason=- gpu=1
2026-07-15T19:12:00.762893+00:00 run=gs_e5_C001_s3ap_b4907199_a1_dz_p1_r1 stage=extract status=complete reason=- gpu=1
2026-07-15T19:12:00.877664+00:00 run=gs_e5_C001_s3ap_b4907199_a1_dz_p0p5_r1 stage=extract status=complete reason=- gpu=0
2026-07-15T19:12:01.903532+00:00 run=gs_e5_C001_s3ap_b4907199_a1_dz_p1_r1 stage=prepare_roofer status=prepared reason=- gpu=1
2026-07-15T19:12:02.032931+00:00 run=gs_e5_C001_s3ap_b4907199_a1_dz_p0p5_r1 stage=prepare_roofer status=prepared reason=- gpu=0
2026-07-15T19:12:02.552478+00:00 run=gs_e5_C001_s3ap_b4907199_a1_dz_p1_r1 stage=roofer status=complete reason=- gpu=1
2026-07-15T19:12:02.671281+00:00 run=gs_e5_C001_s3ap_b4907199_a1_dz_p0p5_r1 stage=roofer status=complete reason=- gpu=0
2026-07-15T19:12:17.399337+00:00 run=gs_e5_C001_s3ap_b4907199_a1_dz_p1_r1 stage=score status=complete reason=- gpu=1
2026-07-15T19:12:17.479156+00:00 run=gs_e5_C001_s3ap_b4907199_a1_dz_p0p5_r1 stage=score status=complete reason=- gpu=0
2026-07-15T19:12:17.625340+00:00 run=gs_e5_C001_s3ap_b4907199_a1_dz_p2_r1 stage=checkpoint_gate status=complete reason=- gpu=1
2026-07-15T19:12:17.710799+00:00 run=gs_e5_C001_s3ap_b4907199_a1_dz_p4_r1 stage=checkpoint_gate status=complete reason=- gpu=0
2026-07-15T19:12:24.258628+00:00 run=gs_e5_C001_s3ap_b4907199_a1_dz_p4_r1 stage=extract status=complete reason=- gpu=0
2026-07-15T19:12:24.333250+00:00 run=gs_e5_C001_s3ap_b4907199_a1_dz_p2_r1 stage=extract status=complete reason=- gpu=1
2026-07-15T19:12:25.399161+00:00 run=gs_e5_C001_s3ap_b4907199_a1_dz_p4_r1 stage=prepare_roofer status=prepared reason=- gpu=0
2026-07-15T19:12:25.476985+00:00 run=gs_e5_C001_s3ap_b4907199_a1_dz_p2_r1 stage=prepare_roofer status=prepared reason=- gpu=1
2026-07-15T19:12:26.053597+00:00 run=gs_e5_C001_s3ap_b4907199_a1_dz_p4_r1 stage=roofer status=complete reason=- gpu=0
2026-07-15T19:12:26.145759+00:00 run=gs_e5_C001_s3ap_b4907199_a1_dz_p2_r1 stage=roofer status=complete reason=- gpu=1
2026-07-15T19:12:40.735633+00:00 run=gs_e5_C001_s3ap_b4907199_a1_dz_p2_r1 stage=score status=complete reason=- gpu=1
2026-07-15T19:12:40.854118+00:00 run=gs_e5_C001_s3ap_b4907199_a1_dz_p4_r1 stage=score status=complete reason=- gpu=0
2026-07-15T19:12:40.930249+00:00 run=gs_e5_C001_s3ap_b4907199_a1_r1 stage=checkpoint_gate status=complete reason=- gpu=1
2026-07-15T19:12:41.059864+00:00 run=gs_e5_C001_s3ap_b4907199_a1_r2 stage=checkpoint_gate status=complete reason=- gpu=0
2026-07-15T19:12:47.262638+00:00 run=gs_e5_C001_s3ap_b4907199_a1_r1 stage=extract status=complete reason=- gpu=1
2026-07-15T19:12:47.347218+00:00 run=gs_e5_C001_s3ap_b4907199_a1_r2 stage=extract status=complete reason=- gpu=0
2026-07-15T19:12:48.357282+00:00 run=gs_e5_C001_s3ap_b4907199_a1_r1 stage=prepare_roofer status=prepared reason=- gpu=1
2026-07-15T19:12:48.432306+00:00 run=gs_e5_C001_s3ap_b4907199_a1_r2 stage=prepare_roofer status=prepared reason=- gpu=0
2026-07-15T19:12:48.984720+00:00 run=gs_e5_C001_s3ap_b4907199_a1_r1 stage=roofer status=complete reason=- gpu=1
2026-07-15T19:12:49.093396+00:00 run=gs_e5_C001_s3ap_b4907199_a1_r2 stage=roofer status=complete reason=- gpu=0
2026-07-15T19:13:03.773505+00:00 run=gs_e5_C001_s3ap_b4907199_a1_r1 stage=score status=complete reason=- gpu=1
2026-07-15T19:13:03.845693+00:00 run=gs_e5_C001_s3ap_b4907199_a1_r2 stage=score status=complete reason=- gpu=0
2026-07-15T19:13:04.008353+00:00 run=gs_e5_C001_s3ap_b4907199_a2_r1 stage=checkpoint_gate status=complete reason=- gpu=1
2026-07-15T19:13:04.093745+00:00 run=gs_e5_C001_s3ap_b4907199_a2_r2 stage=checkpoint_gate status=complete reason=- gpu=0
2026-07-15T19:13:10.634653+00:00 run=gs_e5_C001_s3ap_b4907199_a2_r1 stage=extract status=complete reason=- gpu=1
2026-07-15T19:13:10.696393+00:00 run=gs_e5_C001_s3ap_b4907199_a2_r2 stage=extract status=complete reason=- gpu=0
2026-07-15T19:13:11.772629+00:00 run=gs_e5_C001_s3ap_b4907199_a2_r1 stage=prepare_roofer status=prepared reason=- gpu=1
2026-07-15T19:13:11.839237+00:00 run=gs_e5_C001_s3ap_b4907199_a2_r2 stage=prepare_roofer status=prepared reason=- gpu=0
2026-07-15T19:13:12.412906+00:00 run=gs_e5_C001_s3ap_b4907199_a2_r1 stage=roofer status=complete reason=- gpu=1
2026-07-15T19:13:12.529872+00:00 run=gs_e5_C001_s3ap_b4907199_a2_r2 stage=roofer status=complete reason=- gpu=0
2026-07-15T19:13:27.086974+00:00 run=gs_e5_C001_s3ap_b4907199_a2_r1 stage=score status=complete reason=- gpu=1
2026-07-15T19:13:27.196485+00:00 run=gs_e5_C001_s3ap_b4907199_a2_r2 stage=score status=complete reason=- gpu=0
2026-07-15T19:13:27.310029+00:00 run=gs_e5_C001_s3ap_b8568391_a0_r1 stage=checkpoint_gate status=complete reason=- gpu=1
2026-07-15T19:13:27.409269+00:00 run=gs_e5_C001_s3ap_b8568391_a0_r2 stage=checkpoint_gate status=complete reason=- gpu=0
2026-07-15T19:13:33.469659+00:00 run=gs_e5_C001_s3ap_b8568391_a0_r1 stage=extract status=complete reason=- gpu=1
2026-07-15T19:13:33.579537+00:00 run=gs_e5_C001_s3ap_b8568391_a0_r2 stage=extract status=complete reason=- gpu=0
2026-07-15T19:13:34.436406+00:00 run=gs_e5_C001_s3ap_b8568391_a0_r1 stage=prepare_roofer status=prepared reason=- gpu=1
2026-07-15T19:13:34.515736+00:00 run=gs_e5_C001_s3ap_b8568391_a0_r2 stage=prepare_roofer status=prepared reason=- gpu=0
2026-07-15T19:13:35.086690+00:00 run=gs_e5_C001_s3ap_b8568391_a0_r1 stage=roofer status=complete reason=- gpu=1
2026-07-15T19:13:35.146725+00:00 run=gs_e5_C001_s3ap_b8568391_a0_r2 stage=roofer status=complete reason=- gpu=0
2026-07-15T19:13:49.228613+00:00 run=gs_e5_C001_s3ap_b8568391_a0_r2 stage=score status=complete reason=- gpu=0
2026-07-15T19:13:49.331365+00:00 run=gs_e5_C001_s3ap_b8568391_a0_r1 stage=score status=complete reason=- gpu=1
2026-07-15T19:13:49.430732+00:00 run=gs_e5_C001_s3ap_b8568391_a1_dz_m0p5_r1 stage=checkpoint_gate status=complete reason=- gpu=0
2026-07-15T19:13:49.533488+00:00 run=gs_e5_C001_s3ap_b8568391_a1_dz_m1_r1 stage=checkpoint_gate status=complete reason=- gpu=1
2026-07-15T19:13:55.495958+00:00 run=gs_e5_C001_s3ap_b8568391_a1_dz_m0p5_r1 stage=extract status=complete reason=- gpu=0
2026-07-15T19:13:55.576182+00:00 run=gs_e5_C001_s3ap_b8568391_a1_dz_m1_r1 stage=extract status=complete reason=- gpu=1
2026-07-15T19:13:56.487727+00:00 run=gs_e5_C001_s3ap_b8568391_a1_dz_m0p5_r1 stage=prepare_roofer status=prepared reason=- gpu=0
2026-07-15T19:13:56.572447+00:00 run=gs_e5_C001_s3ap_b8568391_a1_dz_m1_r1 stage=prepare_roofer status=prepared reason=- gpu=1
2026-07-15T19:13:57.148987+00:00 run=gs_e5_C001_s3ap_b8568391_a1_dz_m0p5_r1 stage=roofer status=complete reason=- gpu=0
2026-07-15T19:13:57.243220+00:00 run=gs_e5_C001_s3ap_b8568391_a1_dz_m1_r1 stage=roofer status=complete reason=- gpu=1
2026-07-15T19:14:11.579954+00:00 run=gs_e5_C001_s3ap_b8568391_a1_dz_m0p5_r1 stage=score status=complete reason=- gpu=0
2026-07-15T19:14:11.647913+00:00 run=gs_e5_C001_s3ap_b8568391_a1_dz_m1_r1 stage=score status=complete reason=- gpu=1
2026-07-15T19:14:11.798990+00:00 run=gs_e5_C001_s3ap_b8568391_a1_dz_m2_r1 stage=checkpoint_gate status=complete reason=- gpu=0
2026-07-15T19:14:11.892256+00:00 run=gs_e5_C001_s3ap_b8568391_a1_dz_m4_r1 stage=checkpoint_gate status=complete reason=- gpu=1
2026-07-15T19:14:17.889050+00:00 run=gs_e5_C001_s3ap_b8568391_a1_dz_m2_r1 stage=extract status=complete reason=- gpu=0
2026-07-15T19:14:17.966178+00:00 run=gs_e5_C001_s3ap_b8568391_a1_dz_m4_r1 stage=extract status=complete reason=- gpu=1
2026-07-15T19:14:18.762905+00:00 run=gs_e5_C001_s3ap_b8568391_a1_dz_m4_r1 stage=prepare_roofer status=no_roof_evidence reason=- gpu=1
2026-07-15T19:14:18.831616+00:00 run=gs_e5_C001_s3ap_b8568391_a1_dz_m4_r1 stage=roofer status=not_run reason=no_roof_evidence gpu=1
2026-07-15T19:14:18.902116+00:00 run=gs_e5_C001_s3ap_b8568391_a1_dz_m2_r1 stage=prepare_roofer status=prepared reason=- gpu=0
2026-07-15T19:14:19.477632+00:00 run=gs_e5_C001_s3ap_b8568391_a1_dz_m2_r1 stage=roofer status=complete reason=- gpu=0
2026-07-15T19:14:26.672193+00:00 run=gs_e5_C001_s3ap_b8568391_a1_dz_m4_r1 stage=score status=partial_no_scored_roof_points reason=no_roof_evidence gpu=1
2026-07-15T19:14:26.814064+00:00 run=gs_e5_C001_s3ap_b8568391_a1_dz_p0p5_r1 stage=checkpoint_gate status=complete reason=- gpu=1
2026-07-15T19:14:32.663986+00:00 run=gs_e5_C001_s3ap_b8568391_a1_dz_p0p5_r1 stage=extract status=complete reason=- gpu=1
2026-07-15T19:14:33.603393+00:00 run=gs_e5_C001_s3ap_b8568391_a1_dz_p0p5_r1 stage=prepare_roofer status=prepared reason=- gpu=1
2026-07-15T19:14:33.689648+00:00 run=gs_e5_C001_s3ap_b8568391_a1_dz_m2_r1 stage=score status=complete reason=- gpu=0
2026-07-15T19:14:33.845956+00:00 run=gs_e5_C001_s3ap_b8568391_a1_dz_p1_r1 stage=checkpoint_gate status=complete reason=- gpu=0
2026-07-15T19:14:34.190416+00:00 run=gs_e5_C001_s3ap_b8568391_a1_dz_p0p5_r1 stage=roofer status=complete reason=- gpu=1
2026-07-15T19:14:39.697218+00:00 run=gs_e5_C001_s3ap_b8568391_a1_dz_p1_r1 stage=extract status=complete reason=- gpu=0
2026-07-15T19:14:40.609558+00:00 run=gs_e5_C001_s3ap_b8568391_a1_dz_p1_r1 stage=prepare_roofer status=prepared reason=- gpu=0
2026-07-15T19:14:41.143929+00:00 run=gs_e5_C001_s3ap_b8568391_a1_dz_p1_r1 stage=roofer status=complete reason=- gpu=0
2026-07-15T19:14:48.393527+00:00 run=gs_e5_C001_s3ap_b8568391_a1_dz_p0p5_r1 stage=score status=complete reason=- gpu=1
2026-07-15T19:14:48.554176+00:00 run=gs_e5_C001_s3ap_b8568391_a1_dz_p2_r1 stage=checkpoint_gate status=complete reason=- gpu=1
2026-07-15T19:14:54.407556+00:00 run=gs_e5_C001_s3ap_b8568391_a1_dz_p2_r1 stage=extract status=complete reason=- gpu=1
2026-07-15T19:14:55.388910+00:00 run=gs_e5_C001_s3ap_b8568391_a1_dz_p2_r1 stage=prepare_roofer status=prepared reason=- gpu=1
2026-07-15T19:14:55.466487+00:00 run=gs_e5_C001_s3ap_b8568391_a1_dz_p1_r1 stage=score status=complete reason=- gpu=0
2026-07-15T19:14:55.622758+00:00 run=gs_e5_C001_s3ap_b8568391_a1_dz_p4_r1 stage=checkpoint_gate status=complete reason=- gpu=0
2026-07-15T19:14:55.980893+00:00 run=gs_e5_C001_s3ap_b8568391_a1_dz_p2_r1 stage=roofer status=complete reason=- gpu=1
2026-07-15T19:15:01.442129+00:00 run=gs_e5_C001_s3ap_b8568391_a1_dz_p4_r1 stage=extract status=complete reason=- gpu=0
2026-07-15T19:15:02.400777+00:00 run=gs_e5_C001_s3ap_b8568391_a1_dz_p4_r1 stage=prepare_roofer status=prepared reason=- gpu=0
2026-07-15T19:15:02.965442+00:00 run=gs_e5_C001_s3ap_b8568391_a1_dz_p4_r1 stage=roofer status=complete reason=- gpu=0
2026-07-15T19:15:10.278918+00:00 run=gs_e5_C001_s3ap_b8568391_a1_dz_p2_r1 stage=score status=complete reason=- gpu=1
2026-07-15T19:15:10.437349+00:00 run=gs_e5_C001_s3ap_b8568391_a1_r1 stage=checkpoint_gate status=complete reason=- gpu=1
2026-07-15T19:15:16.248332+00:00 run=gs_e5_C001_s3ap_b8568391_a1_r1 stage=extract status=complete reason=- gpu=1
2026-07-15T19:15:17.282967+00:00 run=gs_e5_C001_s3ap_b8568391_a1_r1 stage=prepare_roofer status=prepared reason=- gpu=1
2026-07-15T19:15:17.360332+00:00 run=gs_e5_C001_s3ap_b8568391_a1_dz_p4_r1 stage=score status=complete reason=- gpu=0
2026-07-15T19:15:17.550235+00:00 run=gs_e5_C001_s3ap_b8568391_a1_r2 stage=checkpoint_gate status=complete reason=- gpu=0
2026-07-15T19:15:17.838008+00:00 run=gs_e5_C001_s3ap_b8568391_a1_r1 stage=roofer status=complete reason=- gpu=1
2026-07-15T19:15:23.394812+00:00 run=gs_e5_C001_s3ap_b8568391_a1_r2 stage=extract status=complete reason=- gpu=0
2026-07-15T19:15:24.396025+00:00 run=gs_e5_C001_s3ap_b8568391_a1_r2 stage=prepare_roofer status=prepared reason=- gpu=0
2026-07-15T19:15:24.920862+00:00 run=gs_e5_C001_s3ap_b8568391_a1_r2 stage=roofer status=complete reason=- gpu=0
2026-07-15T19:15:32.186228+00:00 run=gs_e5_C001_s3ap_b8568391_a1_r1 stage=score status=complete reason=- gpu=1
2026-07-15T19:15:32.346762+00:00 run=gs_e5_C001_s3ap_b8568391_a2_r1 stage=checkpoint_gate status=complete reason=- gpu=1
2026-07-15T19:15:38.115019+00:00 run=gs_e5_C001_s3ap_b8568391_a2_r1 stage=extract status=complete reason=- gpu=1
2026-07-15T19:15:39.049929+00:00 run=gs_e5_C001_s3ap_b8568391_a1_r2 stage=score status=complete reason=- gpu=0
2026-07-15T19:15:39.151082+00:00 run=gs_e5_C001_s3ap_b8568391_a2_r1 stage=prepare_roofer status=prepared reason=- gpu=1
2026-07-15T19:15:39.282747+00:00 run=gs_e5_C001_s3ap_b8568391_a2_r2 stage=checkpoint_gate status=complete reason=- gpu=0
2026-07-15T19:15:39.736686+00:00 run=gs_e5_C001_s3ap_b8568391_a2_r1 stage=roofer status=complete reason=- gpu=1
2026-07-15T19:15:45.105580+00:00 run=gs_e5_C001_s3ap_b8568391_a2_r2 stage=extract status=complete reason=- gpu=0
2026-07-15T19:15:46.077017+00:00 run=gs_e5_C001_s3ap_b8568391_a2_r2 stage=prepare_roofer status=prepared reason=- gpu=0
2026-07-15T19:15:46.612559+00:00 run=gs_e5_C001_s3ap_b8568391_a2_r2 stage=roofer status=complete reason=- gpu=0
2026-07-15T19:15:53.897074+00:00 run=gs_e5_C001_s3ap_b8568391_a2_r1 stage=score status=complete reason=- gpu=1
2026-07-15T19:15:54.057677+00:00 run=gs_e5_C001_s3ap_b8568392_a0_r1 stage=checkpoint_gate status=complete reason=- gpu=1
2026-07-15T19:15:59.800546+00:00 run=gs_e5_C001_s3ap_b8568392_a0_r1 stage=extract status=complete reason=- gpu=1
2026-07-15T19:16:00.599342+00:00 run=gs_e5_C001_s3ap_b8568391_a2_r2 stage=score status=complete reason=- gpu=0
2026-07-15T19:16:00.779369+00:00 run=gs_e5_C001_s3ap_b8568392_a0_r1 stage=prepare_roofer status=prepared reason=- gpu=1
2026-07-15T19:16:00.850051+00:00 run=gs_e5_C001_s3ap_b8568392_a0_r2 stage=checkpoint_gate status=complete reason=- gpu=0
2026-07-15T19:16:01.348258+00:00 run=gs_e5_C001_s3ap_b8568392_a0_r1 stage=roofer status=complete reason=- gpu=1
2026-07-15T19:16:06.694269+00:00 run=gs_e5_C001_s3ap_b8568392_a0_r2 stage=extract status=complete reason=- gpu=0
2026-07-15T19:16:07.623314+00:00 run=gs_e5_C001_s3ap_b8568392_a0_r2 stage=prepare_roofer status=prepared reason=- gpu=0
2026-07-15T19:16:08.162474+00:00 run=gs_e5_C001_s3ap_b8568392_a0_r2 stage=roofer status=complete reason=- gpu=0
2026-07-15T19:16:15.515522+00:00 run=gs_e5_C001_s3ap_b8568392_a0_r1 stage=score status=complete reason=- gpu=1
2026-07-15T19:16:15.676096+00:00 run=gs_e5_C001_s3ap_b8568392_a1_dz_m0p5_r1 stage=checkpoint_gate status=complete reason=- gpu=1
2026-07-15T19:16:21.487033+00:00 run=gs_e5_C001_s3ap_b8568392_a1_dz_m0p5_r1 stage=extract status=complete reason=- gpu=1
2026-07-15T19:16:22.245262+00:00 run=gs_e5_C001_s3ap_b8568392_a0_r2 stage=score status=complete reason=- gpu=0
2026-07-15T19:16:22.403350+00:00 run=gs_e5_C001_s3ap_b8568392_a1_dz_m0p5_r1 stage=prepare_roofer status=prepared reason=- gpu=1
2026-07-15T19:16:22.464053+00:00 run=gs_e5_C001_s3ap_b8568392_a1_dz_m1_r1 stage=checkpoint_gate status=complete reason=- gpu=0
2026-07-15T19:16:22.967214+00:00 run=gs_e5_C001_s3ap_b8568392_a1_dz_m0p5_r1 stage=roofer status=complete reason=- gpu=1
2026-07-15T19:16:28.368403+00:00 run=gs_e5_C001_s3ap_b8568392_a1_dz_m1_r1 stage=extract status=complete reason=- gpu=0
2026-07-15T19:16:29.347201+00:00 run=gs_e5_C001_s3ap_b8568392_a1_dz_m1_r1 stage=prepare_roofer status=prepared reason=- gpu=0
2026-07-15T19:16:29.878981+00:00 run=gs_e5_C001_s3ap_b8568392_a1_dz_m1_r1 stage=roofer status=complete reason=- gpu=0
2026-07-15T19:16:37.297000+00:00 run=gs_e5_C001_s3ap_b8568392_a1_dz_m0p5_r1 stage=score status=complete reason=- gpu=1
2026-07-15T19:16:37.446893+00:00 run=gs_e5_C001_s3ap_b8568392_a1_dz_m2_r1 stage=checkpoint_gate status=complete reason=- gpu=1
2026-07-15T19:16:43.254610+00:00 run=gs_e5_C001_s3ap_b8568392_a1_dz_m2_r1 stage=extract status=complete reason=- gpu=1
2026-07-15T19:16:44.019922+00:00 run=gs_e5_C001_s3ap_b8568392_a1_dz_m1_r1 stage=score status=complete reason=- gpu=0
2026-07-15T19:16:44.201873+00:00 run=gs_e5_C001_s3ap_b8568392_a1_dz_m2_r1 stage=prepare_roofer status=prepared reason=- gpu=1
2026-07-15T19:16:44.266140+00:00 run=gs_e5_C001_s3ap_b8568392_a1_dz_m4_r1 stage=checkpoint_gate status=complete reason=- gpu=0
2026-07-15T19:16:44.775897+00:00 run=gs_e5_C001_s3ap_b8568392_a1_dz_m2_r1 stage=roofer status=complete reason=- gpu=1
2026-07-15T19:16:50.060039+00:00 run=gs_e5_C001_s3ap_b8568392_a1_dz_m4_r1 stage=extract status=complete reason=- gpu=0
2026-07-15T19:16:50.952595+00:00 run=gs_e5_C001_s3ap_b8568392_a1_dz_m4_r1 stage=prepare_roofer status=prepared reason=- gpu=0
2026-07-15T19:16:51.506741+00:00 run=gs_e5_C001_s3ap_b8568392_a1_dz_m4_r1 stage=roofer status=complete reason=- gpu=0
2026-07-15T19:16:58.662049+00:00 run=gs_e5_C001_s3ap_b8568392_a1_dz_m2_r1 stage=score status=complete reason=- gpu=1
2026-07-15T19:16:58.801296+00:00 run=gs_e5_C001_s3ap_b8568392_a1_dz_p0p5_r1 stage=checkpoint_gate status=complete reason=- gpu=1
2026-07-15T19:17:04.510106+00:00 run=gs_e5_C001_s3ap_b8568392_a1_dz_p0p5_r1 stage=extract status=complete reason=- gpu=1
2026-07-15T19:17:05.412918+00:00 run=gs_e5_C001_s3ap_b8568392_a1_dz_p0p5_r1 stage=prepare_roofer status=prepared reason=- gpu=1
2026-07-15T19:17:05.652078+00:00 run=gs_e5_C001_s3ap_b8568392_a1_dz_m4_r1 stage=score status=partial_no_scored_roof_points reason=prepared gpu=0
2026-07-15T19:17:05.879268+00:00 run=gs_e5_C001_s3ap_b8568392_a1_dz_p1_r1 stage=checkpoint_gate status=complete reason=- gpu=0
2026-07-15T19:17:05.979042+00:00 run=gs_e5_C001_s3ap_b8568392_a1_dz_p0p5_r1 stage=roofer status=complete reason=- gpu=1
2026-07-15T19:17:11.726976+00:00 run=gs_e5_C001_s3ap_b8568392_a1_dz_p1_r1 stage=extract status=complete reason=- gpu=0
2026-07-15T19:17:12.674983+00:00 run=gs_e5_C001_s3ap_b8568392_a1_dz_p1_r1 stage=prepare_roofer status=prepared reason=- gpu=0
2026-07-15T19:17:13.240993+00:00 run=gs_e5_C001_s3ap_b8568392_a1_dz_p1_r1 stage=roofer status=complete reason=- gpu=0
2026-07-15T19:17:20.051172+00:00 run=gs_e5_C001_s3ap_b8568392_a1_dz_p0p5_r1 stage=score status=complete reason=- gpu=1
2026-07-15T19:17:20.232991+00:00 run=gs_e5_C001_s3ap_b8568392_a1_dz_p2_r1 stage=checkpoint_gate status=complete reason=- gpu=1
2026-07-15T19:17:25.967848+00:00 run=gs_e5_C001_s3ap_b8568392_a1_dz_p2_r1 stage=extract status=complete reason=- gpu=1
2026-07-15T19:17:26.901238+00:00 run=gs_e5_C001_s3ap_b8568392_a1_dz_p2_r1 stage=prepare_roofer status=prepared reason=- gpu=1
2026-07-15T19:17:27.376497+00:00 run=gs_e5_C001_s3ap_b8568392_a1_dz_p1_r1 stage=score status=complete reason=- gpu=0
2026-07-15T19:17:27.602846+00:00 run=gs_e5_C001_s3ap_b8568392_a1_dz_p4_r1 stage=checkpoint_gate status=complete reason=- gpu=0
2026-07-15T19:17:27.659366+00:00 run=gs_e5_C001_s3ap_b8568392_a1_dz_p2_r1 stage=roofer status=complete reason=- gpu=1
2026-07-15T19:17:33.436096+00:00 run=gs_e5_C001_s3ap_b8568392_a1_dz_p4_r1 stage=extract status=complete reason=- gpu=0
2026-07-15T19:17:34.379469+00:00 run=gs_e5_C001_s3ap_b8568392_a1_dz_p4_r1 stage=prepare_roofer status=prepared reason=- gpu=0
2026-07-15T19:17:34.947454+00:00 run=gs_e5_C001_s3ap_b8568392_a1_dz_p4_r1 stage=roofer status=complete reason=- gpu=0
2026-07-15T19:17:41.762585+00:00 run=gs_e5_C001_s3ap_b8568392_a1_dz_p2_r1 stage=score status=complete reason=- gpu=1
2026-07-15T19:17:41.903965+00:00 run=gs_e5_C001_s3ap_b8568392_a1_r1 stage=checkpoint_gate status=complete reason=- gpu=1
2026-07-15T19:17:47.624305+00:00 run=gs_e5_C001_s3ap_b8568392_a1_r1 stage=extract status=complete reason=- gpu=1
2026-07-15T19:17:48.544353+00:00 run=gs_e5_C001_s3ap_b8568392_a1_r1 stage=prepare_roofer status=prepared reason=- gpu=1
2026-07-15T19:17:49.061166+00:00 run=gs_e5_C001_s3ap_b8568392_a1_dz_p4_r1 stage=score status=complete reason=- gpu=0
2026-07-15T19:17:49.149232+00:00 run=gs_e5_C001_s3ap_b8568392_a1_r1 stage=roofer status=complete reason=- gpu=1
2026-07-15T19:17:49.297830+00:00 run=gs_e5_C001_s3ap_b8568392_a1_r2 stage=checkpoint_gate status=complete reason=- gpu=0
2026-07-15T19:17:55.103023+00:00 run=gs_e5_C001_s3ap_b8568392_a1_r2 stage=extract status=complete reason=- gpu=0
2026-07-15T19:17:56.042534+00:00 run=gs_e5_C001_s3ap_b8568392_a1_r2 stage=prepare_roofer status=prepared reason=- gpu=0
2026-07-15T19:17:56.614460+00:00 run=gs_e5_C001_s3ap_b8568392_a1_r2 stage=roofer status=complete reason=- gpu=0
2026-07-15T19:18:03.314916+00:00 run=gs_e5_C001_s3ap_b8568392_a1_r1 stage=score status=complete reason=- gpu=1
2026-07-15T19:18:03.486157+00:00 run=gs_e5_C001_s3ap_b8568392_a2_r1 stage=checkpoint_gate status=complete reason=- gpu=1
2026-07-15T19:18:09.255344+00:00 run=gs_e5_C001_s3ap_b8568392_a2_r1 stage=extract status=complete reason=- gpu=1
2026-07-15T19:18:10.181827+00:00 run=gs_e5_C001_s3ap_b8568392_a2_r1 stage=prepare_roofer status=prepared reason=- gpu=1
2026-07-15T19:18:10.755404+00:00 run=gs_e5_C001_s3ap_b8568392_a2_r1 stage=roofer status=complete reason=- gpu=1
2026-07-15T19:18:10.992217+00:00 run=gs_e5_C001_s3ap_b8568392_a1_r2 stage=score status=complete reason=- gpu=0
2026-07-15T19:18:11.152838+00:00 run=gs_e5_C001_s3ap_b8568392_a2_r2 stage=checkpoint_gate status=complete reason=- gpu=0
2026-07-15T19:18:16.975590+00:00 run=gs_e5_C001_s3ap_b8568392_a2_r2 stage=extract status=complete reason=- gpu=0
2026-07-15T19:18:17.978810+00:00 run=gs_e5_C001_s3ap_b8568392_a2_r2 stage=prepare_roofer status=prepared reason=- gpu=0
2026-07-15T19:18:18.540854+00:00 run=gs_e5_C001_s3ap_b8568392_a2_r2 stage=roofer status=complete reason=- gpu=0
2026-07-15T19:18:24.829910+00:00 run=gs_e5_C001_s3ap_b8568392_a2_r1 stage=score status=complete reason=- gpu=1
2026-07-15T19:18:32.470331+00:00 run=gs_e5_C001_s3ap_b8568392_a2_r2 stage=score status=complete reason=- gpu=0
2026-07-15T19:19:01.813860+00:00 aggregate exit=0
