2026-07-15T03:19:51.373714+00:00 wave1_start cached-only registration QA
2026-07-15T03:19:52.445637+00:00 wave1_view 4907199 DJI_20241217095141_0077_D quality=reviewable_nonanchor area=2161.329 safe_perim=0.735644
2026-07-15T03:19:53.460212+00:00 wave1_view 4907199 DJI_20241217095145_0079_D quality=reviewable_nonanchor area=2321.662 safe_perim=0.847410
2026-07-15T03:19:54.434260+00:00 wave1_view 4907199 DJI_20241217095147_0080_D quality=reviewable_nonanchor area=2316.601 safe_perim=0.839588
2026-07-15T03:19:55.412459+00:00 wave1_view 4907199 DJI_20241217095149_0081_D quality=reviewable_nonanchor area=2314.425 safe_perim=0.830988
2026-07-15T03:19:56.701247+00:00 wave1_view 4907199 DJI_20241217095441_0023_D quality=reviewable_nonanchor area=44582.168 safe_perim=0.704396
2026-07-15T03:19:58.055284+00:00 wave1_view 4907199 DJI_20241217095531_0048_D quality=frame_clipped_or_too_small area=8919.231 safe_perim=0.182016
2026-07-15T03:19:59.157905+00:00 wave1_view 8568391 DJI_20241217084901_0194_D quality=frame_clipped_or_too_small area=6146.145 safe_perim=0.593910
2026-07-15T03:20:00.249317+00:00 wave1_view 8568391 DJI_20241217084903_0195_D quality=frame_clipped_or_too_small area=4111.777 safe_perim=0.439784
2026-07-15T03:20:01.294245+00:00 wave1_view 8568391 DJI_20241217095441_0023_D quality=anchor area=22988.853 safe_perim=1.000000
2026-07-15T03:20:02.230645+00:00 wave1_view 8568392 DJI_20241217084901_0194_D quality=reviewable_nonanchor area=899.234 safe_perim=1.000000
2026-07-15T03:20:03.155623+00:00 wave1_view 8568392 DJI_20241217084903_0195_D quality=reviewable_nonanchor area=904.044 safe_perim=1.000000
2026-07-15T03:20:04.091743+00:00 wave1_view 8568392 DJI_20241217095441_0023_D quality=anchor area=2477.009 safe_perim=1.000000
2026-07-15T03:20:04.552617+00:00 wave1_complete
2026-07-15T03:25:36.814479+00:00 wave1_start cached-only registration QA
2026-07-15T03:25:37.807187+00:00 wave1_view 4907199 DJI_20241217095141_0077_D quality=reviewable_nonanchor area=2161.329 safe_perim=0.735644
2026-07-15T03:25:38.786132+00:00 wave1_view 4907199 DJI_20241217095145_0079_D quality=reviewable_nonanchor area=2321.662 safe_perim=0.847410
2026-07-15T03:25:39.682968+00:00 wave1_view 4907199 DJI_20241217095147_0080_D quality=reviewable_nonanchor area=2316.601 safe_perim=0.839588
2026-07-15T03:25:40.600064+00:00 wave1_view 4907199 DJI_20241217095149_0081_D quality=reviewable_nonanchor area=2314.425 safe_perim=0.830988
2026-07-15T03:25:41.770307+00:00 wave1_view 4907199 DJI_20241217095441_0023_D quality=reviewable_nonanchor area=44582.168 safe_perim=0.704396
2026-07-15T03:25:42.746056+00:00 wave1_view 4907199 DJI_20241217095531_0048_D quality=frame_clipped_or_too_small area=8919.231 safe_perim=0.182016
2026-07-15T03:25:43.767430+00:00 wave1_view 8568391 DJI_20241217084901_0194_D quality=frame_clipped_or_too_small area=6146.145 safe_perim=0.593910
2026-07-15T03:25:44.610983+00:00 wave1_view 8568391 DJI_20241217084903_0195_D quality=frame_clipped_or_too_small area=4111.777 safe_perim=0.439784
2026-07-15T03:25:45.600927+00:00 wave1_view 8568391 DJI_20241217095441_0023_D quality=anchor area=22988.853 safe_perim=1.000000
2026-07-15T03:25:46.655451+00:00 wave1_view 8568392 DJI_20241217084901_0194_D quality=reviewable_nonanchor area=899.234 safe_perim=1.000000
2026-07-15T03:25:47.520454+00:00 wave1_view 8568392 DJI_20241217084903_0195_D quality=reviewable_nonanchor area=904.044 safe_perim=1.000000
2026-07-15T03:25:48.449013+00:00 wave1_view 8568392 DJI_20241217095441_0023_D quality=anchor area=2477.009 safe_perim=1.000000
2026-07-15T03:25:48.829417+00:00 wave1_complete
2026-07-15T03:27:11.199910+00:00 wave1_start cached-only registration QA
2026-07-15T03:27:12.097950+00:00 wave1_view 4907199 DJI_20241217095141_0077_D quality=reviewable_nonanchor area=2161.329 safe_perim=0.735644
2026-07-15T03:27:13.080079+00:00 wave1_view 4907199 DJI_20241217095145_0079_D quality=reviewable_nonanchor area=2321.662 safe_perim=0.847410
2026-07-15T03:27:14.289249+00:00 wave1_view 4907199 DJI_20241217095147_0080_D quality=reviewable_nonanchor area=2316.601 safe_perim=0.839588
2026-07-15T03:27:15.291802+00:00 wave1_view 4907199 DJI_20241217095149_0081_D quality=reviewable_nonanchor area=2314.425 safe_perim=0.830988
2026-07-15T03:27:16.628204+00:00 wave1_view 4907199 DJI_20241217095441_0023_D quality=reviewable_nonanchor area=44582.168 safe_perim=0.704396
2026-07-15T03:27:17.668863+00:00 wave1_view 4907199 DJI_20241217095531_0048_D quality=frame_clipped_or_too_small area=8919.231 safe_perim=0.182016
2026-07-15T03:27:18.664047+00:00 wave1_view 8568391 DJI_20241217084901_0194_D quality=frame_clipped_or_too_small area=6146.145 safe_perim=0.593910
2026-07-15T03:27:19.622798+00:00 wave1_view 8568391 DJI_20241217084903_0195_D quality=frame_clipped_or_too_small area=4111.777 safe_perim=0.439784
2026-07-15T03:27:20.660633+00:00 wave1_view 8568391 DJI_20241217095441_0023_D quality=anchor area=22988.853 safe_perim=1.000000
2026-07-15T03:27:21.525310+00:00 wave1_view 8568392 DJI_20241217084901_0194_D quality=reviewable_nonanchor area=899.234 safe_perim=1.000000
2026-07-15T03:27:22.421284+00:00 wave1_view 8568392 DJI_20241217084903_0195_D quality=reviewable_nonanchor area=904.044 safe_perim=1.000000
2026-07-15T03:27:23.374657+00:00 wave1_view 8568392 DJI_20241217095441_0023_D quality=anchor area=2477.009 safe_perim=1.000000
2026-07-15T03:27:23.592516+00:00 wave1_complete
2026-07-15T04:02:16.901631+00:00 wave2_start cached-only all-inside rescore
2026-07-15T04:02:17.413694+00:00 wave2_pair 4907199 rank=1 eligible=True inside=373 dz=0.024917
2026-07-15T04:02:17.467207+00:00 wave2_pair 4907199 rank=2 eligible=True inside=0 dz=
2026-07-15T04:02:17.521145+00:00 wave2_pair 4907199 rank=3 eligible=True inside=0 dz=
2026-07-15T04:02:17.574876+00:00 wave2_pair 4907199 rank=4 eligible=True inside=0 dz=
2026-07-15T04:02:17.628597+00:00 wave2_pair 4907199 rank=5 eligible=True inside=0 dz=
2026-07-15T04:02:17.693068+00:00 wave2_pair 4907199 rank=6 eligible=False inside=17 dz=10.844948
2026-07-15T04:02:17.746785+00:00 wave2_pair 4907199 rank=7 eligible=True inside=0 dz=
2026-07-15T04:02:17.800499+00:00 wave2_pair 4907199 rank=8 eligible=True inside=0 dz=
2026-07-15T04:02:18.230555+00:00 wave2_pair 4907199 rank=9 eligible=False inside=125 dz=9.209937
2026-07-15T04:02:18.283789+00:00 wave2_pair 4907199 rank=10 eligible=False inside=0 dz=
2026-07-15T04:02:18.709439+00:00 wave2_summary 4907199 inside=373 dz=0.024917 coverage=0.129442 class=ii_height_near_scattered_or_low_coverage
2026-07-15T04:02:18.858429+00:00 wave2_pair 8568391 rank=1 eligible=True inside=256 dz=0.110485
2026-07-15T04:02:18.922433+00:00 wave2_pair 8568391 rank=2 eligible=True inside=200 dz=0.120770
2026-07-15T04:02:18.986337+00:00 wave2_pair 8568391 rank=3 eligible=False inside=108 dz=0.087212
2026-07-15T04:02:19.060889+00:00 wave2_summary 8568391 inside=456 dz=0.115291 coverage=0.554054 class=i_seed_usable
2026-07-15T04:02:19.188477+00:00 wave2_pair 8568392 rank=1 eligible=True inside=3 dz=0.417134
2026-07-15T04:02:19.252437+00:00 wave2_pair 8568392 rank=2 eligible=True inside=3 dz=0.295662
2026-07-15T04:02:19.305846+00:00 wave2_pair 8568392 rank=3 eligible=False inside=2 dz=0.215918
2026-07-15T04:02:19.359163+00:00 wave2_summary 8568392 inside=6 dz=0.356398 coverage=0.090909 class=ii_height_near_scattered_or_low_coverage
2026-07-15T04:02:21.256747+00:00 wave2_complete
2026-07-15T04:05:15.831024+00:00 wave2_start cached-only all-inside rescore
2026-07-15T04:05:16.318785+00:00 wave2_pair 4907199 rank=1 eligible=True inside=373 dz=0.024917
2026-07-15T04:05:16.382528+00:00 wave2_pair 4907199 rank=2 eligible=True inside=0 dz=
2026-07-15T04:05:16.446418+00:00 wave2_pair 4907199 rank=3 eligible=True inside=0 dz=
2026-07-15T04:05:16.499851+00:00 wave2_pair 4907199 rank=4 eligible=True inside=0 dz=
2026-07-15T04:05:16.553079+00:00 wave2_pair 4907199 rank=5 eligible=True inside=0 dz=
2026-07-15T04:05:16.616988+00:00 wave2_pair 4907199 rank=6 eligible=False inside=17 dz=10.844948
2026-07-15T04:05:16.670225+00:00 wave2_pair 4907199 rank=7 eligible=True inside=0 dz=
2026-07-15T04:05:16.723452+00:00 wave2_pair 4907199 rank=8 eligible=True inside=0 dz=
2026-07-15T04:05:17.153037+00:00 wave2_pair 4907199 rank=9 eligible=False inside=125 dz=9.209937
2026-07-15T04:05:17.206739+00:00 wave2_pair 4907199 rank=10 eligible=False inside=0 dz=
2026-07-15T04:05:17.648478+00:00 wave2_summary 4907199 inside=373 dz=0.024917 coverage=0.129442 class=ii_height_near_scattered_or_low_coverage
2026-07-15T04:05:17.797516+00:00 wave2_pair 8568391 rank=1 eligible=True inside=256 dz=0.110485
2026-07-15T04:05:17.861341+00:00 wave2_pair 8568391 rank=2 eligible=True inside=200 dz=0.120770
2026-07-15T04:05:17.925378+00:00 wave2_pair 8568391 rank=3 eligible=False inside=108 dz=0.087212
2026-07-15T04:05:18.000100+00:00 wave2_summary 8568391 inside=456 dz=0.115291 coverage=0.554054 class=i_seed_usable
2026-07-15T04:05:18.127781+00:00 wave2_pair 8568392 rank=1 eligible=True inside=3 dz=0.417134
2026-07-15T04:05:18.180976+00:00 wave2_pair 8568392 rank=2 eligible=True inside=3 dz=0.295662
2026-07-15T04:05:18.234332+00:00 wave2_pair 8568392 rank=3 eligible=False inside=2 dz=0.215918
2026-07-15T04:05:18.287635+00:00 wave2_summary 8568392 inside=6 dz=0.356398 coverage=0.090909 class=ii_height_near_scattered_or_low_coverage
2026-07-15T04:05:20.101360+00:00 wave2_complete
2026-07-15T04:26:14.684098+00:00 wave2_start cached-only all-inside rescore
2026-07-15T04:26:15.206586+00:00 wave2_pair 4907199 rank=1 eligible=True inside=373 dz=0.024917
2026-07-15T04:26:15.270401+00:00 wave2_pair 4907199 rank=2 eligible=True inside=0 dz=
2026-07-15T04:26:15.334445+00:00 wave2_pair 4907199 rank=3 eligible=True inside=0 dz=
2026-07-15T04:26:15.398182+00:00 wave2_pair 4907199 rank=4 eligible=True inside=0 dz=
2026-07-15T04:26:15.472788+00:00 wave2_pair 4907199 rank=5 eligible=True inside=0 dz=
2026-07-15T04:26:15.569499+00:00 wave2_pair 4907199 rank=6 eligible=False inside=17 dz=10.844948
2026-07-15T04:26:15.707016+00:00 wave2_pair 4907199 rank=7 eligible=True inside=0 dz=
2026-07-15T04:26:15.792099+00:00 wave2_pair 4907199 rank=8 eligible=True inside=0 dz=
2026-07-15T04:26:16.243870+00:00 wave2_pair 4907199 rank=9 eligible=False inside=125 dz=9.209937
2026-07-15T04:26:16.318903+00:00 wave2_pair 4907199 rank=10 eligible=False inside=0 dz=
2026-07-15T04:26:16.760219+00:00 wave2_summary 4907199 inside=373 dz=0.024917 coverage=0.125000 class=ii_near_height_scattered_or_low_coverage
2026-07-15T04:26:16.919915+00:00 wave2_pair 8568391 rank=1 eligible=True inside=256 dz=0.110485
2026-07-15T04:26:16.994445+00:00 wave2_pair 8568391 rank=2 eligible=True inside=200 dz=0.120770
2026-07-15T04:26:17.058520+00:00 wave2_pair 8568391 rank=3 eligible=False inside=108 dz=0.087212
2026-07-15T04:26:17.143570+00:00 wave2_summary 8568391 inside=456 dz=0.115291 coverage=0.471698 class=i_seed_usable
2026-07-15T04:26:17.271474+00:00 wave2_pair 8568392 rank=1 eligible=True inside=3 dz=0.417134
2026-07-15T04:26:17.324791+00:00 wave2_pair 8568392 rank=2 eligible=True inside=3 dz=0.295662
2026-07-15T04:26:17.378158+00:00 wave2_pair 8568392 rank=3 eligible=False inside=2 dz=0.215918
2026-07-15T04:26:17.442066+00:00 wave2_summary 8568392 inside=6 dz=0.356398 coverage=0.108108 class=ii_near_height_scattered_or_low_coverage
2026-07-15T04:26:19.325678+00:00 wave2_complete
2026-07-15T04:27:10.407896+00:00 wave2_start cached-only all-inside rescore
2026-07-15T04:27:10.939966+00:00 wave2_pair 4907199 rank=1 eligible=True inside=373 dz=0.024917
2026-07-15T04:27:11.003822+00:00 wave2_pair 4907199 rank=2 eligible=True inside=0 dz=
2026-07-15T04:27:11.078342+00:00 wave2_pair 4907199 rank=3 eligible=True inside=0 dz=
2026-07-15T04:27:11.142234+00:00 wave2_pair 4907199 rank=4 eligible=True inside=0 dz=
2026-07-15T04:27:11.227452+00:00 wave2_pair 4907199 rank=5 eligible=True inside=0 dz=
2026-07-15T04:27:11.323254+00:00 wave2_pair 4907199 rank=6 eligible=False inside=17 dz=10.844948
2026-07-15T04:27:11.408498+00:00 wave2_pair 4907199 rank=7 eligible=True inside=0 dz=
2026-07-15T04:27:11.497377+00:00 wave2_pair 4907199 rank=8 eligible=True inside=0 dz=
2026-07-15T04:27:11.997403+00:00 wave2_pair 4907199 rank=9 eligible=False inside=125 dz=9.209937
2026-07-15T04:27:12.093423+00:00 wave2_pair 4907199 rank=10 eligible=False inside=0 dz=
2026-07-15T04:27:12.572122+00:00 wave2_summary 4907199 inside=373 dz=0.024917 coverage=0.125000 class=ii_near_height_scattered_or_low_coverage
2026-07-15T04:27:12.731863+00:00 wave2_pair 8568391 rank=1 eligible=True inside=256 dz=0.110485
2026-07-15T04:27:12.806550+00:00 wave2_pair 8568391 rank=2 eligible=True inside=200 dz=0.120770
2026-07-15T04:27:12.870640+00:00 wave2_pair 8568391 rank=3 eligible=False inside=108 dz=0.087212
2026-07-15T04:27:12.955939+00:00 wave2_summary 8568391 inside=456 dz=0.115291 coverage=0.471698 class=i_seed_usable
2026-07-15T04:27:13.079886+00:00 wave2_pair 8568392 rank=1 eligible=True inside=3 dz=0.417134
2026-07-15T04:27:13.185910+00:00 wave2_pair 8568392 rank=2 eligible=True inside=3 dz=0.295662
2026-07-15T04:27:13.288194+00:00 wave2_pair 8568392 rank=3 eligible=False inside=2 dz=0.215918
2026-07-15T04:27:13.384154+00:00 wave2_summary 8568392 inside=6 dz=0.356398 coverage=0.108108 class=ii_near_height_scattered_or_low_coverage
2026-07-15T04:27:15.296627+00:00 wave2_complete
2026-07-15T04:29:15.083542+00:00 wave2_start cached-only all-inside rescore
2026-07-15T04:29:15.597880+00:00 wave2_pair 4907199 rank=1 eligible=True inside=373 dz=0.024917
2026-07-15T04:29:15.704151+00:00 wave2_pair 4907199 rank=2 eligible=True inside=0 dz=
2026-07-15T04:29:15.810678+00:00 wave2_pair 4907199 rank=3 eligible=True inside=0 dz=
2026-07-15T04:29:15.927864+00:00 wave2_pair 4907199 rank=4 eligible=True inside=0 dz=
2026-07-15T04:29:16.044931+00:00 wave2_pair 4907199 rank=5 eligible=True inside=0 dz=
2026-07-15T04:29:16.172644+00:00 wave2_pair 4907199 rank=6 eligible=False inside=17 dz=10.844948
2026-07-15T04:29:16.289747+00:00 wave2_pair 4907199 rank=7 eligible=True inside=0 dz=
2026-07-15T04:29:16.406906+00:00 wave2_pair 4907199 rank=8 eligible=True inside=0 dz=
2026-07-15T04:29:16.906674+00:00 wave2_pair 4907199 rank=9 eligible=False inside=125 dz=9.209937
2026-07-15T04:29:17.013265+00:00 wave2_pair 4907199 rank=10 eligible=False inside=0 dz=
2026-07-15T04:29:17.492036+00:00 wave2_summary 4907199 inside=373 dz=0.024917 coverage=0.125000 class=ii_near_height_scattered_or_low_coverage
2026-07-15T04:29:17.662296+00:00 wave2_pair 8568391 rank=1 eligible=True inside=256 dz=0.110485
2026-07-15T04:29:17.758289+00:00 wave2_pair 8568391 rank=2 eligible=True inside=200 dz=0.120770
2026-07-15T04:29:17.856251+00:00 wave2_pair 8568391 rank=3 eligible=False inside=108 dz=0.087212
2026-07-15T04:29:17.973870+00:00 wave2_summary 8568391 inside=456 dz=0.115291 coverage=0.471698 class=i_seed_usable
2026-07-15T04:29:18.130911+00:00 wave2_pair 8568392 rank=1 eligible=True inside=3 dz=0.417134
2026-07-15T04:29:18.219618+00:00 wave2_pair 8568392 rank=2 eligible=True inside=3 dz=0.295662
2026-07-15T04:29:18.322627+00:00 wave2_pair 8568392 rank=3 eligible=False inside=2 dz=0.215918
2026-07-15T04:29:18.418450+00:00 wave2_summary 8568392 inside=6 dz=0.356398 coverage=0.108108 class=ii_near_height_scattered_or_low_coverage
2026-07-15T04:29:20.324221+00:00 wave2_complete
