[boxes] 1 target footprint boxes
[sem] GS-semantic OFF (no sem_logits in ckpt or --no-sem); XYZ-only fusion
[model] N=405896 ckpt=phases/p2-gsjso/runs/20260724_fusion_w1/training/by_building/DEBY_LOD2_42364609/arm_A/r1/infra_retry_01/ckpt/final.pt
Traceback (most recent call last):
  File "/opt/conda/lib/python3.11/site-packages/gsplat/cuda/_backend.py", line 83, in <module>
    from gsplat import csrc as _C
ImportError: cannot import name 'csrc' from 'gsplat' (/opt/conda/lib/python3.11/site-packages/gsplat/__init__.py)

During handling of the above exception, another exception occurred:

Traceback (most recent call last):
  File "/opt/conda/lib/python3.11/site-packages/torch/utils/cpp_extension.py", line 2105, in _run_ninja_build
    subprocess.run(
  File "/opt/conda/lib/python3.11/subprocess.py", line 571, in run
    raise CalledProcessError(retcode, process.args,
subprocess.CalledProcessError: Command '['ninja', '-v', '-j', '10']' returned non-zero exit status 137.

The above exception was the direct cause of the following exception:

Traceback (most recent call last):
  File "/workspace/JointBuildGS/phases/p2-gsjso/scripts/tum_mob_tsdf_extract.py", line 185, in <module>
    main()
  File "/workspace/JointBuildGS/phases/p2-gsjso/scripts/tum_mob_tsdf_extract.py", line 112, in main
    out = rasterization_2dgs(means=means, quats=quats, scales=scales, opacities=opac, colors=colors,
          ^^^^^^^^^^^^^^^^^^^^^^^^^^^^^^^^^^^^^^^^^^^^^^^^^^^^^^^^^^^^^^^^^^^^^^^^^^^^^^^^^^^^^^^^^^
  File "/opt/conda/lib/python3.11/site-packages/gsplat/rendering.py", line 1158, in rasterization_2dgs
    proj_results = fully_fused_projection_2dgs(
                   ^^^^^^^^^^^^^^^^^^^^^^^^^^^^
  File "/opt/conda/lib/python3.11/site-packages/gsplat/cuda/_wrapper.py", line 1331, in fully_fused_projection_2dgs
    return _FullyFusedProjection2DGS.apply(
           ^^^^^^^^^^^^^^^^^^^^^^^^^^^^^^^^
  File "/opt/conda/lib/python3.11/site-packages/torch/autograd/function.py", line 574, in apply
    return super().apply(*args, **kwargs)  # type: ignore[misc]
           ^^^^^^^^^^^^^^^^^^^^^^^^^^^^^^
  File "/opt/conda/lib/python3.11/site-packages/gsplat/cuda/_wrapper.py", line 1364, in forward
    radii, means2d, depths, ray_transforms, normals = _make_lazy_cuda_func(
                                                      ^^^^^^^^^^^^^^^^^^^^^
  File "/opt/conda/lib/python3.11/site-packages/gsplat/cuda/_wrapper.py", line 12, in call_cuda
    from ._backend import _C
  File "/opt/conda/lib/python3.11/site-packages/gsplat/cuda/_backend.py", line 130, in <module>
    _C = load_extension(
         ^^^^^^^^^^^^^^^
  File "/opt/conda/lib/python3.11/site-packages/gsplat/cuda/_backend.py", line 42, in load_extension
    return load(
           ^^^^^
  File "/opt/conda/lib/python3.11/site-packages/torch/utils/cpp_extension.py", line 1312, in load
    return _jit_compile(
           ^^^^^^^^^^^^^
  File "/opt/conda/lib/python3.11/site-packages/torch/utils/cpp_extension.py", line 1722, in _jit_compile
    _write_ninja_file_and_build_library(
  File "/opt/conda/lib/python3.11/site-packages/torch/utils/cpp_extension.py", line 1834, in _write_ninja_file_and_build_library
    _run_ninja_build(
  File "/opt/conda/lib/python3.11/site-packages/torch/utils/cpp_extension.py", line 2121, in _run_ninja_build
    raise RuntimeError(message) from e
RuntimeError: Error building extension 'gsplat_cuda': [1/26] /usr/local/cuda/bin/nvcc --generate-dependencies-with-compile --dependency-output compute_sh_fwd.cuda.o.d -DTORCH_EXTENSION_NAME=gsplat_cuda -DTORCH_API_INCLUDE_EXTENSION_H -DPYBIND11_COMPILER_TYPE=\"_gcc\" -DPYBIND11_STDLIB=\"_libstdcpp\" -DPYBIND11_BUILD_ABI=\"_cxxabi1011\" -I/opt/conda/lib/python3.11/site-packages/gsplat/cuda/csrc -I/opt/conda/lib/python3.11/site-packages/gsplat/cuda/csrc/third_party/glm -isystem /opt/conda/lib/python3.11/site-packages/torch/include -isystem /opt/conda/lib/python3.11/site-packages/torch/include/torch/csrc/api/include -isystem /opt/conda/lib/python3.11/site-packages/torch/include/TH -isystem /opt/conda/lib/python3.11/site-packages/torch/include/THC -isystem /usr/local/cuda/include -isystem /opt/conda/include/python3.11 -D_GLIBCXX_USE_CXX11_ABI=0 -D__CUDA_NO_HALF_OPERATORS__ -D__CUDA_NO_HALF_CONVERSIONS__ -D__CUDA_NO_BFLOAT16_CONVERSIONS__ -D__CUDA_NO_HALF2_OPERATORS__ --expt-relaxed-constexpr -gencode=arch=compute_86,code=sm_86 --compiler-options '-fPIC' -O3 --use_fast_math -std=c++17 -c /opt/conda/lib/python3.11/site-packages/gsplat/cuda/csrc/compute_sh_fwd.cu -o compute_sh_fwd.cuda.o 
FAILED: [code=137] compute_sh_fwd.cuda.o 
/usr/local/cuda/bin/nvcc --generate-dependencies-with-compile --dependency-output compute_sh_fwd.cuda.o.d -DTORCH_EXTENSION_NAME=gsplat_cuda -DTORCH_API_INCLUDE_EXTENSION_H -DPYBIND11_COMPILER_TYPE=\"_gcc\" -DPYBIND11_STDLIB=\"_libstdcpp\" -DPYBIND11_BUILD_ABI=\"_cxxabi1011\" -I/opt/conda/lib/python3.11/site-packages/gsplat/cuda/csrc -I/opt/conda/lib/python3.11/site-packages/gsplat/cuda/csrc/third_party/glm -isystem /opt/conda/lib/python3.11/site-packages/torch/include -isystem /opt/conda/lib/python3.11/site-packages/torch/include/torch/csrc/api/include -isystem /opt/conda/lib/python3.11/site-packages/torch/include/TH -isystem /opt/conda/lib/python3.11/site-packages/torch/include/THC -isystem /usr/local/cuda/include -isystem /opt/conda/include/python3.11 -D_GLIBCXX_USE_CXX11_ABI=0 -D__CUDA_NO_HALF_OPERATORS__ -D__CUDA_NO_HALF_CONVERSIONS__ -D__CUDA_NO_BFLOAT16_CONVERSIONS__ -D__CUDA_NO_HALF2_OPERATORS__ --expt-relaxed-constexpr -gencode=arch=compute_86,code=sm_86 --compiler-options '-fPIC' -O3 --use_fast_math -std=c++17 -c /opt/conda/lib/python3.11/site-packages/gsplat/cuda/csrc/compute_sh_fwd.cu -o compute_sh_fwd.cuda.o 
Killed
[2/26] /usr/local/cuda/bin/nvcc --generate-dependencies-with-compile --dependency-output proj_fwd.cuda.o.d -DTORCH_EXTENSION_NAME=gsplat_cuda -DTORCH_API_INCLUDE_EXTENSION_H -DPYBIND11_COMPILER_TYPE=\"_gcc\" -DPYBIND11_STDLIB=\"_libstdcpp\" -DPYBIND11_BUILD_ABI=\"_cxxabi1011\" -I/opt/conda/lib/python3.11/site-packages/gsplat/cuda/csrc -I/opt/conda/lib/python3.11/site-packages/gsplat/cuda/csrc/third_party/glm -isystem /opt/conda/lib/python3.11/site-packages/torch/include -isystem /opt/conda/lib/python3.11/site-packages/torch/include/torch/csrc/api/include -isystem /opt/conda/lib/python3.11/site-packages/torch/include/TH -isystem /opt/conda/lib/python3.11/site-packages/torch/include/THC -isystem /usr/local/cuda/include -isystem /opt/conda/include/python3.11 -D_GLIBCXX_USE_CXX11_ABI=0 -D__CUDA_NO_HALF_OPERATORS__ -D__CUDA_NO_HALF_CONVERSIONS__ -D__CUDA_NO_BFLOAT16_CONVERSIONS__ -D__CUDA_NO_HALF2_OPERATORS__ --expt-relaxed-constexpr -gencode=arch=compute_86,code=sm_86 --compiler-options '-fPIC' -O3 --use_fast_math -std=c++17 -c /opt/conda/lib/python3.11/site-packages/gsplat/cuda/csrc/proj_fwd.cu -o proj_fwd.cuda.o 
FAILED: [code=137] proj_fwd.cuda.o 
/usr/local/cuda/bin/nvcc --generate-dependencies-with-compile --dependency-output proj_fwd.cuda.o.d -DTORCH_EXTENSION_NAME=gsplat_cuda -DTORCH_API_INCLUDE_EXTENSION_H -DPYBIND11_COMPILER_TYPE=\"_gcc\" -DPYBIND11_STDLIB=\"_libstdcpp\" -DPYBIND11_BUILD_ABI=\"_cxxabi1011\" -I/opt/conda/lib/python3.11/site-packages/gsplat/cuda/csrc -I/opt/conda/lib/python3.11/site-packages/gsplat/cuda/csrc/third_party/glm -isystem /opt/conda/lib/python3.11/site-packages/torch/include -isystem /opt/conda/lib/python3.11/site-packages/torch/include/torch/csrc/api/include -isystem /opt/conda/lib/python3.11/site-packages/torch/include/TH -isystem /opt/conda/lib/python3.11/site-packages/torch/include/THC -isystem /usr/local/cuda/include -isystem /opt/conda/include/python3.11 -D_GLIBCXX_USE_CXX11_ABI=0 -D__CUDA_NO_HALF_OPERATORS__ -D__CUDA_NO_HALF_CONVERSIONS__ -D__CUDA_NO_BFLOAT16_CONVERSIONS__ -D__CUDA_NO_HALF2_OPERATORS__ --expt-relaxed-constexpr -gencode=arch=compute_86,code=sm_86 --compiler-options '-fPIC' -O3 --use_fast_math -std=c++17 -c /opt/conda/lib/python3.11/site-packages/gsplat/cuda/csrc/proj_fwd.cu -o proj_fwd.cuda.o 
Killed
[3/26] /usr/local/cuda/bin/nvcc --generate-dependencies-with-compile --dependency-output rasterize_to_indices_in_range.cuda.o.d -DTORCH_EXTENSION_NAME=gsplat_cuda -DTORCH_API_INCLUDE_EXTENSION_H -DPYBIND11_COMPILER_TYPE=\"_gcc\" -DPYBIND11_STDLIB=\"_libstdcpp\" -DPYBIND11_BUILD_ABI=\"_cxxabi1011\" -I/opt/conda/lib/python3.11/site-packages/gsplat/cuda/csrc -I/opt/conda/lib/python3.11/site-packages/gsplat/cuda/csrc/third_party/glm -isystem /opt/conda/lib/python3.11/site-packages/torch/include -isystem /opt/conda/lib/python3.11/site-packages/torch/include/torch/csrc/api/include -isystem /opt/conda/lib/python3.11/site-packages/torch/include/TH -isystem /opt/conda/lib/python3.11/site-packages/torch/include/THC -isystem /usr/local/cuda/include -isystem /opt/conda/include/python3.11 -D_GLIBCXX_USE_CXX11_ABI=0 -D__CUDA_NO_HALF_OPERATORS__ -D__CUDA_NO_HALF_CONVERSIONS__ -D__CUDA_NO_BFLOAT16_CONVERSIONS__ -D__CUDA_NO_HALF2_OPERATORS__ --expt-relaxed-constexpr -gencode=arch=compute_86,code=sm_86 --compiler-options '-fPIC' -O3 --use_fast_math -std=c++17 -c /opt/conda/lib/python3.11/site-packages/gsplat/cuda/csrc/rasterize_to_indices_in_range.cu -o rasterize_to_indices_in_range.cuda.o 
[4/26] /usr/local/cuda/bin/nvcc --generate-dependencies-with-compile --dependency-output quat_scale_to_covar_preci_fwd.cuda.o.d -DTORCH_EXTENSION_NAME=gsplat_cuda -DTORCH_API_INCLUDE_EXTENSION_H -DPYBIND11_COMPILER_TYPE=\"_gcc\" -DPYBIND11_STDLIB=\"_libstdcpp\" -DPYBIND11_BUILD_ABI=\"_cxxabi1011\" -I/opt/conda/lib/python3.11/site-packages/gsplat/cuda/csrc -I/opt/conda/lib/python3.11/site-packages/gsplat/cuda/csrc/third_party/glm -isystem /opt/conda/lib/python3.11/site-packages/torch/include -isystem /opt/conda/lib/python3.11/site-packages/torch/include/torch/csrc/api/include -isystem /opt/conda/lib/python3.11/site-packages/torch/include/TH -isystem /opt/conda/lib/python3.11/site-packages/torch/include/THC -isystem /usr/local/cuda/include -isystem /opt/conda/include/python3.11 -D_GLIBCXX_USE_CXX11_ABI=0 -D__CUDA_NO_HALF_OPERATORS__ -D__CUDA_NO_HALF_CONVERSIONS__ -D__CUDA_NO_BFLOAT16_CONVERSIONS__ -D__CUDA_NO_HALF2_OPERATORS__ --expt-relaxed-constexpr -gencode=arch=compute_86,code=sm_86 --compiler-options '-fPIC' -O3 --use_fast_math -std=c++17 -c /opt/conda/lib/python3.11/site-packages/gsplat/cuda/csrc/quat_scale_to_covar_preci_fwd.cu -o quat_scale_to_covar_preci_fwd.cuda.o 
[5/26] /usr/local/cuda/bin/nvcc --generate-dependencies-with-compile --dependency-output fully_fused_projection_fwd.cuda.o.d -DTORCH_EXTENSION_NAME=gsplat_cuda -DTORCH_API_INCLUDE_EXTENSION_H -DPYBIND11_COMPILER_TYPE=\"_gcc\" -DPYBIND11_STDLIB=\"_libstdcpp\" -DPYBIND11_BUILD_ABI=\"_cxxabi1011\" -I/opt/conda/lib/python3.11/site-packages/gsplat/cuda/csrc -I/opt/conda/lib/python3.11/site-packages/gsplat/cuda/csrc/third_party/glm -isystem /opt/conda/lib/python3.11/site-packages/torch/include -isystem /opt/conda/lib/python3.11/site-packages/torch/include/torch/csrc/api/include -isystem /opt/conda/lib/python3.11/site-packages/torch/include/TH -isystem /opt/conda/lib/python3.11/site-packages/torch/include/THC -isystem /usr/local/cuda/include -isystem /opt/conda/include/python3.11 -D_GLIBCXX_USE_CXX11_ABI=0 -D__CUDA_NO_HALF_OPERATORS__ -D__CUDA_NO_HALF_CONVERSIONS__ -D__CUDA_NO_BFLOAT16_CONVERSIONS__ -D__CUDA_NO_HALF2_OPERATORS__ --expt-relaxed-constexpr -gencode=arch=compute_86,code=sm_86 --compiler-options '-fPIC' -O3 --use_fast_math -std=c++17 -c /opt/conda/lib/python3.11/site-packages/gsplat/cuda/csrc/fully_fused_projection_fwd.cu -o fully_fused_projection_fwd.cuda.o 
[6/26] /usr/local/cuda/bin/nvcc --generate-dependencies-with-compile --dependency-output fully_fused_projection_2dgs_bwd.cuda.o.d -DTORCH_EXTENSION_NAME=gsplat_cuda -DTORCH_API_INCLUDE_EXTENSION_H -DPYBIND11_COMPILER_TYPE=\"_gcc\" -DPYBIND11_STDLIB=\"_libstdcpp\" -DPYBIND11_BUILD_ABI=\"_cxxabi1011\" -I/opt/conda/lib/python3.11/site-packages/gsplat/cuda/csrc -I/opt/conda/lib/python3.11/site-packages/gsplat/cuda/csrc/third_party/glm -isystem /opt/conda/lib/python3.11/site-packages/torch/include -isystem /opt/conda/lib/python3.11/site-packages/torch/include/torch/csrc/api/include -isystem /opt/conda/lib/python3.11/site-packages/torch/include/TH -isystem /opt/conda/lib/python3.11/site-packages/torch/include/THC -isystem /usr/local/cuda/include -isystem /opt/conda/include/python3.11 -D_GLIBCXX_USE_CXX11_ABI=0 -D__CUDA_NO_HALF_OPERATORS__ -D__CUDA_NO_HALF_CONVERSIONS__ -D__CUDA_NO_BFLOAT16_CONVERSIONS__ -D__CUDA_NO_HALF2_OPERATORS__ --expt-relaxed-constexpr -gencode=arch=compute_86,code=sm_86 --compiler-options '-fPIC' -O3 --use_fast_math -std=c++17 -c /opt/conda/lib/python3.11/site-packages/gsplat/cuda/csrc/fully_fused_projection_2dgs_bwd.cu -o fully_fused_projection_2dgs_bwd.cuda.o 
[7/26] /usr/local/cuda/bin/nvcc --generate-dependencies-with-compile --dependency-output fully_fused_projection_2dgs_fwd.cuda.o.d -DTORCH_EXTENSION_NAME=gsplat_cuda -DTORCH_API_INCLUDE_EXTENSION_H -DPYBIND11_COMPILER_TYPE=\"_gcc\" -DPYBIND11_STDLIB=\"_libstdcpp\" -DPYBIND11_BUILD_ABI=\"_cxxabi1011\" -I/opt/conda/lib/python3.11/site-packages/gsplat/cuda/csrc -I/opt/conda/lib/python3.11/site-packages/gsplat/cuda/csrc/third_party/glm -isystem /opt/conda/lib/python3.11/site-packages/torch/include -isystem /opt/conda/lib/python3.11/site-packages/torch/include/torch/csrc/api/include -isystem /opt/conda/lib/python3.11/site-packages/torch/include/TH -isystem /opt/conda/lib/python3.11/site-packages/torch/include/THC -isystem /usr/local/cuda/include -isystem /opt/conda/include/python3.11 -D_GLIBCXX_USE_CXX11_ABI=0 -D__CUDA_NO_HALF_OPERATORS__ -D__CUDA_NO_HALF_CONVERSIONS__ -D__CUDA_NO_BFLOAT16_CONVERSIONS__ -D__CUDA_NO_HALF2_OPERATORS__ --expt-relaxed-constexpr -gencode=arch=compute_86,code=sm_86 --compiler-options '-fPIC' -O3 --use_fast_math -std=c++17 -c /opt/conda/lib/python3.11/site-packages/gsplat/cuda/csrc/fully_fused_projection_2dgs_fwd.cu -o fully_fused_projection_2dgs_fwd.cuda.o 
[8/26] /usr/local/cuda/bin/nvcc --generate-dependencies-with-compile --dependency-output world_to_cam_bwd.cuda.o.d -DTORCH_EXTENSION_NAME=gsplat_cuda -DTORCH_API_INCLUDE_EXTENSION_H -DPYBIND11_COMPILER_TYPE=\"_gcc\" -DPYBIND11_STDLIB=\"_libstdcpp\" -DPYBIND11_BUILD_ABI=\"_cxxabi1011\" -I/opt/conda/lib/python3.11/site-packages/gsplat/cuda/csrc -I/opt/conda/lib/python3.11/site-packages/gsplat/cuda/csrc/third_party/glm -isystem /opt/conda/lib/python3.11/site-packages/torch/include -isystem /opt/conda/lib/python3.11/site-packages/torch/include/torch/csrc/api/include -isystem /opt/conda/lib/python3.11/site-packages/torch/include/TH -isystem /opt/conda/lib/python3.11/site-packages/torch/include/THC -isystem /usr/local/cuda/include -isystem /opt/conda/include/python3.11 -D_GLIBCXX_USE_CXX11_ABI=0 -D__CUDA_NO_HALF_OPERATORS__ -D__CUDA_NO_HALF_CONVERSIONS__ -D__CUDA_NO_BFLOAT16_CONVERSIONS__ -D__CUDA_NO_HALF2_OPERATORS__ --expt-relaxed-constexpr -gencode=arch=compute_86,code=sm_86 --compiler-options '-fPIC' -O3 --use_fast_math -std=c++17 -c /opt/conda/lib/python3.11/site-packages/gsplat/cuda/csrc/world_to_cam_bwd.cu -o world_to_cam_bwd.cuda.o 
[9/26] /usr/local/cuda/bin/nvcc --generate-dependencies-with-compile --dependency-output rasterize_to_pixels_fwd.cuda.o.d -DTORCH_EXTENSION_NAME=gsplat_cuda -DTORCH_API_INCLUDE_EXTENSION_H -DPYBIND11_COMPILER_TYPE=\"_gcc\" -DPYBIND11_STDLIB=\"_libstdcpp\" -DPYBIND11_BUILD_ABI=\"_cxxabi1011\" -I/opt/conda/lib/python3.11/site-packages/gsplat/cuda/csrc -I/opt/conda/lib/python3.11/site-packages/gsplat/cuda/csrc/third_party/glm -isystem /opt/conda/lib/python3.11/site-packages/torch/include -isystem /opt/conda/lib/python3.11/site-packages/torch/include/torch/csrc/api/include -isystem /opt/conda/lib/python3.11/site-packages/torch/include/TH -isystem /opt/conda/lib/python3.11/site-packages/torch/include/THC -isystem /usr/local/cuda/include -isystem /opt/conda/include/python3.11 -D_GLIBCXX_USE_CXX11_ABI=0 -D__CUDA_NO_HALF_OPERATORS__ -D__CUDA_NO_HALF_CONVERSIONS__ -D__CUDA_NO_BFLOAT16_CONVERSIONS__ -D__CUDA_NO_HALF2_OPERATORS__ --expt-relaxed-constexpr -gencode=arch=compute_86,code=sm_86 --compiler-options '-fPIC' -O3 --use_fast_math -std=c++17 -c /opt/conda/lib/python3.11/site-packages/gsplat/cuda/csrc/rasterize_to_pixels_fwd.cu -o rasterize_to_pixels_fwd.cuda.o 
[10/26] /usr/local/cuda/bin/nvcc --generate-dependencies-with-compile --dependency-output rasterize_to_pixels_2dgs_fwd.cuda.o.d -DTORCH_EXTENSION_NAME=gsplat_cuda -DTORCH_API_INCLUDE_EXTENSION_H -DPYBIND11_COMPILER_TYPE=\"_gcc\" -DPYBIND11_STDLIB=\"_libstdcpp\" -DPYBIND11_BUILD_ABI=\"_cxxabi1011\" -I/opt/conda/lib/python3.11/site-packages/gsplat/cuda/csrc -I/opt/conda/lib/python3.11/site-packages/gsplat/cuda/csrc/third_party/glm -isystem /opt/conda/lib/python3.11/site-packages/torch/include -isystem /opt/conda/lib/python3.11/site-packages/torch/include/torch/csrc/api/include -isystem /opt/conda/lib/python3.11/site-packages/torch/include/TH -isystem /opt/conda/lib/python3.11/site-packages/torch/include/THC -isystem /usr/local/cuda/include -isystem /opt/conda/include/python3.11 -D_GLIBCXX_USE_CXX11_ABI=0 -D__CUDA_NO_HALF_OPERATORS__ -D__CUDA_NO_HALF_CONVERSIONS__ -D__CUDA_NO_BFLOAT16_CONVERSIONS__ -D__CUDA_NO_HALF2_OPERATORS__ --expt-relaxed-constexpr -gencode=arch=compute_86,code=sm_86 --compiler-options '-fPIC' -O3 --use_fast_math -std=c++17 -c /opt/conda/lib/python3.11/site-packages/gsplat/cuda/csrc/rasterize_to_pixels_2dgs_fwd.cu -o rasterize_to_pixels_2dgs_fwd.cuda.o 
ninja: build stopped: subcommand failed.

