=== baseline ===
[baseline] loading + grouping...
  total=5270672, in_bbox=331540
  wrote baseline_oblique_vert_wall.png  (N=114717, frac_green=29.6%)
  wrote baseline_oblique_horiz_terrain.png  (N=18193, frac_green=94.4%)
  wrote baseline_oblique_horiz_roof.png  (N=196209, frac_green=90.9%)
  wrote baseline_oblique_group_dev.png  (N=235629, frac_green=45.7%)
  wrote baseline_oblique_coplanar_dev.png  (N=235629, frac_green=96.0%)
  wrote baseline_front_vert_wall.png  (N=114717, frac_green=29.6%)
  wrote baseline_front_horiz_terrain.png  (N=18193, frac_green=94.4%)
  wrote baseline_front_horiz_roof.png  (N=196209, frac_green=90.9%)
  wrote baseline_front_group_dev.png  (N=235629, frac_green=45.7%)
  wrote baseline_front_coplanar_dev.png  (N=235629, frac_green=96.0%)
=== mutual ===
[mutual] loading + grouping...
  total=5212551, in_bbox=327309
  wrote mutual_oblique_vert_wall.png  (N=55362, frac_green=94.5%)
  wrote mutual_oblique_horiz_terrain.png  (N=12299, frac_green=98.5%)
  wrote mutual_oblique_horiz_roof.png  (N=207009, frac_green=61.1%)
  wrote mutual_oblique_group_dev.png  (N=188082, frac_green=37.2%)
  wrote mutual_oblique_coplanar_dev.png  (N=188082, frac_green=95.0%)
  wrote mutual_front_vert_wall.png  (N=55362, frac_green=94.5%)
  wrote mutual_front_horiz_terrain.png  (N=12299, frac_green=98.5%)
  wrote mutual_front_horiz_roof.png  (N=207009, frac_green=61.1%)
  wrote mutual_front_group_dev.png  (N=188082, frac_green=37.2%)
  wrote mutual_front_coplanar_dev.png  (N=188082, frac_green=95.0%)
=== structure ===
[structure] loading + grouping...
  total=5274035, in_bbox=331013
  wrote structure_oblique_vert_wall.png  (N=114714, frac_green=30.0%)
  wrote structure_oblique_horiz_terrain.png  (N=18725, frac_green=96.0%)
  wrote structure_oblique_horiz_roof.png  (N=195101, frac_green=93.1%)
  wrote structure_oblique_group_dev.png  (N=243841, frac_green=67.1%)
  wrote structure_oblique_coplanar_dev.png  (N=243841, frac_green=97.6%)
  wrote structure_front_vert_wall.png  (N=114714, frac_green=30.0%)
  wrote structure_front_horiz_terrain.png  (N=18725, frac_green=96.0%)
  wrote structure_front_horiz_roof.png  (N=195101, frac_green=93.1%)
  wrote structure_front_group_dev.png  (N=243841, frac_green=67.1%)
  wrote structure_front_coplanar_dev.png  (N=243841, frac_green=97.6%)
=== both ===
[both] loading + grouping...
  total=5263854, in_bbox=331979
  wrote both_oblique_vert_wall.png  (N=57740, frac_green=95.0%)
  wrote both_oblique_horiz_terrain.png  (N=12689, frac_green=98.3%)
  wrote both_oblique_horiz_roof.png  (N=209017, frac_green=64.6%)
  wrote both_oblique_group_dev.png  (N=198619, frac_green=58.0%)
  wrote both_oblique_coplanar_dev.png  (N=198619, frac_green=97.7%)
  wrote both_front_vert_wall.png  (N=57740, frac_green=95.0%)
  wrote both_front_horiz_terrain.png  (N=12689, frac_green=98.3%)
  wrote both_front_horiz_roof.png  (N=209017, frac_green=64.6%)
  wrote both_front_group_dev.png  (N=198619, frac_green=58.0%)
  wrote both_front_coplanar_dev.png  (N=198619, frac_green=97.7%)
=== DONE ===
